training subset: 200 videos
ViT's param: 86227200, Adapter's params: 4004364, ratio: 4.6%
Warning: no pretrain path is provided, the backbone will be randomly initialized, unless you have initialized the weights in the model.py.
freeze_backbone: False, norm_eval: False
ViT's param: 86227200, Adapter's params: 4004364, ratio: 4.6%
Warning: no pretrain path is provided, the backbone will be randomly initialized, unless you have initialized the weights in the model.py.
freeze_backbone: False, norm_eval: False
09/14 10:21:52 - mmengine - WARNING - "FileClient" will be deprecated in future. Please use io functions in https://mmengine.readthedocs.io/en/latest/api/fileio.html#file-io
09/14 10:21:52 - mmengine - WARNING - "FileClient" will be deprecated in future. Please use io functions in https://mmengine.readthedocs.io/en/latest/api/fileio.html#file-io
09/14 10:21:52 - mmengine - WARNING - "HardDiskBackend" is the alias of "LocalBackend" and the former will be deprecated in future.
09/14 10:21:52 - mmengine - WARNING - "HardDiskBackend" is the alias of "LocalBackend" and the former will be deprecated in future.
/data/run01/sczc063/yuzibo/conda_envs/opentad/lib/python3.10/site-packages/torch/nn/modules/conv.py:459: UserWarning: Applied workaround for CuDNN issue, install nvrtc.so (Triggered internally at /opt/conda/conda-bld/pytorch_1682343995026/work/aten/src/ATen/native/cudnn/Conv_v8.cpp:80.)
  return F.conv2d(input, weight, bias, self.stride,
09/14 10:22:15 - mmengine - WARNING - "FileClient" will be deprecated in future. Please use io functions in https://mmengine.readthedocs.io/en/latest/api/fileio.html#file-io
09/14 10:22:15 - mmengine - WARNING - "FileClient" will be deprecated in future. Please use io functions in https://mmengine.readthedocs.io/en/latest/api/fileio.html#file-io
09/14 10:22:15 - mmengine - WARNING - "HardDiskBackend" is the alias of "LocalBackend" and the former will be deprecated in future.
09/14 10:22:15 - mmengine - WARNING - "HardDiskBackend" is the alias of "LocalBackend" and the former will be deprecated in future.
training subset: 200 videos
ViT's param: 86227200, Adapter's params: 4004364, ratio: 4.6%
Warning: no pretrain path is provided, the backbone will be randomly initialized, unless you have initialized the weights in the model.py.
freeze_backbone: False, norm_eval: False
ViT's param: 86227200, Adapter's params: 4004364, ratio: 4.6%
Warning: no pretrain path is provided, the backbone will be randomly initialized, unless you have initialized the weights in the model.py.
freeze_backbone: False, norm_eval: False
09/14 10:23:05 - mmengine - WARNING - "FileClient" will be deprecated in future. Please use io functions in https://mmengine.readthedocs.io/en/latest/api/fileio.html#file-io
09/14 10:23:05 - mmengine - WARNING - "FileClient" will be deprecated in future. Please use io functions in https://mmengine.readthedocs.io/en/latest/api/fileio.html#file-io
09/14 10:23:05 - mmengine - WARNING - "HardDiskBackend" is the alias of "LocalBackend" and the former will be deprecated in future.
09/14 10:23:05 - mmengine - WARNING - "HardDiskBackend" is the alias of "LocalBackend" and the former will be deprecated in future.
/data/run01/sczc063/yuzibo/conda_envs/opentad/lib/python3.10/site-packages/torch/nn/modules/conv.py:459: UserWarning: Applied workaround for CuDNN issue, install nvrtc.so (Triggered internally at /opt/conda/conda-bld/pytorch_1682343995026/work/aten/src/ATen/native/cudnn/Conv_v8.cpp:80.)
  return F.conv2d(input, weight, bias, self.stride,
09/14 10:23:22 - mmengine - WARNING - "FileClient" will be deprecated in future. Please use io functions in https://mmengine.readthedocs.io/en/latest/api/fileio.html#file-io
09/14 10:23:22 - mmengine - WARNING - "FileClient" will be deprecated in future. Please use io functions in https://mmengine.readthedocs.io/en/latest/api/fileio.html#file-io
09/14 10:23:22 - mmengine - WARNING - "HardDiskBackend" is the alias of "LocalBackend" and the former will be deprecated in future.
09/14 10:23:22 - mmengine - WARNING - "HardDiskBackend" is the alias of "LocalBackend" and the former will be deprecated in future.
{"epoch": 1, "successful_updates": 20, "losses": {"task": 0.5554000064730644, "full_task": 0.4313345104455948, "self_feature": 1.723421335220337, "feature": 1.9091726541519165, "loss_actionness": 0.11156968772411346, "loss_transition": 0.6525496244430542, "loss_boundary": 0.0022256683150772005, "cost": 3.511093497276306}, "peak_gib": 14.430403232574463}
{"epoch": 1, "successful_updates": 40, "losses": {"task": 0.3232886791229248, "full_task": 0.3104645311832428, "self_feature": 1.0039933621883392, "feature": 1.1282210052013397, "loss_actionness": 0.19408180564641953, "loss_transition": 0.6581474840641022, "loss_boundary": 0.0028172159800305963, "cost": 2.4845718145370483}, "peak_gib": 14.434041500091553}
{"epoch": 1, "successful_updates": 60, "losses": {"task": 0.4250836819410324, "full_task": 0.3697904199361801, "self_feature": 1.1617738604545593, "feature": 1.4115800261497498, "loss_actionness": 0.13257699459791183, "loss_transition": 0.6653688549995422, "loss_boundary": 5.075455010228325e-05, "cost": 2.8432852029800415}, "peak_gib": 14.434041500091553}
{"epoch": 1, "successful_updates": 80, "losses": {"task": 0.08962473645806313, "full_task": 0.0669080875813961, "self_feature": 1.3372339606285095, "feature": 1.520572006702423, "loss_actionness": 0.11815579980611801, "loss_transition": 0.6323975622653961, "loss_boundary": 0.00103555824898649, "cost": 2.5122361183166504}, "peak_gib": 14.434041500091553}
{"epoch": 1, "successful_updates": 100, "losses": {"task": 0.4149455353617668, "full_task": 0.4572581499814987, "self_feature": 0.6503680050373077, "feature": 1.0309752225875854, "loss_actionness": 0.19874226301908493, "loss_transition": 0.628893256187439, "loss_boundary": 0.0015076637355377898, "cost": 2.454415202140808}, "peak_gib": 14.434041500091553}
09/14 10:31:41 - mmengine - WARNING - "FileClient" will be deprecated in future. Please use io functions in https://mmengine.readthedocs.io/en/latest/api/fileio.html#file-io
09/14 10:31:41 - mmengine - WARNING - "HardDiskBackend" is the alias of "LocalBackend" and the former will be deprecated in future.
09/14 10:31:41 - mmengine - WARNING - "FileClient" will be deprecated in future. Please use io functions in https://mmengine.readthedocs.io/en/latest/api/fileio.html#file-io
09/14 10:31:41 - mmengine - WARNING - "HardDiskBackend" is the alias of "LocalBackend" and the former will be deprecated in future.
{"epoch": 2, "successful_updates": 120, "losses": {"task": 0.13283194974064827, "full_task": 0.10360477678477764, "self_feature": 1.2700613737106323, "feature": 1.5729317665100098, "loss_actionness": 0.14181990176439285, "loss_transition": 0.6623315215110779, "loss_boundary": 4.097239980183076e-05, "cost": 2.6628633737564087}, "peak_gib": 14.434049129486084}
{"epoch": 2, "successful_updates": 140, "losses": {"task": 0.13481232151389122, "full_task": 0.09879980981349945, "self_feature": 0.953788548707962, "feature": 1.2448502779006958, "loss_actionness": 0.12151441350579262, "loss_transition": 0.5695076584815979, "loss_boundary": 0.0002572472167230444, "cost": 2.1910208463668823}, "peak_gib": 14.434049129486084}
{"epoch": 2, "successful_updates": 160, "losses": {"task": 0.5315870866179466, "full_task": 0.5300087630748749, "self_feature": 0.733709305524826, "feature": 1.052136778831482, "loss_actionness": 0.1576567366719246, "loss_transition": 0.604354977607727, "loss_boundary": 0.0015489956203964539, "cost": 2.5531577467918396}, "peak_gib": 14.434049129486084}
{"epoch": 2, "successful_updates": 180, "losses": {"task": 0.16502956300973892, "full_task": 0.11908411607146263, "self_feature": 0.909178227186203, "feature": 1.1396775245666504, "loss_actionness": 0.13197775930166245, "loss_transition": 0.6434978246688843, "loss_boundary": 3.0852450436213985e-05, "cost": 2.2009024620056152}, "peak_gib": 14.434049129486084}
{"epoch": 2, "successful_updates": 200, "losses": {"task": 0.7932813167572021, "full_task": 0.5132142901420593, "self_feature": 1.1120928525924683, "feature": 1.3834838271141052, "loss_actionness": 0.16008827462792397, "loss_transition": 0.6602016985416412, "loss_boundary": 0.002682256745174527, "cost": 3.2392501831054688}, "peak_gib": 14.434049129486084}
09/14 10:38:43 - mmengine - WARNING - "FileClient" will be deprecated in future. Please use io functions in https://mmengine.readthedocs.io/en/latest/api/fileio.html#file-io
09/14 10:38:43 - mmengine - WARNING - "FileClient" will be deprecated in future. Please use io functions in https://mmengine.readthedocs.io/en/latest/api/fileio.html#file-io
09/14 10:38:43 - mmengine - WARNING - "HardDiskBackend" is the alias of "LocalBackend" and the former will be deprecated in future.
09/14 10:38:43 - mmengine - WARNING - "HardDiskBackend" is the alias of "LocalBackend" and the former will be deprecated in future.
{"epoch": 3, "successful_updates": 220, "losses": {"task": 0.19403324276208878, "full_task": 0.18091975152492523, "self_feature": 0.6285991817712784, "feature": 1.038123995065689, "loss_actionness": 0.19388658553361893, "loss_transition": 0.58387890458107, "loss_boundary": 0.0014579807484551566, "cost": 2.119470536708832}, "peak_gib": 14.666272163391113}
{"epoch": 3, "successful_updates": 240, "losses": {"task": 0.09822887927293777, "full_task": 0.05628834292292595, "self_feature": 1.0360013544559479, "feature": 1.278232455253601, "loss_actionness": 0.1047305278480053, "loss_transition": 0.5752639919519424, "loss_boundary": 3.085244861722458e-05, "cost": 2.174158811569214}, "peak_gib": 14.724712371826172}
{"epoch": 3, "successful_updates": 260, "losses": {"task": 0.7423798590898514, "full_task": 0.5779111683368683, "self_feature": 1.0654082298278809, "feature": 1.3089452981948853, "loss_actionness": 0.16610342264175415, "loss_transition": 0.6399730443954468, "loss_boundary": 0.0016963890375336632, "cost": 3.1101166009902954}, "peak_gib": 14.724712371826172}
{"epoch": 3, "successful_updates": 280, "losses": {"task": 1.06365767121315, "full_task": 0.9739788174629211, "self_feature": 0.7861709296703339, "feature": 1.007131665945053, "loss_actionness": 0.16235022991895676, "loss_transition": 0.6635408401489258, "loss_boundary": 0.0031209171283990145, "cost": 3.2219130992889404}, "peak_gib": 14.724712371826172}
{"epoch": 3, "successful_updates": 300, "losses": {"task": 0.13958882167935371, "full_task": 0.1439128965139389, "self_feature": 1.0962327420711517, "feature": 1.362674057483673, "loss_actionness": 0.10778354108333588, "loss_transition": 0.5936371088027954, "loss_boundary": 3.085244861722458e-05, "cost": 2.349315643310547}, "peak_gib": 14.724712371826172}
09/14 10:45:49 - mmengine - WARNING - "FileClient" will be deprecated in future. Please use io functions in https://mmengine.readthedocs.io/en/latest/api/fileio.html#file-io
09/14 10:45:49 - mmengine - WARNING - "FileClient" will be deprecated in future. Please use io functions in https://mmengine.readthedocs.io/en/latest/api/fileio.html#file-io
09/14 10:45:49 - mmengine - WARNING - "HardDiskBackend" is the alias of "LocalBackend" and the former will be deprecated in future.
09/14 10:45:49 - mmengine - WARNING - "HardDiskBackend" is the alias of "LocalBackend" and the former will be deprecated in future.
{"epoch": 4, "successful_updates": 320, "losses": {"task": 0.5163246840238571, "full_task": 0.44792991876602173, "self_feature": 1.036084234714508, "feature": 1.1793691515922546, "loss_actionness": 0.20616205036640167, "loss_transition": 0.6620878577232361, "loss_boundary": 0.0028464558999985456, "cost": 2.7823811769485474}, "peak_gib": 14.724712371826172}
{"epoch": 4, "successful_updates": 340, "losses": {"task": 1.257714956998825, "full_task": 1.2097213566303253, "self_feature": 0.9083080291748047, "feature": 1.1809837818145752, "loss_actionness": 0.17358021438121796, "loss_transition": 0.6596264541149139, "loss_boundary": 0.003144598565995693, "cost": 3.66831111907959}, "peak_gib": 14.724712371826172}
{"epoch": 4, "successful_updates": 360, "losses": {"task": 0.6733149215579033, "full_task": 0.6360230781137943, "self_feature": 0.8375996053218842, "feature": 1.0543453097343445, "loss_actionness": 0.12941864877939224, "loss_transition": 0.6574059724807739, "loss_boundary": 3.085244679823518e-05, "cost": 2.757281482219696}, "peak_gib": 14.724712371826172}
{"epoch": 4, "successful_updates": 380, "losses": {"task": 0.9393065124750137, "full_task": 0.7632406577467918, "self_feature": 1.2410860657691956, "feature": 1.4519228339195251, "loss_actionness": 0.1818254515528679, "loss_transition": 0.6654080450534821, "loss_boundary": 0.003003093763254583, "cost": 3.5563846826553345}, "peak_gib": 14.724712371826172}
{"epoch": 4, "successful_updates": 400, "losses": {"task": 0.4923952966928482, "full_task": 0.42088639736175537, "self_feature": 0.6955688893795013, "feature": 0.9646517336368561, "loss_actionness": 0.1791030317544937, "loss_transition": 0.64016193151474, "loss_boundary": 0.0015995800495147705, "cost": 2.4526901245117188}, "peak_gib": 14.724712371826172}
09/14 10:52:53 - mmengine - WARNING - "FileClient" will be deprecated in future. Please use io functions in https://mmengine.readthedocs.io/en/latest/api/fileio.html#file-io
09/14 10:52:53 - mmengine - WARNING - "FileClient" will be deprecated in future. Please use io functions in https://mmengine.readthedocs.io/en/latest/api/fileio.html#file-io
09/14 10:52:53 - mmengine - WARNING - "HardDiskBackend" is the alias of "LocalBackend" and the former will be deprecated in future.
09/14 10:52:53 - mmengine - WARNING - "HardDiskBackend" is the alias of "LocalBackend" and the former will be deprecated in future.
{"epoch": 5, "successful_updates": 420, "losses": {"task": 0.144979789853096, "full_task": 0.11756634712219238, "self_feature": 1.0244514346122742, "feature": 1.2780218720436096, "loss_actionness": 0.16760952025651932, "loss_transition": 0.6414297521114349, "loss_boundary": 3.0852450436213985e-05, "cost": 2.3639084100723267}, "peak_gib": 14.724712371826172}
{"epoch": 5, "successful_updates": 440, "losses": {"task": 0.2521851360797882, "full_task": 0.21297971904277802, "self_feature": 1.1911432147026062, "feature": 1.400562345981598, "loss_actionness": 0.14079438149929047, "loss_transition": 0.6599767208099365, "loss_boundary": 0.002797025954350829, "cost": 2.6286747455596924}, "peak_gib": 14.724712371826172}
{"epoch": 5, "successful_updates": 460, "losses": {"task": 0.04244408383965492, "full_task": 0.04023738205432892, "self_feature": 0.5258188247680664, "feature": 0.8636696040630341, "loss_actionness": 0.10381491109728813, "loss_transition": 0.5749518275260925, "loss_boundary": 0.0011118243292003172, "cost": 1.6486335396766663}, "peak_gib": 14.724712371826172}
{"epoch": 5, "successful_updates": 480, "losses": {"task": 0.1538812667131424, "full_task": 0.1474556028842926, "self_feature": 0.8600822687149048, "feature": 1.1250500082969666, "loss_actionness": 0.15788069367408752, "loss_transition": 0.6243723630905151, "loss_boundary": 3.085244679823518e-05, "cost": 2.184087336063385}, "peak_gib": 14.724973678588867}
{"epoch": 5, "successful_updates": 500, "losses": {"task": 1.2776227295398712, "full_task": 0.963691234588623, "self_feature": 1.244629144668579, "feature": 1.4765015840530396, "loss_actionness": 0.12632329016923904, "loss_transition": 0.6616752445697784, "loss_boundary": 0.0027718166820704937, "cost": 3.9102803468704224}, "peak_gib": 14.724973678588867}
09/14 10:59:49 - mmengine - WARNING - "FileClient" will be deprecated in future. Please use io functions in https://mmengine.readthedocs.io/en/latest/api/fileio.html#file-io
09/14 10:59:49 - mmengine - WARNING - "FileClient" will be deprecated in future. Please use io functions in https://mmengine.readthedocs.io/en/latest/api/fileio.html#file-io
09/14 10:59:49 - mmengine - WARNING - "HardDiskBackend" is the alias of "LocalBackend" and the former will be deprecated in future.
09/14 10:59:49 - mmengine - WARNING - "HardDiskBackend" is the alias of "LocalBackend" and the former will be deprecated in future.
{"epoch": 6, "successful_updates": 520, "losses": {"task": 0.22987273335456848, "full_task": 0.24401424825191498, "self_feature": 1.0399579107761383, "feature": 1.289734125137329, "loss_actionness": 0.1555667743086815, "loss_transition": 0.6435401439666748, "loss_boundary": 0.0016191028553294018, "cost": 2.4853322505950928}, "peak_gib": 14.724973678588867}
{"epoch": 6, "successful_updates": 540, "losses": {"task": 1.292592614889145, "full_task": 1.1838356852531433, "self_feature": 0.9371120929718018, "feature": 1.302612543106079, "loss_actionness": 0.15808582305908203, "loss_transition": 0.6645376086235046, "loss_boundary": 3.356559682288207e-05, "cost": 3.8075321912765503}, "peak_gib": 14.724973678588867}
{"epoch": 6, "successful_updates": 560, "losses": {"task": 0.499338835477829, "full_task": 0.4042048007249832, "self_feature": 1.0399576723575592, "feature": 1.198900282382965, "loss_actionness": 0.20580973476171494, "loss_transition": 0.623322457075119, "loss_boundary": 0.0017434688306821045, "cost": 2.7341617941856384}, "peak_gib": 14.724973678588867}
{"epoch": 6, "successful_updates": 580, "losses": {"task": 0.4703303761780262, "full_task": 0.5302654951810837, "self_feature": 0.7901863157749176, "feature": 1.0708509683609009, "loss_actionness": 0.17841637134552002, "loss_transition": 0.6327354609966278, "loss_boundary": 0.001732595352223143, "cost": 2.5656508803367615}, "peak_gib": 14.724973678588867}
{"epoch": 6, "successful_updates": 600, "losses": {"task": 0.20106332004070282, "full_task": 0.1870511695742607, "self_feature": 0.6472807824611664, "feature": 0.8014846742153168, "loss_actionness": 0.16480287164449692, "loss_transition": 0.6717960238456726, "loss_boundary": 3.0852450436213985e-05, "cost": 1.9506685137748718}, "peak_gib": 14.724973678588867}
09/14 11:06:49 - mmengine - WARNING - "FileClient" will be deprecated in future. Please use io functions in https://mmengine.readthedocs.io/en/latest/api/fileio.html#file-io
09/14 11:06:49 - mmengine - WARNING - "FileClient" will be deprecated in future. Please use io functions in https://mmengine.readthedocs.io/en/latest/api/fileio.html#file-io
09/14 11:06:49 - mmengine - WARNING - "HardDiskBackend" is the alias of "LocalBackend" and the former will be deprecated in future.
09/14 11:06:49 - mmengine - WARNING - "HardDiskBackend" is the alias of "LocalBackend" and the former will be deprecated in future.
{"epoch": 7, "successful_updates": 620, "losses": {"task": 0.2159103900194168, "full_task": 0.1705513298511505, "self_feature": 1.0571764707565308, "feature": 1.2668110728263855, "loss_actionness": 0.12057722359895706, "loss_transition": 0.6621392369270325, "loss_boundary": 0.002903597545810044, "cost": 2.4166969060897827}, "peak_gib": 14.724973678588867}
{"epoch": 7, "successful_updates": 640, "losses": {"task": 0.487925723195076, "full_task": 0.3917544186115265, "self_feature": 0.9852094054222107, "feature": 1.268959879875183, "loss_actionness": 0.1232050210237503, "loss_transition": 0.6601307094097137, "loss_boundary": 0.0027547726640477777, "cost": 2.73943555355072}, "peak_gib": 14.724973678588867}
{"epoch": 7, "successful_updates": 660, "losses": {"task": 0.27812837064266205, "full_task": 0.22851180285215378, "self_feature": 0.8980037868022919, "feature": 1.1477676033973694, "loss_actionness": 0.15266700088977814, "loss_transition": 0.6614791452884674, "loss_boundary": 4.065933171659708e-05, "cost": 2.3870110511779785}, "peak_gib": 14.724973678588867}
{"epoch": 7, "successful_updates": 680, "losses": {"task": 0.4999307096004486, "full_task": 0.3429516553878784, "self_feature": 1.1723054647445679, "feature": 1.465994656085968, "loss_actionness": 0.1176302582025528, "loss_transition": 0.662618488073349, "loss_boundary": 0.0030756553169339895, "cost": 2.9522182941436768}, "peak_gib": 14.724973678588867}
{"epoch": 7, "successful_updates": 700, "losses": {"task": 0.2696961760520935, "full_task": 0.2699893116950989, "self_feature": 0.5709155201911926, "feature": 0.8328865170478821, "loss_actionness": 0.12547766417264938, "loss_transition": 0.6063624024391174, "loss_boundary": 0.00139836608832411, "cost": 1.9604101181030273}, "peak_gib": 14.724973678588867}
09/14 11:13:51 - mmengine - WARNING - "FileClient" will be deprecated in future. Please use io functions in https://mmengine.readthedocs.io/en/latest/api/fileio.html#file-io
09/14 11:13:51 - mmengine - WARNING - "FileClient" will be deprecated in future. Please use io functions in https://mmengine.readthedocs.io/en/latest/api/fileio.html#file-io
09/14 11:13:51 - mmengine - WARNING - "HardDiskBackend" is the alias of "LocalBackend" and the former will be deprecated in future.
09/14 11:13:51 - mmengine - WARNING - "HardDiskBackend" is the alias of "LocalBackend" and the former will be deprecated in future.
{"epoch": 8, "successful_updates": 720, "losses": {"task": 0.5785109996795654, "full_task": 0.45811623334884644, "self_feature": 0.823039323091507, "feature": 1.0650407671928406, "loss_actionness": 0.14337288588285446, "loss_transition": 0.6649522483348846, "loss_boundary": 5.7689698223839514e-05, "cost": 2.6487677097320557}, "peak_gib": 14.724973678588867}
{"epoch": 8, "successful_updates": 740, "losses": {"task": 0.12986311316490173, "full_task": 0.0934109017252922, "self_feature": 0.950144499540329, "feature": 1.1324797868728638, "loss_actionness": 0.2096801996231079, "loss_transition": 0.661403477191925, "loss_boundary": 0.0028495914302766323, "cost": 2.254643440246582}, "peak_gib": 14.724973678588867}
{"epoch": 8, "successful_updates": 760, "losses": {"task": 0.9495797604322433, "full_task": 0.727310448884964, "self_feature": 1.1090166568756104, "feature": 1.3468810319900513, "loss_actionness": 0.1389709711074829, "loss_transition": 0.6656307876110077, "loss_boundary": 0.003177341422997415, "cost": 3.396969199180603}, "peak_gib": 14.724973678588867}
{"epoch": 8, "successful_updates": 780, "losses": {"task": 0.5695006772875786, "full_task": 0.42562104016542435, "self_feature": 0.867158979177475, "feature": 1.1994630098342896, "loss_actionness": 0.27005015313625336, "loss_transition": 0.6625879406929016, "loss_boundary": 3.0852450436213985e-05, "cost": 2.8947536945343018}, "peak_gib": 14.724973678588867}
{"epoch": 8, "successful_updates": 800, "losses": {"task": 0.4998410791158676, "full_task": 0.42633435875177383, "self_feature": 0.9132514894008636, "feature": 1.1090619564056396, "loss_actionness": 0.1267574243247509, "loss_transition": 0.6678390800952911, "loss_boundary": 0.0032983747078105807, "cost": 2.6047065258026123}, "peak_gib": 14.724973678588867}
09/14 11:20:47 - mmengine - WARNING - "FileClient" will be deprecated in future. Please use io functions in https://mmengine.readthedocs.io/en/latest/api/fileio.html#file-io
09/14 11:20:47 - mmengine - WARNING - "FileClient" will be deprecated in future. Please use io functions in https://mmengine.readthedocs.io/en/latest/api/fileio.html#file-io
09/14 11:20:47 - mmengine - WARNING - "HardDiskBackend" is the alias of "LocalBackend" and the former will be deprecated in future.
09/14 11:20:47 - mmengine - WARNING - "HardDiskBackend" is the alias of "LocalBackend" and the former will be deprecated in future.
{"epoch": 9, "successful_updates": 820, "losses": {"task": 0.174059197306633, "full_task": 0.15486566722393036, "self_feature": 0.8535703718662262, "feature": 1.1113287806510925, "loss_actionness": 0.22080422937870026, "loss_transition": 0.6108996868133545, "loss_boundary": 0.0014748744506505318, "cost": 2.242640197277069}, "peak_gib": 14.724973678588867}
{"epoch": 9, "successful_updates": 840, "losses": {"task": 0.5313635468482971, "full_task": 0.4892406314611435, "self_feature": 0.8997118473052979, "feature": 1.2183994054794312, "loss_actionness": 0.15408414602279663, "loss_transition": 0.6648063063621521, "loss_boundary": 3.085245225520339e-05, "cost": 2.780965566635132}, "peak_gib": 14.724973678588867}
{"epoch": 9, "successful_updates": 860, "losses": {"task": 0.39611147344112396, "full_task": 0.36888813972473145, "self_feature": 0.7887036800384521, "feature": 0.977402001619339, "loss_actionness": 0.14678393304347992, "loss_transition": 0.6655237972736359, "loss_boundary": 0.0029175118543207645, "cost": 2.3598310947418213}, "peak_gib": 14.724973678588867}
{"epoch": 9, "successful_updates": 880, "losses": {"task": 0.3053146004676819, "full_task": 0.2613394409418106, "self_feature": 0.587177649140358, "feature": 0.8857755959033966, "loss_actionness": 0.1333657056093216, "loss_transition": 0.6164481937885284, "loss_boundary": 0.00171954560209997, "cost": 2.0666763186454773}, "peak_gib": 14.724973678588867}
{"epoch": 9, "successful_updates": 900, "losses": {"task": 0.26765355467796326, "full_task": 0.29954731464385986, "self_feature": 0.6983975172042847, "feature": 0.8898158371448517, "loss_actionness": 0.12435861304402351, "loss_transition": 0.6520096957683563, "loss_boundary": 3.085245225520339e-05, "cost": 2.0785951018333435}, "peak_gib": 14.724973678588867}
09/14 11:27:54 - mmengine - WARNING - "FileClient" will be deprecated in future. Please use io functions in https://mmengine.readthedocs.io/en/latest/api/fileio.html#file-io
09/14 11:27:54 - mmengine - WARNING - "FileClient" will be deprecated in future. Please use io functions in https://mmengine.readthedocs.io/en/latest/api/fileio.html#file-io
09/14 11:27:54 - mmengine - WARNING - "HardDiskBackend" is the alias of "LocalBackend" and the former will be deprecated in future.
09/14 11:27:54 - mmengine - WARNING - "HardDiskBackend" is the alias of "LocalBackend" and the former will be deprecated in future.
{"epoch": 10, "successful_updates": 920, "losses": {"task": 0.06801684200763702, "full_task": 0.05442473944276571, "self_feature": 0.9078572690486908, "feature": 1.1193495392799377, "loss_actionness": 0.1836787536740303, "loss_transition": 0.5411098450422287, "loss_boundary": 3.0852450436213985e-05, "cost": 2.0165777802467346}, "peak_gib": 14.724973678588867}
{"epoch": 10, "successful_updates": 940, "losses": {"task": 0.4197257235646248, "full_task": 0.3200420178472996, "self_feature": 0.8162193894386292, "feature": 1.074778288602829, "loss_actionness": 0.15294375270605087, "loss_transition": 0.6622039377689362, "loss_boundary": 0.0030020548729225993, "cost": 2.474286198616028}, "peak_gib": 14.724973678588867}
{"epoch": 10, "successful_updates": 960, "losses": {"task": 0.3373058829456568, "full_task": 0.33659128472208977, "self_feature": 0.860614001750946, "feature": 1.1255049109458923, "loss_actionness": 0.10327086970210075, "loss_transition": 0.6338590383529663, "loss_boundary": 3.085245225520339e-05, "cost": 2.3701807856559753}, "peak_gib": 14.724973678588867}
{"epoch": 10, "successful_updates": 980, "losses": {"task": 0.34449251741170883, "full_task": 0.27252297103405, "self_feature": 0.9760772585868835, "feature": 1.2083610892295837, "loss_actionness": 0.15956396609544754, "loss_transition": 0.5843470692634583, "loss_boundary": 5.8828254623222165e-05, "cost": 2.4625619649887085}, "peak_gib": 14.724973678588867}
{"epoch": 10, "successful_updates": 1000, "losses": {"task": 0.20192053448408842, "full_task": 0.18368315044790506, "self_feature": 0.6460955888032913, "feature": 0.9902177453041077, "loss_actionness": 0.1350262425839901, "loss_transition": 0.5956385731697083, "loss_boundary": 0.001621339557459578, "cost": 2.0349546670913696}, "peak_gib": 14.724973678588867}
validation subset: 211 videos, truncated as 792 windows.
09/14 11:34:56 - mmengine - WARNING - "FileClient" will be deprecated in future. Please use io functions in https://mmengine.readthedocs.io/en/latest/api/fileio.html#file-io
09/14 11:34:56 - mmengine - WARNING - "FileClient" will be deprecated in future. Please use io functions in https://mmengine.readthedocs.io/en/latest/api/fileio.html#file-io
09/14 11:34:56 - mmengine - WARNING - "HardDiskBackend" is the alias of "LocalBackend" and the former will be deprecated in future.
09/14 11:34:56 - mmengine - WARNING - "HardDiskBackend" is the alias of "LocalBackend" and the former will be deprecated in future.
thumos_b_point_full_seed42 10: 1/792
thumos_b_point_full_seed42 10: 101/792
thumos_b_point_full_seed42 10: 201/792
thumos_b_point_full_seed42 10: 301/792
thumos_b_point_full_seed42 10: 401/792
thumos_b_point_full_seed42 10: 501/792
thumos_b_point_full_seed42 10: 601/792
thumos_b_point_full_seed42 10: 701/792
{'average_mAP': 0.6816849690323182, 'mAP@0.3': 0.8324485488213031, 'mAP@0.4': 0.7832178234805603, 'mAP@0.5': 0.709535531115107, 'mAP@0.6': 0.6104363917363422, 'mAP@0.7': 0.4727865500082786}
09/14 11:59:19 - mmengine - WARNING - "FileClient" will be deprecated in future. Please use io functions in https://mmengine.readthedocs.io/en/latest/api/fileio.html#file-io
09/14 11:59:19 - mmengine - WARNING - "FileClient" will be deprecated in future. Please use io functions in https://mmengine.readthedocs.io/en/latest/api/fileio.html#file-io
09/14 11:59:19 - mmengine - WARNING - "HardDiskBackend" is the alias of "LocalBackend" and the former will be deprecated in future.
09/14 11:59:19 - mmengine - WARNING - "HardDiskBackend" is the alias of "LocalBackend" and the former will be deprecated in future.
{"epoch": 11, "successful_updates": 1020, "losses": {"task": 0.09125721268355846, "full_task": 0.08910486660897732, "self_feature": 0.8603552877902985, "feature": 1.0846537947654724, "loss_actionness": 0.17459722608327866, "loss_transition": 0.6481533646583557, "loss_boundary": 3.085244861722458e-05, "cost": 2.1070040464401245}, "peak_gib": 14.435238361358643}
{"epoch": 11, "successful_updates": 1040, "losses": {"task": 0.3024420440196991, "full_task": 0.23791807144880295, "self_feature": 1.1701797246932983, "feature": 1.3867428302764893, "loss_actionness": 0.13614482432603836, "loss_transition": 0.6625257730484009, "loss_boundary": 0.003097901353612542, "cost": 2.667450785636902}, "peak_gib": 14.672718048095703}
{"epoch": 11, "successful_updates": 1060, "losses": {"task": 1.1890990138053894, "full_task": 1.1164384335279465, "self_feature": 1.0040694773197174, "feature": 1.2957319021224976, "loss_actionness": 0.12612151354551315, "loss_transition": 0.6625990271568298, "loss_boundary": 0.0029790843836963177, "cost": 3.656047224998474}, "peak_gib": 14.721154689788818}
{"epoch": 11, "successful_updates": 1080, "losses": {"task": 0.44664035737514496, "full_task": 0.3383947778493166, "self_feature": 0.8253678381443024, "feature": 1.0952234268188477, "loss_actionness": 0.1189299151301384, "loss_transition": 0.6617540121078491, "loss_boundary": 3.088654193561524e-05, "cost": 2.4897140860557556}, "peak_gib": 14.721154689788818}
{"epoch": 11, "successful_updates": 1100, "losses": {"task": 0.2842090483754873, "full_task": 0.255290899425745, "self_feature": 0.951285183429718, "feature": 1.1043749749660492, "loss_actionness": 0.1680537313222885, "loss_transition": 0.6665945649147034, "loss_boundary": 0.0031132138101384044, "cost": 2.3852967023849487}, "peak_gib": 14.721154689788818}
09/14 12:06:18 - mmengine - WARNING - "FileClient" will be deprecated in future. Please use io functions in https://mmengine.readthedocs.io/en/latest/api/fileio.html#file-io
09/14 12:06:18 - mmengine - WARNING - "FileClient" will be deprecated in future. Please use io functions in https://mmengine.readthedocs.io/en/latest/api/fileio.html#file-io
09/14 12:06:18 - mmengine - WARNING - "HardDiskBackend" is the alias of "LocalBackend" and the former will be deprecated in future.
09/14 12:06:18 - mmengine - WARNING - "HardDiskBackend" is the alias of "LocalBackend" and the former will be deprecated in future.
{"epoch": 12, "successful_updates": 1120, "losses": {"task": 0.1828196570277214, "full_task": 0.16011328995227814, "self_feature": 0.9166834950447083, "feature": 1.2289931178092957, "loss_actionness": 0.12685248255729675, "loss_transition": 0.6407693028450012, "loss_boundary": 0.001690527809842024, "cost": 2.312821626663208}, "peak_gib": 14.721154689788818}
{"epoch": 12, "successful_updates": 1140, "losses": {"task": 0.1940101683139801, "full_task": 0.18692948669195175, "self_feature": 0.8158236145973206, "feature": 1.0769045948982239, "loss_actionness": 0.2313494235277176, "loss_transition": 0.6567672193050385, "loss_boundary": 8.37295319797704e-05, "cost": 2.2874298095703125}, "peak_gib": 14.721154689788818}
{"epoch": 12, "successful_updates": 1160, "losses": {"task": 0.11629172042012215, "full_task": 0.10275480709969997, "self_feature": 1.130969226360321, "feature": 1.330588459968567, "loss_actionness": 0.1551213376224041, "loss_transition": 0.5805815011262894, "loss_boundary": 0.001404590120728244, "cost": 2.322773277759552}, "peak_gib": 14.721154689788818}
{"epoch": 12, "successful_updates": 1180, "losses": {"task": 0.2796409875154495, "full_task": 0.24282966554164886, "self_feature": 0.807516485452652, "feature": 1.033184140920639, "loss_actionness": 0.1933402195572853, "loss_transition": 0.6657975018024445, "loss_boundary": 0.0030899522826075554, "cost": 2.3165117502212524}, "peak_gib": 14.721154689788818}
{"epoch": 12, "successful_updates": 1200, "losses": {"task": 0.2644692659378052, "full_task": 0.2531612366437912, "self_feature": 0.7505629062652588, "feature": 1.0274356305599213, "loss_actionness": 0.1320628970861435, "loss_transition": 0.6697271764278412, "loss_boundary": 3.085244861722458e-05, "cost": 2.2320722341537476}, "peak_gib": 14.728719711303711}
09/14 12:13:09 - mmengine - WARNING - "FileClient" will be deprecated in future. Please use io functions in https://mmengine.readthedocs.io/en/latest/api/fileio.html#file-io
09/14 12:13:09 - mmengine - WARNING - "HardDiskBackend" is the alias of "LocalBackend" and the former will be deprecated in future.
09/14 12:13:09 - mmengine - WARNING - "FileClient" will be deprecated in future. Please use io functions in https://mmengine.readthedocs.io/en/latest/api/fileio.html#file-io
09/14 12:13:09 - mmengine - WARNING - "HardDiskBackend" is the alias of "LocalBackend" and the former will be deprecated in future.
{"epoch": 13, "successful_updates": 1220, "losses": {"task": 0.4722976088523865, "full_task": 0.351483091711998, "self_feature": 1.0528362691402435, "feature": 1.1875316500663757, "loss_actionness": 0.18910310789942741, "loss_transition": 0.6656493842601776, "loss_boundary": 0.0030923568410798907, "cost": 2.710828423500061}, "peak_gib": 14.728719711303711}
{"epoch": 13, "successful_updates": 1240, "losses": {"task": 0.3828321024775505, "full_task": 0.4008590057492256, "self_feature": 0.8391017913818359, "feature": 1.059013992547989, "loss_actionness": 0.1510593146085739, "loss_transition": 0.6659950017929077, "loss_boundary": 0.003246479434892535, "cost": 2.4462718963623047}, "peak_gib": 14.728719711303711}
{"epoch": 13, "successful_updates": 1260, "losses": {"task": 0.10233911126852036, "full_task": 0.10024069622159004, "self_feature": 0.8724896907806396, "feature": 1.1730672717094421, "loss_actionness": 0.13008812069892883, "loss_transition": 0.6361860632896423, "loss_boundary": 3.0852450436213985e-05, "cost": 2.1540204286575317}, "peak_gib": 14.728719711303711}
{"epoch": 13, "successful_updates": 1280, "losses": {"task": 0.7642820179462433, "full_task": 0.4871189594268799, "self_feature": 1.2059917449951172, "feature": 1.472867727279663, "loss_actionness": 0.154741533100605, "loss_transition": 0.6611228287220001, "loss_boundary": 0.002406931249424815, "cost": 3.2978001832962036}, "peak_gib": 14.728719711303711}
{"epoch": 13, "successful_updates": 1300, "losses": {"task": 0.27336494624614716, "full_task": 0.2605148106813431, "self_feature": 0.6788516640663147, "feature": 0.8795247673988342, "loss_actionness": 0.11808452755212784, "loss_transition": 0.6631452441215515, "loss_boundary": 0.0033157531870529056, "cost": 2.0704492330551147}, "peak_gib": 14.728719711303711}
09/14 12:20:19 - mmengine - WARNING - "FileClient" will be deprecated in future. Please use io functions in https://mmengine.readthedocs.io/en/latest/api/fileio.html#file-io
09/14 12:20:19 - mmengine - WARNING - "FileClient" will be deprecated in future. Please use io functions in https://mmengine.readthedocs.io/en/latest/api/fileio.html#file-io
09/14 12:20:19 - mmengine - WARNING - "HardDiskBackend" is the alias of "LocalBackend" and the former will be deprecated in future.
09/14 12:20:19 - mmengine - WARNING - "HardDiskBackend" is the alias of "LocalBackend" and the former will be deprecated in future.
{"epoch": 14, "successful_updates": 1320, "losses": {"task": 0.46702566742897034, "full_task": 0.4440561681985855, "self_feature": 0.9500654637813568, "feature": 1.2974129915237427, "loss_actionness": 0.11465208977460861, "loss_transition": 0.6636012196540833, "loss_boundary": 3.085245225520339e-05, "cost": 2.7487432956695557}, "peak_gib": 14.728719711303711}
{"epoch": 14, "successful_updates": 1340, "losses": {"task": 0.1605960913002491, "full_task": 0.1372968852519989, "self_feature": 0.8315463364124298, "feature": 1.000405192375183, "loss_actionness": 0.17230919748544693, "loss_transition": 0.6369956731796265, "loss_boundary": 0.0016627841760055162, "cost": 2.089447796344757}, "peak_gib": 14.728719711303711}
{"epoch": 14, "successful_updates": 1360, "losses": {"task": 0.32058344781398773, "full_task": 0.3100278675556183, "self_feature": 0.7476370334625244, "feature": 0.9719084799289703, "loss_actionness": 0.1908344179391861, "loss_transition": 0.64311882853508, "loss_boundary": 0.0016824741833261214, "cost": 2.2803983092308044}, "peak_gib": 14.728719711303711}
{"epoch": 14, "successful_updates": 1380, "losses": {"task": 0.29736077785491943, "full_task": 0.2344658523797989, "self_feature": 0.6886699795722961, "feature": 0.9201666116714478, "loss_actionness": 0.18598245829343796, "loss_transition": 0.6492552161216736, "loss_boundary": 3.688320066430606e-05, "cost": 2.180285394191742}, "peak_gib": 14.728719711303711}
{"epoch": 14, "successful_updates": 1400, "losses": {"task": 1.0989077910780907, "full_task": 1.0021481327712536, "self_feature": 0.9172975122928619, "feature": 1.092775583267212, "loss_actionness": 0.19346120208501816, "loss_transition": 0.6101482808589935, "loss_boundary": 0.0016053007311711553, "cost": 3.339164674282074}, "peak_gib": 14.728719711303711}
09/14 12:27:21 - mmengine - WARNING - "FileClient" will be deprecated in future. Please use io functions in https://mmengine.readthedocs.io/en/latest/api/fileio.html#file-io
09/14 12:27:21 - mmengine - WARNING - "HardDiskBackend" is the alias of "LocalBackend" and the former will be deprecated in future.
09/14 12:27:21 - mmengine - WARNING - "FileClient" will be deprecated in future. Please use io functions in https://mmengine.readthedocs.io/en/latest/api/fileio.html#file-io
09/14 12:27:21 - mmengine - WARNING - "HardDiskBackend" is the alias of "LocalBackend" and the former will be deprecated in future.
{"epoch": 15, "successful_updates": 1420, "losses": {"task": 0.3035738915205002, "full_task": 0.29707372188568115, "self_feature": 0.5977714359760284, "feature": 0.9077547490596771, "loss_actionness": 0.14405077695846558, "loss_transition": 0.6254274845123291, "loss_boundary": 0.001715517631964758, "cost": 2.11656790971756}, "peak_gib": 14.728719711303711}
{"epoch": 15, "successful_updates": 1440, "losses": {"task": 0.16118299216032028, "full_task": 0.1432468146085739, "self_feature": 0.7661411464214325, "feature": 0.9394257366657257, "loss_actionness": 0.13513603433966637, "loss_transition": 0.5835531055927277, "loss_boundary": 3.085244861722458e-05, "cost": 1.931754469871521}, "peak_gib": 14.728719711303711}
{"epoch": 15, "successful_updates": 1460, "losses": {"task": 0.3385549783706665, "full_task": 0.23046719282865524, "self_feature": 1.2396860718727112, "feature": 1.4611778259277344, "loss_actionness": 0.11458714306354523, "loss_transition": 0.6571907699108124, "loss_boundary": 0.002702873316593468, "cost": 2.7557990550994873}, "peak_gib": 14.728719711303711}
{"epoch": 15, "successful_updates": 1480, "losses": {"task": 0.8332764431834221, "full_task": 0.823568657040596, "self_feature": 0.7663812339305878, "feature": 1.065562665462494, "loss_actionness": 0.13225706666707993, "loss_transition": 0.6067089140415192, "loss_boundary": 0.0014921002148184925, "cost": 2.9218276739120483}, "peak_gib": 14.728719711303711}
{"epoch": 15, "successful_updates": 1500, "losses": {"task": 1.1079059951007366, "full_task": 1.1008716076612473, "self_feature": 0.7758433222770691, "feature": 1.0776535868644714, "loss_actionness": 0.1678817719221115, "loss_transition": 0.6673576235771179, "loss_boundary": 3.245417792641092e-05, "cost": 3.37363338470459}, "peak_gib": 14.728719711303711}
09/14 12:34:14 - mmengine - WARNING - "FileClient" will be deprecated in future. Please use io functions in https://mmengine.readthedocs.io/en/latest/api/fileio.html#file-io
09/14 12:34:14 - mmengine - WARNING - "FileClient" will be deprecated in future. Please use io functions in https://mmengine.readthedocs.io/en/latest/api/fileio.html#file-io
09/14 12:34:14 - mmengine - WARNING - "HardDiskBackend" is the alias of "LocalBackend" and the former will be deprecated in future.
09/14 12:34:14 - mmengine - WARNING - "HardDiskBackend" is the alias of "LocalBackend" and the former will be deprecated in future.
{"epoch": 16, "successful_updates": 1520, "losses": {"task": 1.374407596886158, "full_task": 1.0073483847081661, "self_feature": 1.2524739503860474, "feature": 1.5105695724487305, "loss_actionness": 0.14318746700882912, "loss_transition": 0.6602959036827087, "loss_boundary": 0.002691082190722227, "cost": 4.068236231803894}, "peak_gib": 14.728719711303711}
{"epoch": 16, "successful_updates": 1540, "losses": {"task": 0.0810401001945138, "full_task": 0.08389199711382389, "self_feature": 0.2535591423511505, "feature": 0.5412046015262604, "loss_actionness": 0.15932001918554306, "loss_transition": 0.5249252021312714, "loss_boundary": 3.085244861722458e-05, "cost": 1.3528497219085693}, "peak_gib": 14.728719711303711}
{"epoch": 16, "successful_updates": 1560, "losses": {"task": 0.19529427587985992, "full_task": 0.16447459533810616, "self_feature": 0.9104453921318054, "feature": 1.1484812498092651, "loss_actionness": 0.1250879131257534, "loss_transition": 0.5850683450698853, "loss_boundary": 3.085244861722458e-05, "cost": 2.1861258149147034}, "peak_gib": 14.728719711303711}
{"epoch": 16, "successful_updates": 1580, "losses": {"task": 1.479592502117157, "full_task": 1.2038183808326721, "self_feature": 1.0715068578720093, "feature": 1.3253766298294067, "loss_actionness": 0.21743328869342804, "loss_transition": 0.6657271385192871, "loss_boundary": 0.0033076886320486665, "cost": 4.099542260169983}, "peak_gib": 14.728719711303711}
{"epoch": 16, "successful_updates": 1600, "losses": {"task": 0.24897845275700092, "full_task": 0.2527803611010313, "self_feature": 0.9627434611320496, "feature": 1.197459638118744, "loss_actionness": 0.14506400376558304, "loss_transition": 0.6699066460132599, "loss_boundary": 0.0033788892906159163, "cost": 2.4242570400238037}, "peak_gib": 14.728719711303711}
09/14 12:41:12 - mmengine - WARNING - "FileClient" will be deprecated in future. Please use io functions in https://mmengine.readthedocs.io/en/latest/api/fileio.html#file-io
09/14 12:41:12 - mmengine - WARNING - "HardDiskBackend" is the alias of "LocalBackend" and the former will be deprecated in future.
09/14 12:41:12 - mmengine - WARNING - "FileClient" will be deprecated in future. Please use io functions in https://mmengine.readthedocs.io/en/latest/api/fileio.html#file-io
09/14 12:41:12 - mmengine - WARNING - "HardDiskBackend" is the alias of "LocalBackend" and the former will be deprecated in future.
{"epoch": 17, "successful_updates": 1620, "losses": {"task": 0.1574607826769352, "full_task": 0.11643554270267487, "self_feature": 0.8269523978233337, "feature": 1.1240242719650269, "loss_actionness": 0.1352454014122486, "loss_transition": 0.6343787312507629, "loss_boundary": 3.0852450436213985e-05, "cost": 2.1629440784454346}, "peak_gib": 14.728719711303711}
{"epoch": 17, "successful_updates": 1640, "losses": {"task": 1.3315341770648956, "full_task": 1.1495780944824219, "self_feature": 1.0293008983135223, "feature": 1.2775344848632812, "loss_actionness": 0.15516668558120728, "loss_transition": 0.6616717278957367, "loss_boundary": 0.0025681289844214916, "cost": 3.8188000917434692}, "peak_gib": 14.728719711303711}
{"epoch": 17, "successful_updates": 1660, "losses": {"task": 0.5967600047588348, "full_task": 0.6358733177185059, "self_feature": 0.6940432488918304, "feature": 0.9511710703372955, "loss_actionness": 0.14203115552663803, "loss_transition": 0.6243302226066589, "loss_boundary": 0.0014347599681059364, "cost": 2.544099807739258}, "peak_gib": 14.728719711303711}
{"epoch": 17, "successful_updates": 1680, "losses": {"task": 0.11929267644882202, "full_task": 0.08983243815600872, "self_feature": 1.0283817648887634, "feature": 1.318660020828247, "loss_actionness": 0.10716810077428818, "loss_transition": 0.6587918698787689, "loss_boundary": 3.0852450436213985e-05, "cost": 2.3292397260665894}, "peak_gib": 14.728719711303711}
{"epoch": 17, "successful_updates": 1700, "losses": {"task": 0.2846498042345047, "full_task": 0.15068844705820084, "self_feature": 0.9301123321056366, "feature": 1.1095516681671143, "loss_actionness": 0.17350976169109344, "loss_transition": 0.6650081276893616, "loss_boundary": 0.002857544692233205, "cost": 2.3662601709365845}, "peak_gib": 14.728719711303711}
09/14 12:48:12 - mmengine - WARNING - "FileClient" will be deprecated in future. Please use io functions in https://mmengine.readthedocs.io/en/latest/api/fileio.html#file-io
09/14 12:48:12 - mmengine - WARNING - "FileClient" will be deprecated in future. Please use io functions in https://mmengine.readthedocs.io/en/latest/api/fileio.html#file-io
09/14 12:48:12 - mmengine - WARNING - "HardDiskBackend" is the alias of "LocalBackend" and the former will be deprecated in future.
09/14 12:48:12 - mmengine - WARNING - "HardDiskBackend" is the alias of "LocalBackend" and the former will be deprecated in future.
{"epoch": 18, "successful_updates": 1720, "losses": {"task": 1.020100861787796, "full_task": 0.9513140916824341, "self_feature": 0.8788234293460846, "feature": 1.0847555100917816, "loss_actionness": 0.1656603291630745, "loss_transition": 0.669518768787384, "loss_boundary": 0.0032382698263972998, "cost": 3.2689846754074097}, "peak_gib": 14.728719711303711}
{"epoch": 18, "successful_updates": 1740, "losses": {"task": 0.09330151602625847, "full_task": 0.08563639596104622, "self_feature": 0.9030265212059021, "feature": 1.1211061477661133, "loss_actionness": 0.11382753029465675, "loss_transition": 0.5370634496212006, "loss_boundary": 3.0852450436213985e-05, "cost": 1.9770413041114807}, "peak_gib": 14.728719711303711}
{"epoch": 18, "successful_updates": 1760, "losses": {"task": 0.6650026477873325, "full_task": 0.6004367615096271, "self_feature": 0.8987824618816376, "feature": 1.0813742280006409, "loss_actionness": 0.15266547724604607, "loss_transition": 0.5782242864370346, "loss_boundary": 0.0016105426784633892, "cost": 2.7188645601272583}, "peak_gib": 14.728719711303711}
{"epoch": 18, "successful_updates": 1780, "losses": {"task": 0.4848340153694153, "full_task": 0.39570610225200653, "self_feature": 0.9092033505439758, "feature": 1.2096560597419739, "loss_actionness": 0.12062830850481987, "loss_transition": 0.661990225315094, "loss_boundary": 0.00291419739369303, "cost": 2.6698696613311768}, "peak_gib": 14.728719711303711}
{"epoch": 18, "successful_updates": 1800, "losses": {"task": 0.8982148468494415, "full_task": 0.8494804203510284, "self_feature": 0.7550789415836334, "feature": 1.061714917421341, "loss_actionness": 0.14478443190455437, "loss_transition": 0.6593249440193176, "loss_boundary": 6.873614620417356e-05, "cost": 3.0519858598709106}, "peak_gib": 14.728719711303711}
09/14 12:55:09 - mmengine - WARNING - "FileClient" will be deprecated in future. Please use io functions in https://mmengine.readthedocs.io/en/latest/api/fileio.html#file-io
09/14 12:55:09 - mmengine - WARNING - "FileClient" will be deprecated in future. Please use io functions in https://mmengine.readthedocs.io/en/latest/api/fileio.html#file-io
09/14 12:55:09 - mmengine - WARNING - "HardDiskBackend" is the alias of "LocalBackend" and the former will be deprecated in future.
09/14 12:55:09 - mmengine - WARNING - "HardDiskBackend" is the alias of "LocalBackend" and the former will be deprecated in future.
{"epoch": 19, "successful_updates": 1820, "losses": {"task": 0.2845384180545807, "full_task": 0.2488688975572586, "self_feature": 1.3628348112106323, "feature": 1.6132610440254211, "loss_actionness": 0.1535428874194622, "loss_transition": 0.6644647419452667, "loss_boundary": 0.003253369126468897, "cost": 2.9175610542297363}, "peak_gib": 14.728719711303711}
{"epoch": 19, "successful_updates": 1840, "losses": {"task": 0.23570875823497772, "full_task": 0.2379572093486786, "self_feature": 0.7051182389259338, "feature": 0.9265209138393402, "loss_actionness": 0.13450048863887787, "loss_transition": 0.6392602622509003, "loss_boundary": 0.0015926459018373862, "cost": 2.067584276199341}, "peak_gib": 14.728719711303711}
{"epoch": 19, "successful_updates": 1860, "losses": {"task": 0.4231007993221283, "full_task": 0.3528681695461273, "self_feature": 0.8452193140983582, "feature": 1.1574913263320923, "loss_actionness": 0.14446061477065086, "loss_transition": 0.6588458120822906, "loss_boundary": 3.197432306478731e-05, "cost": 2.5566694736480713}, "peak_gib": 14.728719711303711}
{"epoch": 19, "successful_updates": 1880, "losses": {"task": 0.06084853783249855, "full_task": 0.03890019282698631, "self_feature": 0.7398099601268768, "feature": 0.9641192853450775, "loss_actionness": 0.13887296989560127, "loss_transition": 0.580875962972641, "loss_boundary": 3.085244861722458e-05, "cost": 1.8284537196159363}, "peak_gib": 14.728719711303711}
{"epoch": 19, "successful_updates": 1900, "losses": {"task": 0.9085807204246521, "full_task": 0.8736726641654968, "self_feature": 0.81989985704422, "feature": 1.0755249857902527, "loss_actionness": 0.17540988326072693, "loss_transition": 0.6680729687213898, "loss_boundary": 0.003299398464150727, "cost": 3.1312960386276245}, "peak_gib": 14.728719711303711}
09/14 13:02:07 - mmengine - WARNING - "FileClient" will be deprecated in future. Please use io functions in https://mmengine.readthedocs.io/en/latest/api/fileio.html#file-io
09/14 13:02:07 - mmengine - WARNING - "FileClient" will be deprecated in future. Please use io functions in https://mmengine.readthedocs.io/en/latest/api/fileio.html#file-io
09/14 13:02:07 - mmengine - WARNING - "HardDiskBackend" is the alias of "LocalBackend" and the former will be deprecated in future.
09/14 13:02:07 - mmengine - WARNING - "HardDiskBackend" is the alias of "LocalBackend" and the former will be deprecated in future.
{"epoch": 20, "successful_updates": 1920, "losses": {"task": 0.2430403083562851, "full_task": 0.19532420299947262, "self_feature": 0.98947873711586, "feature": 1.2922924757003784, "loss_actionness": 0.12102343887090683, "loss_transition": 0.6122154593467712, "loss_boundary": 3.085245225520339e-05, "cost": 2.4163812398910522}, "peak_gib": 14.728719711303711}
{"epoch": 20, "successful_updates": 1940, "losses": {"task": 0.2556510791182518, "full_task": 0.1661747246980667, "self_feature": 1.1407321989536285, "feature": 1.3932828903198242, "loss_actionness": 0.13331281393766403, "loss_transition": 0.6533027291297913, "loss_boundary": 0.0024971183156594634, "cost": 2.593663454055786}, "peak_gib": 14.728719711303711}
{"epoch": 20, "successful_updates": 1960, "losses": {"task": 0.1667076200246811, "full_task": 0.14251768216490746, "self_feature": 0.45735014230012894, "feature": 0.7171429097652435, "loss_actionness": 0.2206231728196144, "loss_transition": 0.599785178899765, "loss_boundary": 0.0006889243086334318, "cost": 1.7863122820854187}, "peak_gib": 14.728719711303711}
{"epoch": 20, "successful_updates": 1980, "losses": {"task": 0.603665005415678, "full_task": 0.5093160644173622, "self_feature": 0.9751605987548828, "feature": 1.2757956981658936, "loss_actionness": 0.19703645259141922, "loss_transition": 0.6654452681541443, "loss_boundary": 3.085244679823518e-05, "cost": 2.966818332672119}, "peak_gib": 14.728719711303711}
{"epoch": 20, "successful_updates": 2000, "losses": {"task": 0.3824162036180496, "full_task": 0.29416123032569885, "self_feature": 1.1427484154701233, "feature": 1.3563010096549988, "loss_actionness": 0.13223355263471603, "loss_transition": 0.6618104875087738, "loss_boundary": 0.0029214952373877168, "cost": 2.7234981060028076}, "peak_gib": 14.728719711303711}
validation subset: 211 videos, truncated as 792 windows.
09/14 13:09:02 - mmengine - WARNING - "FileClient" will be deprecated in future. Please use io functions in https://mmengine.readthedocs.io/en/latest/api/fileio.html#file-io
09/14 13:09:02 - mmengine - WARNING - "FileClient" will be deprecated in future. Please use io functions in https://mmengine.readthedocs.io/en/latest/api/fileio.html#file-io
09/14 13:09:02 - mmengine - WARNING - "HardDiskBackend" is the alias of "LocalBackend" and the former will be deprecated in future.
09/14 13:09:02 - mmengine - WARNING - "HardDiskBackend" is the alias of "LocalBackend" and the former will be deprecated in future.
thumos_b_point_full_seed42 20: 1/792
thumos_b_point_full_seed42 20: 101/792
thumos_b_point_full_seed42 20: 201/792
thumos_b_point_full_seed42 20: 301/792
thumos_b_point_full_seed42 20: 401/792
thumos_b_point_full_seed42 20: 501/792
thumos_b_point_full_seed42 20: 601/792
thumos_b_point_full_seed42 20: 701/792
{'average_mAP': 0.6815423625838269, 'mAP@0.3': 0.835159671449567, 'mAP@0.4': 0.7879020908378707, 'mAP@0.5': 0.7175296112312137, 'mAP@0.6': 0.6052324141785745, 'mAP@0.7': 0.46188802522190875}
09/14 13:31:23 - mmengine - WARNING - "FileClient" will be deprecated in future. Please use io functions in https://mmengine.readthedocs.io/en/latest/api/fileio.html#file-io
09/14 13:31:23 - mmengine - WARNING - "FileClient" will be deprecated in future. Please use io functions in https://mmengine.readthedocs.io/en/latest/api/fileio.html#file-io
09/14 13:31:23 - mmengine - WARNING - "HardDiskBackend" is the alias of "LocalBackend" and the former will be deprecated in future.
09/14 13:31:23 - mmengine - WARNING - "HardDiskBackend" is the alias of "LocalBackend" and the former will be deprecated in future.
{"epoch": 21, "successful_updates": 2020, "losses": {"task": 0.109777657315135, "full_task": 0.09963556379079819, "self_feature": 0.9284400045871735, "feature": 1.156169831752777, "loss_actionness": 0.18098825588822365, "loss_transition": 0.6668910086154938, "loss_boundary": 0.003156808321364224, "cost": 2.234736442565918}, "peak_gib": 14.435342788696289}
{"epoch": 21, "successful_updates": 2040, "losses": {"task": 0.13850479200482368, "full_task": 0.11645299941301346, "self_feature": 0.7725279629230499, "feature": 1.0168563723564148, "loss_actionness": 0.1392199918627739, "loss_transition": 0.6659834086894989, "loss_boundary": 3.085245225520339e-05, "cost": 2.0669614672660828}, "peak_gib": 14.435342788696289}
{"epoch": 21, "successful_updates": 2060, "losses": {"task": 0.20028595626354218, "full_task": 0.14013633131980896, "self_feature": 0.9572059512138367, "feature": 1.1872978210449219, "loss_actionness": 0.18756677955389023, "loss_transition": 0.5894596576690674, "loss_boundary": 0.002182148196880007, "cost": 2.2975471019744873}, "peak_gib": 14.435342788696289}
{"epoch": 21, "successful_updates": 2080, "losses": {"task": 0.13942709378898144, "full_task": 0.13707634806632996, "self_feature": 0.9476443827152252, "feature": 1.186154305934906, "loss_actionness": 0.13260915130376816, "loss_transition": 0.6593502461910248, "loss_boundary": 0.002847041003406048, "cost": 2.2494213581085205}, "peak_gib": 14.435342788696289}
{"epoch": 21, "successful_updates": 2100, "losses": {"task": 1.0454496666789055, "full_task": 0.891530204564333, "self_feature": 0.7502119839191437, "feature": 1.0305930376052856, "loss_actionness": 0.14022617787122726, "loss_transition": 0.6567973792552948, "loss_boundary": 3.470725459919777e-05, "cost": 3.171004831790924}, "peak_gib": 14.435342788696289}
09/14 13:38:11 - mmengine - WARNING - "FileClient" will be deprecated in future. Please use io functions in https://mmengine.readthedocs.io/en/latest/api/fileio.html#file-io
09/14 13:38:11 - mmengine - WARNING - "FileClient" will be deprecated in future. Please use io functions in https://mmengine.readthedocs.io/en/latest/api/fileio.html#file-io
09/14 13:38:11 - mmengine - WARNING - "HardDiskBackend" is the alias of "LocalBackend" and the former will be deprecated in future.
09/14 13:38:11 - mmengine - WARNING - "HardDiskBackend" is the alias of "LocalBackend" and the former will be deprecated in future.
{"epoch": 22, "successful_updates": 2120, "losses": {"task": 0.37938372045755386, "full_task": 0.3557300344109535, "self_feature": 1.1313487887382507, "feature": 1.3527974486351013, "loss_actionness": 0.13655387610197067, "loss_transition": 0.6636212766170502, "loss_boundary": 0.0031355615938082337, "cost": 2.7375590801239014}, "peak_gib": 14.435342788696289}
{"epoch": 22, "successful_updates": 2140, "losses": {"task": 0.5984949544072151, "full_task": 0.5857450887560844, "self_feature": 0.9382663071155548, "feature": 1.1914896965026855, "loss_actionness": 0.11185714974999428, "loss_transition": 0.6635217070579529, "loss_boundary": 0.002786205615848303, "cost": 2.808412551879883}, "peak_gib": 14.435342788696289}
{"epoch": 22, "successful_updates": 2160, "losses": {"task": 0.8938522636890411, "full_task": 0.8082471191883087, "self_feature": 0.7405467927455902, "feature": 1.0143912732601166, "loss_actionness": 0.2105657458305359, "loss_transition": 0.6104238629341125, "loss_boundary": 6.349115392367821e-05, "cost": 3.005413055419922}, "peak_gib": 14.724367141723633}
{"epoch": 22, "successful_updates": 2180, "losses": {"task": 0.8664160408079624, "full_task": 0.5084515884518623, "self_feature": 0.9460366666316986, "feature": 1.210997462272644, "loss_actionness": 0.19074959307909012, "loss_transition": 0.6642525792121887, "loss_boundary": 0.0030665959930047393, "cost": 3.1571987867355347}, "peak_gib": 14.724367141723633}
{"epoch": 22, "successful_updates": 2200, "losses": {"task": 0.5611898899078369, "full_task": 0.4972139298915863, "self_feature": 0.8442924916744232, "feature": 1.0743502974510193, "loss_actionness": 0.19186868518590927, "loss_transition": 0.6628833413124084, "loss_boundary": 0.0030766772106289864, "cost": 2.702101707458496}, "peak_gib": 14.724367141723633}
09/14 13:45:09 - mmengine - WARNING - "FileClient" will be deprecated in future. Please use io functions in https://mmengine.readthedocs.io/en/latest/api/fileio.html#file-io
09/14 13:45:09 - mmengine - WARNING - "FileClient" will be deprecated in future. Please use io functions in https://mmengine.readthedocs.io/en/latest/api/fileio.html#file-io
09/14 13:45:09 - mmengine - WARNING - "HardDiskBackend" is the alias of "LocalBackend" and the former will be deprecated in future.
09/14 13:45:09 - mmengine - WARNING - "HardDiskBackend" is the alias of "LocalBackend" and the former will be deprecated in future.
{"epoch": 23, "successful_updates": 2220, "losses": {"task": 0.10502752289175987, "full_task": 0.09295703656971455, "self_feature": 0.8609324395656586, "feature": 1.1308454275131226, "loss_actionness": 0.186793252825737, "loss_transition": 0.643194168806076, "loss_boundary": 3.085245225520339e-05, "cost": 2.1752235889434814}, "peak_gib": 14.724367141723633}
{"epoch": 23, "successful_updates": 2240, "losses": {"task": 0.2890482544898987, "full_task": 0.24444562941789627, "self_feature": 0.8707608878612518, "feature": 1.0529026091098785, "loss_actionness": 0.16464579105377197, "loss_transition": 0.5941876769065857, "loss_boundary": 0.0003342004420119338, "cost": 2.249306082725525}, "peak_gib": 14.725631713867188}
{"epoch": 23, "successful_updates": 2260, "losses": {"task": 0.3282589390873909, "full_task": 0.32454773783683777, "self_feature": 0.6480002701282501, "feature": 0.8805496394634247, "loss_actionness": 0.14196613430976868, "loss_transition": 0.6476188004016876, "loss_boundary": 0.0017063467530533671, "cost": 2.1460368633270264}, "peak_gib": 14.725631713867188}
{"epoch": 23, "successful_updates": 2280, "losses": {"task": 0.9442415535449982, "full_task": 0.8800414800643921, "self_feature": 0.6648039221763611, "feature": 0.8549014627933502, "loss_actionness": 0.1367456614971161, "loss_transition": 0.6645887792110443, "loss_boundary": 5.8072477258974686e-05, "cost": 2.887026309967041}, "peak_gib": 14.725631713867188}
{"epoch": 23, "successful_updates": 2300, "losses": {"task": 0.29461612924933434, "full_task": 0.2443963810801506, "self_feature": 1.1821659803390503, "feature": 1.4358793497085571, "loss_actionness": 0.13697951287031174, "loss_transition": 0.6375657320022583, "loss_boundary": 0.0016121929911605548, "cost": 2.6859686374664307}, "peak_gib": 14.725631713867188}
09/14 13:52:01 - mmengine - WARNING - "FileClient" will be deprecated in future. Please use io functions in https://mmengine.readthedocs.io/en/latest/api/fileio.html#file-io
09/14 13:52:01 - mmengine - WARNING - "FileClient" will be deprecated in future. Please use io functions in https://mmengine.readthedocs.io/en/latest/api/fileio.html#file-io
09/14 13:52:01 - mmengine - WARNING - "HardDiskBackend" is the alias of "LocalBackend" and the former will be deprecated in future.
09/14 13:52:01 - mmengine - WARNING - "HardDiskBackend" is the alias of "LocalBackend" and the former will be deprecated in future.
{"epoch": 24, "successful_updates": 2320, "losses": {"task": 0.8682752568274736, "full_task": 0.9215276790782809, "self_feature": 0.45920124650001526, "feature": 0.6038283407688141, "loss_actionness": 0.11609215661883354, "loss_transition": 0.664190262556076, "loss_boundary": 0.002468425373081118, "cost": 2.531156361103058}, "peak_gib": 14.725631713867188}
{"epoch": 24, "successful_updates": 2340, "losses": {"task": 0.05159230902791023, "full_task": 0.042719777673482895, "self_feature": 0.8351300954818726, "feature": 1.0617679059505463, "loss_actionness": 0.1507505513727665, "loss_transition": 0.5653917193412781, "loss_boundary": 3.085245225520339e-05, "cost": 1.9237263202667236}, "peak_gib": 14.725631713867188}
{"epoch": 24, "successful_updates": 2360, "losses": {"task": 0.4398326724767685, "full_task": 0.37109944969415665, "self_feature": 0.9215535819530487, "feature": 1.156757414340973, "loss_actionness": 0.17394861578941345, "loss_transition": 0.54158815741539, "loss_boundary": 0.001555401513542165, "cost": 2.498612344264984}, "peak_gib": 14.725631713867188}
{"epoch": 24, "successful_updates": 2380, "losses": {"task": 0.438499815762043, "full_task": 0.44095754623413086, "self_feature": 0.81778883934021, "feature": 1.0260888040065765, "loss_actionness": 0.124235600233078, "loss_transition": 0.6661515831947327, "loss_boundary": 0.003630514722317457, "cost": 2.4506245255470276}, "peak_gib": 14.725631713867188}
{"epoch": 24, "successful_updates": 2400, "losses": {"task": 0.44820256531238556, "full_task": 0.36830568313598633, "self_feature": 0.69704470038414, "feature": 0.8712852299213409, "loss_actionness": 0.21005593985319138, "loss_transition": 0.6646255850791931, "loss_boundary": 3.0852450436213985e-05, "cost": 2.3559809923171997}, "peak_gib": 14.725631713867188}
09/14 13:59:00 - mmengine - WARNING - "FileClient" will be deprecated in future. Please use io functions in https://mmengine.readthedocs.io/en/latest/api/fileio.html#file-io
09/14 13:59:00 - mmengine - WARNING - "FileClient" will be deprecated in future. Please use io functions in https://mmengine.readthedocs.io/en/latest/api/fileio.html#file-io
09/14 13:59:00 - mmengine - WARNING - "HardDiskBackend" is the alias of "LocalBackend" and the former will be deprecated in future.
09/14 13:59:00 - mmengine - WARNING - "HardDiskBackend" is the alias of "LocalBackend" and the former will be deprecated in future.
{"epoch": 25, "successful_updates": 2420, "losses": {"task": 0.8174018859863281, "full_task": 0.6652808487415314, "self_feature": 1.3124628067016602, "feature": 1.5898762345314026, "loss_actionness": 0.1877685785293579, "loss_transition": 0.6640210151672363, "loss_boundary": 0.003074412001296878, "cost": 3.559708595275879}, "peak_gib": 14.725631713867188}
{"epoch": 25, "successful_updates": 2440, "losses": {"task": 0.2053568959236145, "full_task": 0.24397369846701622, "self_feature": 0.8400891423225403, "feature": 1.0825210213661194, "loss_actionness": 0.13526282459497452, "loss_transition": 0.6576264500617981, "loss_boundary": 0.0024243814987130463, "cost": 2.2281938791275024}, "peak_gib": 14.725631713867188}
{"epoch": 25, "successful_updates": 2460, "losses": {"task": 0.17306382581591606, "full_task": 0.14634800516068935, "self_feature": 0.6879139840602875, "feature": 0.9458810389041901, "loss_actionness": 0.12883079051971436, "loss_transition": 0.664202868938446, "loss_boundary": 3.085244861722458e-05, "cost": 2.017387807369232}, "peak_gib": 14.725631713867188}
{"epoch": 25, "successful_updates": 2480, "losses": {"task": 0.1546233594417572, "full_task": 0.15668269246816635, "self_feature": 0.918475329875946, "feature": 1.1317724585533142, "loss_actionness": 0.15047559887170792, "loss_transition": 0.6254407465457916, "loss_boundary": 0.0008425635751336813, "cost": 2.1941728591918945}, "peak_gib": 14.725631713867188}
{"epoch": 25, "successful_updates": 2500, "losses": {"task": 0.42830175906419754, "full_task": 0.39998218417167664, "self_feature": 0.7406166195869446, "feature": 0.9404815435409546, "loss_actionness": 0.12115538120269775, "loss_transition": 0.6629388332366943, "loss_boundary": 0.00313417986035347, "cost": 2.330068826675415}, "peak_gib": 14.725631713867188}
09/14 14:05:57 - mmengine - WARNING - "FileClient" will be deprecated in future. Please use io functions in https://mmengine.readthedocs.io/en/latest/api/fileio.html#file-io
09/14 14:05:57 - mmengine - WARNING - "FileClient" will be deprecated in future. Please use io functions in https://mmengine.readthedocs.io/en/latest/api/fileio.html#file-io
09/14 14:05:57 - mmengine - WARNING - "HardDiskBackend" is the alias of "LocalBackend" and the former will be deprecated in future.
09/14 14:05:57 - mmengine - WARNING - "HardDiskBackend" is the alias of "LocalBackend" and the former will be deprecated in future.
{"epoch": 26, "successful_updates": 2520, "losses": {"task": 0.3808102607727051, "full_task": 0.3319562077522278, "self_feature": 0.9009938538074493, "feature": 1.137446105480194, "loss_actionness": 0.18470016866922379, "loss_transition": 0.6267781257629395, "loss_boundary": 3.309033672849182e-05, "cost": 2.502856135368347}, "peak_gib": 14.725631713867188}
{"epoch": 26, "successful_updates": 2540, "losses": {"task": 0.2332073599100113, "full_task": 0.19814521819353104, "self_feature": 0.8872738182544708, "feature": 1.0362606048583984, "loss_actionness": 0.1544850766658783, "loss_transition": 0.6429187059402466, "loss_boundary": 0.0017981186392717063, "cost": 2.2069334983825684}, "peak_gib": 14.725631713867188}
{"epoch": 26, "successful_updates": 2560, "losses": {"task": 0.5142158670350909, "full_task": 0.4999800771474838, "self_feature": 0.8263877630233765, "feature": 1.024795651435852, "loss_actionness": 0.0923224538564682, "loss_transition": 0.664115309715271, "loss_boundary": 0.0032390319975093007, "cost": 2.5063220858573914}, "peak_gib": 14.725631713867188}
{"epoch": 26, "successful_updates": 2580, "losses": {"task": 0.1671353131532669, "full_task": 0.1464671939611435, "self_feature": 1.123350739479065, "feature": 1.2773842215538025, "loss_actionness": 0.16593853011727333, "loss_transition": 0.5219557285308838, "loss_boundary": 3.0852450436213985e-05, "cost": 2.2813963890075684}, "peak_gib": 14.725631713867188}
{"epoch": 26, "successful_updates": 2600, "losses": {"task": 0.11706877499818802, "full_task": 0.09670847281813622, "self_feature": 1.102573037147522, "feature": 1.3041028380393982, "loss_actionness": 0.12564203888177872, "loss_transition": 0.6603889465332031, "loss_boundary": 0.002985543804243207, "cost": 2.344622492790222}, "peak_gib": 14.725631713867188}
09/14 14:12:59 - mmengine - WARNING - "FileClient" will be deprecated in future. Please use io functions in https://mmengine.readthedocs.io/en/latest/api/fileio.html#file-io
09/14 14:12:59 - mmengine - WARNING - "HardDiskBackend" is the alias of "LocalBackend" and the former will be deprecated in future.
09/14 14:12:59 - mmengine - WARNING - "FileClient" will be deprecated in future. Please use io functions in https://mmengine.readthedocs.io/en/latest/api/fileio.html#file-io
09/14 14:12:59 - mmengine - WARNING - "HardDiskBackend" is the alias of "LocalBackend" and the former will be deprecated in future.
{"epoch": 27, "successful_updates": 2620, "losses": {"task": 0.5356531739234924, "full_task": 0.46820513904094696, "self_feature": 0.7913554608821869, "feature": 1.0184093415737152, "loss_actionness": 0.15017326921224594, "loss_transition": 0.658942699432373, "loss_boundary": 0.0028033903799951077, "cost": 2.562168598175049}, "peak_gib": 14.725631713867188}
{"epoch": 27, "successful_updates": 2640, "losses": {"task": 0.2812106776982546, "full_task": 0.24128708615899086, "self_feature": 0.7583294212818146, "feature": 0.8925486207008362, "loss_actionness": 0.1328250840306282, "loss_transition": 0.6672756671905518, "loss_boundary": 3.085244861722458e-05, "cost": 2.110045611858368}, "peak_gib": 14.725631713867188}
{"epoch": 27, "successful_updates": 2660, "losses": {"task": 1.1674764156341553, "full_task": 0.8012314736843109, "self_feature": 1.1474551558494568, "feature": 1.386325716972351, "loss_actionness": 0.20663030445575714, "loss_transition": 0.6654423773288727, "loss_boundary": 0.0031209831358864903, "cost": 3.744049310684204}, "peak_gib": 14.725631713867188}
{"epoch": 27, "successful_updates": 2680, "losses": {"task": 0.310758039355278, "full_task": 0.337061807513237, "self_feature": 0.5436356216669083, "feature": 0.8252147436141968, "loss_actionness": 0.17161977291107178, "loss_transition": 0.6156546473503113, "loss_boundary": 0.0014634888211730868, "cost": 2.0633397102355957}, "peak_gib": 14.725631713867188}
{"epoch": 27, "successful_updates": 2700, "losses": {"task": 0.46648991852998734, "full_task": 0.373885378241539, "self_feature": 0.7105307877063751, "feature": 0.9439369142055511, "loss_actionness": 0.1577964499592781, "loss_transition": 0.645848423242569, "loss_boundary": 3.0852450436213985e-05, "cost": 2.3786269426345825}, "peak_gib": 14.725631713867188}
09/14 14:19:55 - mmengine - WARNING - "FileClient" will be deprecated in future. Please use io functions in https://mmengine.readthedocs.io/en/latest/api/fileio.html#file-io
09/14 14:19:55 - mmengine - WARNING - "FileClient" will be deprecated in future. Please use io functions in https://mmengine.readthedocs.io/en/latest/api/fileio.html#file-io
09/14 14:19:55 - mmengine - WARNING - "HardDiskBackend" is the alias of "LocalBackend" and the former will be deprecated in future.
09/14 14:19:55 - mmengine - WARNING - "HardDiskBackend" is the alias of "LocalBackend" and the former will be deprecated in future.
{"epoch": 28, "successful_updates": 2720, "losses": {"task": 0.5440397560596466, "full_task": 0.5192138478159904, "self_feature": 1.1645190119743347, "feature": 1.4126437902450562, "loss_actionness": 0.16373254358768463, "loss_transition": 0.6646348834037781, "loss_boundary": 0.003076598746702075, "cost": 3.034382939338684}, "peak_gib": 14.725631713867188}
{"epoch": 28, "successful_updates": 2740, "losses": {"task": 0.09101413562893867, "full_task": 0.0771375959739089, "self_feature": 0.6101617366075516, "feature": 0.9522963464260101, "loss_actionness": 0.12927952036261559, "loss_transition": 0.5985026061534882, "loss_boundary": 0.0015385190799861448, "cost": 1.852931797504425}, "peak_gib": 14.725631713867188}
{"epoch": 28, "successful_updates": 2760, "losses": {"task": 0.1599635765887797, "full_task": 0.15791938733309507, "self_feature": 0.7837449014186859, "feature": 1.0964115858078003, "loss_actionness": 0.12237779423594475, "loss_transition": 0.6588789820671082, "loss_boundary": 3.085245225520339e-05, "cost": 2.155517041683197}, "peak_gib": 14.725631713867188}
{"epoch": 28, "successful_updates": 2780, "losses": {"task": 0.37282716669142246, "full_task": 0.324369166046381, "self_feature": 0.8139182329177856, "feature": 0.9883309900760651, "loss_actionness": 0.18259666115045547, "loss_transition": 0.5917960703372955, "loss_boundary": 0.0016294016131723765, "cost": 2.299664556980133}, "peak_gib": 14.725631713867188}
{"epoch": 28, "successful_updates": 2800, "losses": {"task": 0.2527221143245697, "full_task": 0.23117903620004654, "self_feature": 0.8793506324291229, "feature": 1.0675021409988403, "loss_actionness": 0.15499159321188927, "loss_transition": 0.6634154915809631, "loss_boundary": 0.0032683481695130467, "cost": 2.28762948513031}, "peak_gib": 14.725631713867188}
09/14 14:26:59 - mmengine - WARNING - "FileClient" will be deprecated in future. Please use io functions in https://mmengine.readthedocs.io/en/latest/api/fileio.html#file-io
09/14 14:26:59 - mmengine - WARNING - "FileClient" will be deprecated in future. Please use io functions in https://mmengine.readthedocs.io/en/latest/api/fileio.html#file-io
09/14 14:26:59 - mmengine - WARNING - "HardDiskBackend" is the alias of "LocalBackend" and the former will be deprecated in future.
09/14 14:26:59 - mmengine - WARNING - "HardDiskBackend" is the alias of "LocalBackend" and the former will be deprecated in future.
{"epoch": 29, "successful_updates": 2820, "losses": {"task": 0.3370508849620819, "full_task": 0.29481008276343346, "self_feature": 0.7611359357833862, "feature": 0.9463440775871277, "loss_actionness": 0.15615540742874146, "loss_transition": 0.6383565366268158, "loss_boundary": 3.0852450436213985e-05, "cost": 2.2277538180351257}, "peak_gib": 14.725631713867188}
{"epoch": 29, "successful_updates": 2840, "losses": {"task": 0.2296999730169773, "full_task": 0.1904122568666935, "self_feature": 1.2544962763786316, "feature": 1.4778212904930115, "loss_actionness": 0.13389210402965546, "loss_transition": 0.6421029269695282, "loss_boundary": 0.0014934899372747168, "cost": 2.65806245803833}, "peak_gib": 14.725631713867188}
{"epoch": 29, "successful_updates": 2860, "losses": {"task": 0.8294984102249146, "full_task": 0.577943354845047, "self_feature": 0.8309621214866638, "feature": 1.0327900350093842, "loss_actionness": 0.18685560673475266, "loss_transition": 0.663873702287674, "loss_boundary": 0.00325765460729599, "cost": 2.9438575506210327}, "peak_gib": 14.725631713867188}
{"epoch": 29, "successful_updates": 2880, "losses": {"task": 0.3259694054722786, "full_task": 0.30537665635347366, "self_feature": 0.8471601903438568, "feature": 1.1199836134910583, "loss_actionness": 0.14199380204081535, "loss_transition": 0.6611356139183044, "loss_boundary": 3.108492091996595e-05, "cost": 2.410173535346985}, "peak_gib": 14.725631713867188}
{"epoch": 29, "successful_updates": 2900, "losses": {"task": 1.065230930224061, "full_task": 1.0057378001511097, "self_feature": 1.0082926154136658, "feature": 1.1868171691894531, "loss_actionness": 0.1694936603307724, "loss_transition": 0.661098062992096, "loss_boundary": 0.003126791794784367, "cost": 3.438030242919922}, "peak_gib": 14.725631713867188}
09/14 14:34:04 - mmengine - WARNING - "FileClient" will be deprecated in future. Please use io functions in https://mmengine.readthedocs.io/en/latest/api/fileio.html#file-io
09/14 14:34:04 - mmengine - WARNING - "FileClient" will be deprecated in future. Please use io functions in https://mmengine.readthedocs.io/en/latest/api/fileio.html#file-io
09/14 14:34:04 - mmengine - WARNING - "HardDiskBackend" is the alias of "LocalBackend" and the former will be deprecated in future.
09/14 14:34:04 - mmengine - WARNING - "HardDiskBackend" is the alias of "LocalBackend" and the former will be deprecated in future.
