training subset: 200 videos
ViT's param: 86227200, Adapter's params: 4004364, ratio: 4.6%
Warning: no pretrain path is provided, the backbone will be randomly initialized, unless you have initialized the weights in the model.py.
freeze_backbone: False, norm_eval: False
ViT's param: 86227200, Adapter's params: 4004364, ratio: 4.6%
Warning: no pretrain path is provided, the backbone will be randomly initialized, unless you have initialized the weights in the model.py.
freeze_backbone: False, norm_eval: False
ViT's param: 86227200, Adapter's params: 4004364, ratio: 4.6%
Warning: no pretrain path is provided, the backbone will be randomly initialized, unless you have initialized the weights in the model.py.
freeze_backbone: False, norm_eval: False
09/14 14:36:23 - mmengine - WARNING - "FileClient" will be deprecated in future. Please use io functions in https://mmengine.readthedocs.io/en/latest/api/fileio.html#file-io
09/14 14:36:23 - mmengine - WARNING - "FileClient" will be deprecated in future. Please use io functions in https://mmengine.readthedocs.io/en/latest/api/fileio.html#file-io
09/14 14:36:23 - mmengine - WARNING - "HardDiskBackend" is the alias of "LocalBackend" and the former will be deprecated in future.
09/14 14:36:23 - mmengine - WARNING - "HardDiskBackend" is the alias of "LocalBackend" and the former will be deprecated in future.
/data/run01/sczc063/yuzibo/conda_envs/opentad/lib/python3.10/site-packages/torch/nn/modules/conv.py:459: UserWarning: Applied workaround for CuDNN issue, install nvrtc.so (Triggered internally at /opt/conda/conda-bld/pytorch_1682343995026/work/aten/src/ATen/native/cudnn/Conv_v8.cpp:80.)
  return F.conv2d(input, weight, bias, self.stride,
09/14 14:36:33 - mmengine - WARNING - "FileClient" will be deprecated in future. Please use io functions in https://mmengine.readthedocs.io/en/latest/api/fileio.html#file-io
09/14 14:36:33 - mmengine - WARNING - "FileClient" will be deprecated in future. Please use io functions in https://mmengine.readthedocs.io/en/latest/api/fileio.html#file-io
09/14 14:36:33 - mmengine - WARNING - "HardDiskBackend" is the alias of "LocalBackend" and the former will be deprecated in future.
09/14 14:36:33 - mmengine - WARNING - "HardDiskBackend" is the alias of "LocalBackend" and the former will be deprecated in future.
Traceback (most recent call last):
  File "/data/run01/sczc063/yuzibo/h65_clean_adatad_20260910/support_review_20260914/tools/paper_train.py", line 204, in <module>
    raise SystemExit(main(parser.parse_args()))
  File "/data/run01/sczc063/yuzibo/h65_clean_adatad_20260910/support_review_20260914/tools/paper_train.py", line 142, in main
    with torch.autocast('cuda',dtype=torch.bfloat16):losses,detail,queries=objectives(model,data,plan_index)
  File "/data/run01/sczc063/yuzibo/h65_clean_adatad_20260910/support_review_20260914/h65/paper/objectives.py", line 21, in objectives
    terms=same_support_targets(model,data,detail);counts['support_teacher']=1
  File "/data/run01/sczc063/yuzibo/h65_clean_adatad_20260910/support_review_20260914/h65/paper/support_targets.py", line 44, in same_support_targets
    terms,diagnostics=compare_states(student,trace['state_taps'],valid)
  File "/data/run01/sczc063/yuzibo/h65_clean_adatad_20260910/support_review_20260914/h65/paper/support_targets.py", line 26, in compare_states
    cosine=(F.cosine_similarity(value.detach(),target,dim=-1)*valid).sum()/valid.sum().clamp_min(1),
torch.cuda.OutOfMemoryError: CUDA out of memory. Tried to allocate 114.00 MiB (GPU 0; 23.64 GiB total capacity; 22.74 GiB already allocated; 99.69 MiB free; 23.05 GiB reserved in total by PyTorch) If reserved memory is >> allocated memory try setting max_split_size_mb to avoid fragmentation.  See documentation for Memory Management and PYTORCH_CUDA_ALLOC_CONF
