training subset: 200 videos
ViT's param: 86227200, Adapter's params: 4004364, ratio: 4.6%
Warning: no pretrain path is provided, the backbone will be randomly initialized, unless you have initialized the weights in the model.py.
freeze_backbone: False, norm_eval: False
ViT's param: 86227200, Adapter's params: 4004364, ratio: 4.6%
Warning: no pretrain path is provided, the backbone will be randomly initialized, unless you have initialized the weights in the model.py.
freeze_backbone: False, norm_eval: False
ViT's param: 86227200, Adapter's params: 4004364, ratio: 4.6%
Warning: no pretrain path is provided, the backbone will be randomly initialized, unless you have initialized the weights in the model.py.
freeze_backbone: False, norm_eval: False
09/14 21:37:05 - mmengine - WARNING - "FileClient" will be deprecated in future. Please use io functions in https://mmengine.readthedocs.io/en/latest/api/fileio.html#file-io
09/14 21:37:05 - mmengine - WARNING - "FileClient" will be deprecated in future. Please use io functions in https://mmengine.readthedocs.io/en/latest/api/fileio.html#file-io
09/14 21:37:05 - mmengine - WARNING - "HardDiskBackend" is the alias of "LocalBackend" and the former will be deprecated in future.
09/14 21:37:05 - mmengine - WARNING - "HardDiskBackend" is the alias of "LocalBackend" and the former will be deprecated in future.
/data/run01/sczc063/yuzibo/conda_envs/opentad/lib/python3.10/site-packages/torch/nn/modules/conv.py:459: UserWarning: Applied workaround for CuDNN issue, install nvrtc.so (Triggered internally at /opt/conda/conda-bld/pytorch_1682343995026/work/aten/src/ATen/native/cudnn/Conv_v8.cpp:80.)
  return F.conv2d(input, weight, bias, self.stride,
09/14 21:37:16 - mmengine - WARNING - "FileClient" will be deprecated in future. Please use io functions in https://mmengine.readthedocs.io/en/latest/api/fileio.html#file-io
09/14 21:37:16 - mmengine - WARNING - "FileClient" will be deprecated in future. Please use io functions in https://mmengine.readthedocs.io/en/latest/api/fileio.html#file-io
09/14 21:37:16 - mmengine - WARNING - "HardDiskBackend" is the alias of "LocalBackend" and the former will be deprecated in future.
09/14 21:37:16 - mmengine - WARNING - "HardDiskBackend" is the alias of "LocalBackend" and the former will be deprecated in future.
training subset: 200 videos
ViT's param: 86227200, Adapter's params: 4004364, ratio: 4.6%
Warning: no pretrain path is provided, the backbone will be randomly initialized, unless you have initialized the weights in the model.py.
freeze_backbone: False, norm_eval: False
ViT's param: 86227200, Adapter's params: 4004364, ratio: 4.6%
Warning: no pretrain path is provided, the backbone will be randomly initialized, unless you have initialized the weights in the model.py.
freeze_backbone: False, norm_eval: False
ViT's param: 86227200, Adapter's params: 4004364, ratio: 4.6%
Warning: no pretrain path is provided, the backbone will be randomly initialized, unless you have initialized the weights in the model.py.
freeze_backbone: False, norm_eval: False
09/14 21:37:56 - mmengine - WARNING - "FileClient" will be deprecated in future. Please use io functions in https://mmengine.readthedocs.io/en/latest/api/fileio.html#file-io
09/14 21:37:56 - mmengine - WARNING - "FileClient" will be deprecated in future. Please use io functions in https://mmengine.readthedocs.io/en/latest/api/fileio.html#file-io
09/14 21:37:56 - mmengine - WARNING - "HardDiskBackend" is the alias of "LocalBackend" and the former will be deprecated in future.
09/14 21:37:56 - mmengine - WARNING - "HardDiskBackend" is the alias of "LocalBackend" and the former will be deprecated in future.
/data/run01/sczc063/yuzibo/conda_envs/opentad/lib/python3.10/site-packages/torch/nn/modules/conv.py:459: UserWarning: Applied workaround for CuDNN issue, install nvrtc.so (Triggered internally at /opt/conda/conda-bld/pytorch_1682343995026/work/aten/src/ATen/native/cudnn/Conv_v8.cpp:80.)
  return F.conv2d(input, weight, bias, self.stride,
09/14 21:38:06 - mmengine - WARNING - "FileClient" will be deprecated in future. Please use io functions in https://mmengine.readthedocs.io/en/latest/api/fileio.html#file-io
09/14 21:38:06 - mmengine - WARNING - "HardDiskBackend" is the alias of "LocalBackend" and the former will be deprecated in future.
{"epoch": 1, "successful_updates": 20, "losses": {"task": 0.4627399295568466, "support_attention": 0.08332214504480362, "support_pre_tia": 0.08849957585334778, "support_post_tia": 0.08845897018909454, "full_task": 0.43664149194955826, "self_feature": 0.8374956548213959, "feature": 1.2033233046531677, "cost": 1.8678210973739624}, "peak_gib": 9.47908067703247}
{"epoch": 1, "successful_updates": 40, "losses": {"task": 0.35047973692417145, "support_attention": 0.08563723042607307, "support_pre_tia": 0.09037375450134277, "support_post_tia": 0.09045865759253502, "full_task": 0.3283586800098419, "self_feature": 0.9004947245121002, "feature": 1.1493305265903473, "cost": 1.680990993976593}, "peak_gib": 9.480780124664307}
{"epoch": 1, "successful_updates": 60, "losses": {"task": 0.41572871804237366, "support_attention": 0.1001005582511425, "support_pre_tia": 0.10789314657449722, "support_post_tia": 0.10851626470685005, "full_task": 0.4000683128833771, "self_feature": 0.9757620692253113, "feature": 1.401963233947754, "cost": 2.026105761528015}, "peak_gib": 9.482834339141846}
{"epoch": 1, "successful_updates": 80, "losses": {"task": 0.08155667409300804, "support_attention": 0.09818065166473389, "support_pre_tia": 0.10488368943333626, "support_post_tia": 0.10506303608417511, "full_task": 0.06947604566812515, "self_feature": 0.7076899707317352, "feature": 1.0701380968093872, "cost": 1.2503300905227661}, "peak_gib": 9.482834339141846}
{"epoch": 1, "successful_updates": 100, "losses": {"task": 0.40971747040748596, "support_attention": 0.08315643668174744, "support_pre_tia": 0.08770018815994263, "support_post_tia": 0.08773544430732727, "full_task": 0.4386953115463257, "self_feature": 0.39488452866498847, "feature": 1.0149860978126526, "cost": 1.5826376080513}, "peak_gib": 9.482834339141846}
{"epoch": 2, "successful_updates": 120, "losses": {"task": 0.09184104017913342, "support_attention": 0.09769539535045624, "support_pre_tia": 0.10443655773997307, "support_post_tia": 0.10468962416052818, "full_task": 0.09802602045238018, "self_feature": 0.9404163658618927, "feature": 1.3063222169876099, "cost": 1.5271677374839783}, "peak_gib": 9.482834339141846}
{"epoch": 2, "successful_updates": 140, "losses": {"task": 0.10994567908346653, "support_attention": 0.08041990175843239, "support_pre_tia": 0.08666765317320824, "support_post_tia": 0.08677875250577927, "full_task": 0.103178720921278, "self_feature": 0.23167778273273143, "feature": 0.9127971231937408, "cost": 1.0803775787353516}, "peak_gib": 9.482834339141846}
{"epoch": 2, "successful_updates": 160, "losses": {"task": 0.5100278854370117, "support_attention": 0.08289005234837532, "support_pre_tia": 0.08607666566967964, "support_post_tia": 0.08632552623748779, "full_task": 0.5292305834591389, "self_feature": 0.4095339555351529, "feature": 1.0224135518074036, "cost": 1.7143226265907288}, "peak_gib": 9.482834339141846}
{"epoch": 2, "successful_updates": 180, "losses": {"task": 0.12545562162995338, "support_attention": 0.09467585757374763, "support_pre_tia": 0.10022415220737457, "support_post_tia": 0.10059292986989021, "full_task": 0.11533593386411667, "self_feature": 0.6040356457233429, "feature": 0.9967557191848755, "cost": 1.2214897274971008}, "peak_gib": 9.482834339141846}
{"epoch": 2, "successful_updates": 200, "losses": {"task": 0.6258071959018707, "support_attention": 0.09454002603888512, "support_pre_tia": 0.10244639590382576, "support_post_tia": 0.10199405625462532, "full_task": 0.5313214287161827, "self_feature": 0.7515296339988708, "feature": 1.1391287446022034, "cost": 1.9831411838531494}, "peak_gib": 9.482834339141846}
{"epoch": 3, "successful_updates": 220, "losses": {"task": 0.18169886618852615, "support_attention": 0.0893639624118805, "support_pre_tia": 0.09430081769824028, "support_post_tia": 0.09481419995427132, "full_task": 0.1924269199371338, "self_feature": 0.30237911084441293, "feature": 0.950573742389679, "cost": 1.2200730443000793}, "peak_gib": 9.482834339141846}
{"epoch": 3, "successful_updates": 240, "losses": {"task": 0.10800807923078537, "support_attention": 0.08149118348956108, "support_pre_tia": 0.08508341759443283, "support_post_tia": 0.08545541763305664, "full_task": 0.08313260972499847, "self_feature": 0.2881930826824828, "feature": 0.8938525915145874, "cost": 1.0599900484085083}, "peak_gib": 9.482834339141846}
{"epoch": 3, "successful_updates": 260, "losses": {"task": 0.5617653727531433, "support_attention": 0.07594472914934158, "support_pre_tia": 0.07990279048681259, "support_post_tia": 0.0803837887942791, "full_task": 0.6280903667211533, "self_feature": 0.6435037851333618, "feature": 1.0259541273117065, "cost": 1.81710684299469}, "peak_gib": 9.482834339141846}
{"epoch": 3, "successful_updates": 280, "losses": {"task": 1.1030661910772324, "support_attention": 0.09542424976825714, "support_pre_tia": 0.1005929484963417, "support_post_tia": 0.10087012127041817, "full_task": 1.0640426874160767, "self_feature": 0.6232168674468994, "feature": 0.9863565564155579, "cost": 2.427828311920166}, "peak_gib": 9.482834339141846}
{"epoch": 3, "successful_updates": 300, "losses": {"task": 0.16993767768144608, "support_attention": 0.08392120152711868, "support_pre_tia": 0.08865127339959145, "support_post_tia": 0.0885910801589489, "full_task": 0.1331326887011528, "self_feature": 0.43424125927413115, "feature": 1.01430144906044, "cost": 1.2698085308074951}, "peak_gib": 9.482834339141846}
{"epoch": 4, "successful_updates": 320, "losses": {"task": 0.4917858839035034, "support_attention": 0.08588145300745964, "support_pre_tia": 0.0905928947031498, "support_post_tia": 0.09091248363256454, "full_task": 0.46227124333381653, "self_feature": 0.5917047262191772, "feature": 0.9194905161857605, "cost": 1.5950899720191956}, "peak_gib": 9.482834339141846}
{"epoch": 4, "successful_updates": 340, "losses": {"task": 1.2850095182657242, "support_attention": 0.08832389116287231, "support_pre_tia": 0.0945679321885109, "support_post_tia": 0.09498320147395134, "full_task": 1.2715212106704712, "self_feature": 0.8355917036533356, "feature": 1.2396214008331299, "cost": 2.935547947883606}, "peak_gib": 9.482834339141846}
{"epoch": 4, "successful_updates": 360, "losses": {"task": 0.6744545847177505, "support_attention": 0.08124735951423645, "support_pre_tia": 0.08643395826220512, "support_post_tia": 0.08684960380196571, "full_task": 0.6882179453969002, "self_feature": 0.6249854564666748, "feature": 0.9323022663593292, "cost": 1.849974125623703}, "peak_gib": 9.482834339141846}
{"epoch": 4, "successful_updates": 380, "losses": {"task": 0.7682445347309113, "support_attention": 0.10064085200428963, "support_pre_tia": 0.10494348034262657, "support_post_tia": 0.10533427074551582, "full_task": 0.8374096602201462, "self_feature": 0.7641472220420837, "feature": 1.157606065273285, "cost": 2.222131609916687}, "peak_gib": 9.482834339141846}
{"epoch": 4, "successful_updates": 400, "losses": {"task": 0.5141021907329559, "support_attention": 0.0828397125005722, "support_pre_tia": 0.08488820493221283, "support_post_tia": 0.08538772538304329, "full_task": 0.4693310111761093, "self_feature": 0.5576826333999634, "feature": 0.9582306146621704, "cost": 1.653947651386261}, "peak_gib": 9.482834339141846}
{"epoch": 5, "successful_updates": 420, "losses": {"task": 0.15034738183021545, "support_attention": 0.08702046051621437, "support_pre_tia": 0.09163573756814003, "support_post_tia": 0.09210503101348877, "full_task": 0.15403372049331665, "self_feature": 0.600802019238472, "feature": 1.0549059212207794, "cost": 1.3130289316177368}, "peak_gib": 9.482834339141846}
{"epoch": 5, "successful_updates": 440, "losses": {"task": 0.23101035505533218, "support_attention": 0.08883458748459816, "support_pre_tia": 0.0954902321100235, "support_post_tia": 0.09597752243280411, "full_task": 0.2218000739812851, "self_feature": 0.8022713959217072, "feature": 1.1603645086288452, "cost": 1.5366253852844238}, "peak_gib": 9.482834339141846}
{"epoch": 5, "successful_updates": 460, "losses": {"task": 0.04446276184171438, "support_attention": 0.08745663985610008, "support_pre_tia": 0.09389225021004677, "support_post_tia": 0.09440644457936287, "full_task": 0.039941382594406605, "self_feature": 0.31711320999238524, "feature": 0.9058751463890076, "cost": 1.0014495253562927}, "peak_gib": 9.482834339141846}
{"epoch": 5, "successful_updates": 480, "losses": {"task": 0.16995975375175476, "support_attention": 0.08915312960743904, "support_pre_tia": 0.09326490759849548, "support_post_tia": 0.09366195276379585, "full_task": 0.1465553417801857, "self_feature": 0.3296621825211332, "feature": 0.9146684408187866, "cost": 1.1635796427726746}, "peak_gib": 9.482834339141846}
{"epoch": 5, "successful_updates": 500, "losses": {"task": 1.0665037781000137, "support_attention": 0.09733254462480545, "support_pre_tia": 0.10259921103715897, "support_post_tia": 0.10324042662978172, "full_task": 1.0514833107590675, "self_feature": 0.806527704000473, "feature": 1.1799770593643188, "cost": 2.6002965569496155}, "peak_gib": 9.482834339141846}
{"epoch": 6, "successful_updates": 520, "losses": {"task": 0.20924194157123566, "support_attention": 0.1069234199821949, "support_pre_tia": 0.11416538059711456, "support_post_tia": 0.11466551199555397, "full_task": 0.2725766748189926, "self_feature": 0.7903450131416321, "feature": 1.219071626663208, "cost": 1.5869337916374207}, "peak_gib": 9.482834339141846}
{"epoch": 6, "successful_updates": 540, "losses": {"task": 1.2097864747047424, "support_attention": 0.09354199096560478, "support_pre_tia": 0.09981638565659523, "support_post_tia": 0.10038917884230614, "full_task": 1.2225262522697449, "self_feature": 0.8627226948738098, "feature": 1.2986000776290894, "cost": 2.9103007316589355}, "peak_gib": 9.482834339141846}
{"epoch": 6, "successful_updates": 560, "losses": {"task": 0.5086782425642014, "support_attention": 0.09021913632750511, "support_pre_tia": 0.09486307203769684, "support_post_tia": 0.09564363211393356, "full_task": 0.45810166001319885, "self_feature": 0.46134139959758613, "feature": 0.9731746912002563, "cost": 1.652037799358368}, "peak_gib": 9.482834339141846}
{"epoch": 6, "successful_updates": 580, "losses": {"task": 0.5184489041566849, "support_attention": 0.08779193833470345, "support_pre_tia": 0.09139921888709068, "support_post_tia": 0.09186875820159912, "full_task": 0.6201692223548889, "self_feature": 0.6202062666416168, "feature": 1.0175235867500305, "cost": 1.7621988654136658}, "peak_gib": 9.482834339141846}
{"epoch": 6, "successful_updates": 600, "losses": {"task": 0.21105222404003143, "support_attention": 0.08008230850100517, "support_pre_tia": 0.08303077518939972, "support_post_tia": 0.08375705406069756, "full_task": 0.20238560065627098, "self_feature": 0.5917288064956665, "feature": 0.8221675753593445, "cost": 1.1513285040855408}, "peak_gib": 9.482834339141846}
{"epoch": 7, "successful_updates": 620, "losses": {"task": 0.17253852635622025, "support_attention": 0.08295242860913277, "support_pre_tia": 0.08555194735527039, "support_post_tia": 0.08631791546940804, "full_task": 0.18051514774560928, "self_feature": 0.6138218343257904, "feature": 0.9827138185501099, "cost": 1.270356833934784}, "peak_gib": 9.482834339141846}
{"epoch": 7, "successful_updates": 640, "losses": {"task": 0.4937984049320221, "support_attention": 0.09298532828688622, "support_pre_tia": 0.1006435826420784, "support_post_tia": 0.10120038315653801, "full_task": 0.508599653840065, "self_feature": 0.8874636590480804, "feature": 1.285539448261261, "cost": 2.0053263902664185}, "peak_gib": 9.482834339141846}
{"epoch": 7, "successful_updates": 660, "losses": {"task": 0.28808026015758514, "support_attention": 0.08198536932468414, "support_pre_tia": 0.08642381429672241, "support_post_tia": 0.08697087317705154, "full_task": 0.26495984196662903, "self_feature": 0.6516024619340897, "feature": 1.0067444443702698, "cost": 1.4348946809768677}, "peak_gib": 9.482834339141846}
{"epoch": 7, "successful_updates": 680, "losses": {"task": 0.44593311846256256, "support_attention": 0.10129224509000778, "support_pre_tia": 0.10758849233388901, "support_post_tia": 0.10816123709082603, "full_task": 0.4291529953479767, "self_feature": 0.7185182869434357, "feature": 1.152951419353485, "cost": 1.7888121604919434}, "peak_gib": 9.482834339141846}
{"epoch": 7, "successful_updates": 700, "losses": {"task": 0.2729009836912155, "support_attention": 0.09192352741956711, "support_pre_tia": 0.09684053808450699, "support_post_tia": 0.09758531302213669, "full_task": 0.27621735632419586, "self_feature": 0.3838750050836097, "feature": 0.8468495905399323, "cost": 1.2369136810302734}, "peak_gib": 9.482834339141846}
{"epoch": 8, "successful_updates": 720, "losses": {"task": 0.43261097371578217, "support_attention": 0.08748745545744896, "support_pre_tia": 0.0917203314602375, "support_post_tia": 0.09215810149908066, "full_task": 0.45778408646583557, "self_feature": 0.6375108510255814, "feature": 0.9563925862312317, "cost": 1.5763945579528809}, "peak_gib": 9.482834339141846}
{"epoch": 8, "successful_updates": 740, "losses": {"task": 0.0909043438732624, "support_attention": 0.07860682532191277, "support_pre_tia": 0.08138100057840347, "support_post_tia": 0.0822165459394455, "full_task": 0.09407911077141762, "self_feature": 0.554699182510376, "feature": 0.8556450605392456, "cost": 1.033719003200531}, "peak_gib": 9.482834339141846}
{"epoch": 8, "successful_updates": 760, "losses": {"task": 0.8157739713788033, "support_attention": 0.09537314623594284, "support_pre_tia": 0.10143772885203362, "support_post_tia": 0.10209532454609871, "full_task": 0.9212062507867813, "self_feature": 0.8410784304141998, "feature": 1.2559848427772522, "cost": 2.3963449001312256}, "peak_gib": 9.482834339141846}
{"epoch": 8, "successful_updates": 780, "losses": {"task": 0.6157369762659073, "support_attention": 0.09323060512542725, "support_pre_tia": 0.09728124365210533, "support_post_tia": 0.09743823856115341, "full_task": 0.4536530375480652, "self_feature": 0.5932317972183228, "feature": 1.0024222135543823, "cost": 1.8006316423416138}, "peak_gib": 9.482834339141846}
{"epoch": 8, "successful_updates": 800, "losses": {"task": 0.4302315190434456, "support_attention": 0.08643700182437897, "support_pre_tia": 0.0909913182258606, "support_post_tia": 0.09163098409771919, "full_task": 0.40070807933807373, "self_feature": 0.5822890400886536, "feature": 0.8783148527145386, "cost": 1.4760833978652954}, "peak_gib": 9.482834339141846}
{"epoch": 9, "successful_updates": 820, "losses": {"task": 0.21987590566277504, "support_attention": 0.09532533213496208, "support_pre_tia": 0.0984342135488987, "support_post_tia": 0.09933269023895264, "full_task": 0.18972224742174149, "self_feature": 0.3781459966485272, "feature": 0.9892129004001617, "cost": 1.3042223453521729}, "peak_gib": 9.482834339141846}
{"epoch": 9, "successful_updates": 840, "losses": {"task": 0.44716742634773254, "support_attention": 0.08232392743229866, "support_pre_tia": 0.0871092788875103, "support_post_tia": 0.08769197389483452, "full_task": 0.46757450699806213, "self_feature": 0.7071261703968048, "feature": 1.0621285736560822, "cost": 1.7056423425674438}, "peak_gib": 9.482834339141846}
{"epoch": 9, "successful_updates": 860, "losses": {"task": 0.4136204943060875, "support_attention": 0.07628259807825089, "support_pre_tia": 0.08088956400752068, "support_post_tia": 0.0815049558877945, "full_task": 0.4336817339062691, "self_feature": 0.44178152084350586, "feature": 0.7937558591365814, "cost": 1.3680947124958038}, "peak_gib": 9.482834339141846}
{"epoch": 9, "successful_updates": 880, "losses": {"task": 0.34445324540138245, "support_attention": 0.09128564968705177, "support_pre_tia": 0.0956895649433136, "support_post_tia": 0.09672686457633972, "full_task": 0.40964142978191376, "self_feature": 0.307835910056383, "feature": 0.8615204393863678, "cost": 1.3487884402275085}, "peak_gib": 9.482834339141846}
{"epoch": 9, "successful_updates": 900, "losses": {"task": 0.28113865852355957, "support_attention": 0.08896400406956673, "support_pre_tia": 0.09534987807273865, "support_post_tia": 0.096188485622406, "full_task": 0.2809657007455826, "self_feature": 0.5625297874212265, "feature": 0.8782041072845459, "cost": 1.2954141497612}, "peak_gib": 9.482834339141846}
{"epoch": 10, "successful_updates": 920, "losses": {"task": 0.06152239441871643, "support_attention": 0.08350133895874023, "support_pre_tia": 0.08575931936502457, "support_post_tia": 0.08639327064156532, "full_task": 0.06313250958919525, "self_feature": 3.418245523789665e-05, "feature": 0.6105557829141617, "cost": 0.6964723467826843}, "peak_gib": 9.482834339141846}
{"epoch": 10, "successful_updates": 940, "losses": {"task": 0.3273926377296448, "support_attention": 0.08242848515510559, "support_pre_tia": 0.08664301037788391, "support_post_tia": 0.08738373592495918, "full_task": 0.3916604481637478, "self_feature": 0.7248339354991913, "feature": 1.0776324272155762, "cost": 1.5841248631477356}, "peak_gib": 9.482834339141846}
{"epoch": 10, "successful_updates": 960, "losses": {"task": 0.39613777212798595, "support_attention": 0.08603769168257713, "support_pre_tia": 0.09130265936255455, "support_post_tia": 0.09203829243779182, "full_task": 0.36978561989963055, "self_feature": 0.6052770614624023, "feature": 1.0616713762283325, "cost": 1.6199502348899841}, "peak_gib": 9.482834339141846}
{"epoch": 10, "successful_updates": 980, "losses": {"task": 0.28861406445503235, "support_attention": 0.08615066111087799, "support_pre_tia": 0.0893268771469593, "support_post_tia": 0.09022021666169167, "full_task": 0.27547118812799454, "self_feature": 0.19417863200578722, "feature": 0.6563841253519058, "cost": 1.042261153459549}, "peak_gib": 9.482834339141846}
{"epoch": 10, "successful_updates": 1000, "losses": {"task": 0.1971426261588931, "support_attention": 0.0893939696252346, "support_pre_tia": 0.09504808858036995, "support_post_tia": 0.095602847635746, "full_task": 0.17289302591234446, "self_feature": 0.41136550643750525, "feature": 0.9409622550010681, "cost": 1.2319972515106201}, "peak_gib": 9.482834339141846}
validation subset: 211 videos, truncated as 792 windows.
review5485_p01_b_seed42 10: 1/792
review5485_p01_b_seed42 10: 101/792
review5485_p01_b_seed42 10: 201/792
review5485_p01_b_seed42 10: 301/792
review5485_p01_b_seed42 10: 401/792
review5485_p01_b_seed42 10: 501/792
review5485_p01_b_seed42 10: 601/792
review5485_p01_b_seed42 10: 701/792
{'average_mAP': 0.6736639360609431, 'mAP@0.3': 0.8282165829433792, 'mAP@0.4': 0.7816994951204351, 'mAP@0.5': 0.7018793200131375, 'mAP@0.6': 0.5965345513148227, 'mAP@0.7': 0.45998973091294043}
{"epoch": 11, "successful_updates": 1020, "losses": {"task": 0.09151730313897133, "support_attention": 0.08925623819231987, "support_pre_tia": 0.09321082383394241, "support_post_tia": 0.09407703205943108, "full_task": 0.09483762830495834, "self_feature": 0.6308009773492813, "feature": 0.9639488160610199, "cost": 1.1516200304031372}, "peak_gib": 9.476717472076416}
{"epoch": 11, "successful_updates": 1040, "losses": {"task": 0.26762906834483147, "support_attention": 0.09094678238034248, "support_pre_tia": 0.0969042107462883, "support_post_tia": 0.0977509617805481, "full_task": 0.25200841948390007, "self_feature": 0.7670125663280487, "feature": 1.091659426689148, "cost": 1.508724570274353}, "peak_gib": 9.476717472076416}
{"epoch": 11, "successful_updates": 1060, "losses": {"task": 1.194481961429119, "support_attention": 0.08895495161414146, "support_pre_tia": 0.09594114497303963, "support_post_tia": 0.0968194305896759, "full_task": 1.2355178445577621, "self_feature": 0.8338200747966766, "feature": 1.2531617283821106, "cost": 2.849543273448944}, "peak_gib": 9.476717472076416}
{"epoch": 11, "successful_updates": 1080, "losses": {"task": 0.40301916003227234, "support_attention": 0.10305289551615715, "support_pre_tia": 0.11076881363987923, "support_post_tia": 0.11184747517108917, "full_task": 0.39052682369947433, "self_feature": 0.7125980854034424, "feature": 1.0518232583999634, "cost": 1.6348646879196167}, "peak_gib": 9.480135440826416}
{"epoch": 11, "successful_updates": 1100, "losses": {"task": 0.3094291463494301, "support_attention": 0.09138866513967514, "support_pre_tia": 0.0952853225171566, "support_post_tia": 0.09630205854773521, "full_task": 0.3095679134130478, "self_feature": 0.5970567315816879, "feature": 0.8603249490261078, "cost": 1.3164311051368713}, "peak_gib": 9.480135440826416}
{"epoch": 12, "successful_updates": 1120, "losses": {"task": 0.14308032393455505, "support_attention": 0.09500992298126221, "support_pre_tia": 0.09989149868488312, "support_post_tia": 0.10077016055583954, "full_task": 0.14574099332094193, "self_feature": 0.7063341736793518, "feature": 1.1429095566272736, "cost": 1.4030916094779968}, "peak_gib": 9.480135440826416}
{"epoch": 12, "successful_updates": 1140, "losses": {"task": 0.1833876669406891, "support_attention": 0.08495651185512543, "support_pre_tia": 0.08737784996628761, "support_post_tia": 0.08823800832033157, "full_task": 0.19933326542377472, "self_feature": 0.7581011056900024, "feature": 1.0585397481918335, "cost": 1.3763517141342163}, "peak_gib": 9.480135440826416}
{"epoch": 12, "successful_updates": 1160, "losses": {"task": 0.1165518369525671, "support_attention": 0.10315298661589622, "support_pre_tia": 0.11143599450588226, "support_post_tia": 0.1124613918364048, "full_task": 0.10400099027901888, "self_feature": 0.4546727922042919, "feature": 1.0427322685718536, "cost": 1.241946518421173}, "peak_gib": 9.480135440826416}
{"epoch": 12, "successful_updates": 1180, "losses": {"task": 0.2613780200481415, "support_attention": 0.09851763024926186, "support_pre_tia": 0.1022285670042038, "support_post_tia": 0.10336939245462418, "full_task": 0.2776700556278229, "self_feature": 0.5933428406715393, "feature": 0.9575459659099579, "cost": 1.3579556941986084}, "peak_gib": 9.480135440826416}
{"epoch": 12, "successful_updates": 1200, "losses": {"task": 0.28994883969426155, "support_attention": 0.092198446393013, "support_pre_tia": 0.09773639962077141, "support_post_tia": 0.09883875399827957, "full_task": 0.2785167545080185, "self_feature": 0.5858787298202515, "feature": 0.977091521024704, "cost": 1.4050862193107605}, "peak_gib": 9.480135440826416}
{"epoch": 13, "successful_updates": 1220, "losses": {"task": 0.3864670693874359, "support_attention": 0.08946142718195915, "support_pre_tia": 0.0937531441450119, "support_post_tia": 0.09481211379170418, "full_task": 0.38417527079582214, "self_feature": 0.5430331528186798, "feature": 0.8411873579025269, "cost": 1.3874298334121704}, "peak_gib": 9.480135440826416}
{"epoch": 13, "successful_updates": 1240, "losses": {"task": 0.44871823489665985, "support_attention": 0.09025382250547409, "support_pre_tia": 0.0965638980269432, "support_post_tia": 0.09768585488200188, "full_task": 0.4304305464029312, "self_feature": 0.7453230917453766, "feature": 1.0772539377212524, "cost": 1.7178246974945068}, "peak_gib": 9.480135440826416}
{"epoch": 13, "successful_updates": 1260, "losses": {"task": 0.08601372316479683, "support_attention": 0.08905261382460594, "support_pre_tia": 0.0947003960609436, "support_post_tia": 0.09579543396830559, "full_task": 0.07837291434407234, "self_feature": 0.5925514996051788, "feature": 1.0324473977088928, "cost": 1.206834316253662}, "peak_gib": 9.480135440826416}
{"epoch": 13, "successful_updates": 1280, "losses": {"task": 0.6250793635845184, "support_attention": 0.09297594428062439, "support_pre_tia": 0.09742197021842003, "support_post_tia": 0.09832209348678589, "full_task": 0.535168394446373, "self_feature": 0.6851461231708527, "feature": 1.0364817678928375, "cost": 1.8736549615859985}, "peak_gib": 9.480135440826416}
{"epoch": 13, "successful_updates": 1300, "losses": {"task": 0.24837008863687515, "support_attention": 0.08262436091899872, "support_pre_tia": 0.08677596971392632, "support_post_tia": 0.08803090453147888, "full_task": 0.2607240602374077, "self_feature": 0.564258873462677, "feature": 0.8518948554992676, "cost": 1.2306121587753296}, "peak_gib": 9.480135440826416}
{"epoch": 14, "successful_updates": 1320, "losses": {"task": 0.5105917453765869, "support_attention": 0.09528656303882599, "support_pre_tia": 0.10160097107291222, "support_post_tia": 0.10263638198375702, "full_task": 0.4714251756668091, "self_feature": 0.8036403656005859, "feature": 1.2222796082496643, "cost": 1.941303551197052}, "peak_gib": 9.480135440826416}
{"epoch": 14, "successful_updates": 1340, "losses": {"task": 0.19040628895163536, "support_attention": 0.077024657279253, "support_pre_tia": 0.07901094853878021, "support_post_tia": 0.0802796483039856, "full_task": 0.1466120146214962, "self_feature": 0.4056248366832733, "feature": 0.7586745321750641, "cost": 1.0342608094215393}, "peak_gib": 9.480135440826416}
{"epoch": 14, "successful_updates": 1360, "losses": {"task": 0.3100966364145279, "support_attention": 0.08216406404972076, "support_pre_tia": 0.08555147796869278, "support_post_tia": 0.08652141690254211, "full_task": 0.29849910736083984, "self_feature": 0.5973456501960754, "feature": 0.9137263298034668, "cost": 1.3667858839035034}, "peak_gib": 9.480135440826416}
{"epoch": 14, "successful_updates": 1380, "losses": {"task": 0.29705870151519775, "support_attention": 0.08669409900903702, "support_pre_tia": 0.08960926160216331, "support_post_tia": 0.09084442257881165, "full_task": 0.2538846582174301, "self_feature": 0.47924238443374634, "feature": 0.8573317229747772, "cost": 1.2748085260391235}, "peak_gib": 9.480135440826416}
{"epoch": 14, "successful_updates": 1400, "losses": {"task": 1.037799432873726, "support_attention": 0.088982954621315, "support_pre_tia": 0.09142571687698364, "support_post_tia": 0.09253470972180367, "full_task": 1.043266948312521, "self_feature": 0.4509001837559481, "feature": 0.9687433242797852, "cost": 2.3216474652290344}, "peak_gib": 9.480177402496338}
{"epoch": 15, "successful_updates": 1420, "losses": {"task": 0.3062368854880333, "support_attention": 0.09040209650993347, "support_pre_tia": 0.0960463099181652, "support_post_tia": 0.09711719676852226, "full_task": 0.3094150274991989, "self_feature": 0.31793107045814395, "feature": 0.8450239896774292, "cost": 1.27006596326828}, "peak_gib": 9.480177402496338}
{"epoch": 15, "successful_updates": 1440, "losses": {"task": 0.17555538564920425, "support_attention": 0.09099980443716049, "support_pre_tia": 0.09647656604647636, "support_post_tia": 0.09761907905340195, "full_task": 0.16288571804761887, "self_feature": 0.3638259409499369, "feature": 0.8390307426452637, "cost": 1.1013949513435364}, "peak_gib": 9.480177402496338}
{"epoch": 15, "successful_updates": 1460, "losses": {"task": 0.27578867971897125, "support_attention": 0.09778812527656555, "support_pre_tia": 0.10560949519276619, "support_post_tia": 0.10681808739900589, "full_task": 0.25496305525302887, "self_feature": 0.8690410554409027, "feature": 1.2338159084320068, "cost": 1.6708707809448242}, "peak_gib": 9.480177402496338}
{"epoch": 15, "successful_updates": 1480, "losses": {"task": 0.7596885114908218, "support_attention": 0.10046829655766487, "support_pre_tia": 0.10586437582969666, "support_post_tia": 0.10707787424325943, "full_task": 0.6980391591787338, "self_feature": 0.4349315372965066, "feature": 1.0136058926582336, "cost": 2.0019444823265076}, "peak_gib": 9.480177402496338}
{"epoch": 15, "successful_updates": 1500, "losses": {"task": 1.0655519589781761, "support_attention": 0.09639305248856544, "support_pre_tia": 0.10339357331395149, "support_post_tia": 0.10445550829172134, "full_task": 1.1173445396125317, "self_feature": 0.8409983813762665, "feature": 1.1536067128181458, "cost": 2.5929870009422302}, "peak_gib": 9.480177402496338}
{"epoch": 16, "successful_updates": 1520, "losses": {"task": 1.2519032284617424, "support_attention": 0.09852356091141701, "support_pre_tia": 0.10405492782592773, "support_post_tia": 0.10531186312437057, "full_task": 1.0636089351028204, "self_feature": 0.8189275562763214, "feature": 1.2090991139411926, "cost": 2.8192657232284546}, "peak_gib": 9.480177402496338}
{"epoch": 16, "successful_updates": 1540, "losses": {"task": 0.10123274195939302, "support_attention": 0.09193987399339676, "support_pre_tia": 0.09858188033103943, "support_post_tia": 0.09978309273719788, "full_task": 0.10505178850144148, "self_feature": 3.549803659552708e-05, "feature": 0.6299597024917603, "cost": 0.7673772126436234}, "peak_gib": 9.480177402496338}
{"epoch": 16, "successful_updates": 1560, "losses": {"task": 0.1941138431429863, "support_attention": 0.09247520565986633, "support_pre_tia": 0.09949132800102234, "support_post_tia": 0.10054916888475418, "full_task": 0.20583432167768478, "self_feature": 0.43829756591549085, "feature": 0.9909567534923553, "cost": 1.2903609871864319}, "peak_gib": 9.480177402496338}
{"epoch": 16, "successful_updates": 1580, "losses": {"task": 1.245494544506073, "support_attention": 0.09495655074715614, "support_pre_tia": 0.09937652945518494, "support_post_tia": 0.10063111037015915, "full_task": 1.255814403295517, "self_feature": 0.6694408655166626, "feature": 1.0637364983558655, "cost": 2.7001290321350098}, "peak_gib": 9.480177402496338}
{"epoch": 16, "successful_updates": 1600, "losses": {"task": 0.2573531959205866, "support_attention": 0.10736871138215065, "support_pre_tia": 0.11308614537119865, "support_post_tia": 0.11417855694890022, "full_task": 0.30073289619758725, "self_feature": 0.8006548285484314, "feature": 1.1541523933410645, "cost": 1.578117549419403}, "peak_gib": 9.480177402496338}
{"epoch": 17, "successful_updates": 1620, "losses": {"task": 0.1148689016699791, "support_attention": 0.08859686926007271, "support_pre_tia": 0.09316477552056313, "support_post_tia": 0.09457290172576904, "full_task": 0.14658313244581223, "self_feature": 0.5510099232196808, "feature": 0.9861101806163788, "cost": 1.2021127939224243}, "peak_gib": 9.480177402496338}
{"epoch": 17, "successful_updates": 1640, "losses": {"task": 1.2215532064437866, "support_attention": 0.08255289867520332, "support_pre_tia": 0.08805400878190994, "support_post_tia": 0.08941318467259407, "full_task": 1.1676478385925293, "self_feature": 0.7329642176628113, "feature": 1.0897427797317505, "cost": 2.6853777170181274}, "peak_gib": 9.480177402496338}
{"epoch": 17, "successful_updates": 1660, "losses": {"task": 0.6050715744495392, "support_attention": 0.08712504431605339, "support_pre_tia": 0.09224897250533104, "support_post_tia": 0.09354013577103615, "full_task": 0.6107965111732483, "self_feature": 0.5456494092941284, "feature": 0.9255243539810181, "cost": 1.7471493482589722}, "peak_gib": 9.480177402496338}
{"epoch": 17, "successful_updates": 1680, "losses": {"task": 0.10828653909265995, "support_attention": 0.10529487580060959, "support_pre_tia": 0.11398248001933098, "support_post_tia": 0.11524301022291183, "full_task": 0.07967055216431618, "self_feature": 0.6996465921401978, "feature": 1.0646056532859802, "cost": 1.274235725402832}, "peak_gib": 9.480177402496338}
{"epoch": 17, "successful_updates": 1700, "losses": {"task": 0.16930603981018066, "support_attention": 0.07543547451496124, "support_pre_tia": 0.07750427350401878, "support_post_tia": 0.07883147522807121, "full_task": 0.14824145287275314, "self_feature": 0.519192099571228, "feature": 0.7447423338890076, "cost": 1.0108447074890137}, "peak_gib": 9.480177402496338}
{"epoch": 18, "successful_updates": 1720, "losses": {"task": 0.8574578166007996, "support_attention": 0.09117696806788445, "support_pre_tia": 0.09531966596841812, "support_post_tia": 0.09662771597504616, "full_task": 0.8727984428405762, "self_feature": 0.6765271127223969, "feature": 0.9473253786563873, "cost": 2.1002328991889954}, "peak_gib": 9.480177402496338}
{"epoch": 18, "successful_updates": 1740, "losses": {"task": 0.0950201153755188, "support_attention": 0.09322921186685562, "support_pre_tia": 0.09954573214054108, "support_post_tia": 0.1009802334010601, "full_task": 0.09956394135951996, "self_feature": 0.3667038175735797, "feature": 0.936122477054596, "cost": 1.1027302742004395}, "peak_gib": 9.480177402496338}
{"epoch": 18, "successful_updates": 1760, "losses": {"task": 0.6173187773674726, "support_attention": 0.09251269698143005, "support_pre_tia": 0.09800368174910545, "support_post_tia": 0.09930900856852531, "full_task": 0.6527132885530591, "self_feature": 0.32425623738890863, "feature": 0.8477154076099396, "cost": 1.6705037951469421}, "peak_gib": 9.480177402496338}
{"epoch": 18, "successful_updates": 1780, "losses": {"task": 0.4557727128267288, "support_attention": 0.0997452661395073, "support_pre_tia": 0.10672635212540627, "support_post_tia": 0.10822880268096924, "full_task": 0.40112271904945374, "self_feature": 0.7176123559474945, "feature": 1.1299691796302795, "cost": 1.7685315608978271}, "peak_gib": 9.480177402496338}
{"epoch": 18, "successful_updates": 1800, "losses": {"task": 0.8435034304857254, "support_attention": 0.0958203375339508, "support_pre_tia": 0.10280269384384155, "support_post_tia": 0.10407199710607529, "full_task": 0.8589070439338684, "self_feature": 0.7894875109195709, "feature": 1.1210065484046936, "cost": 2.268529176712036}, "peak_gib": 9.480177402496338}
{"epoch": 19, "successful_updates": 1820, "losses": {"task": 0.28006502240896225, "support_attention": 0.10259604826569557, "support_pre_tia": 0.10822078213095665, "support_post_tia": 0.10939812287688255, "full_task": 0.2354593724012375, "self_feature": 0.8167719542980194, "feature": 1.2234952449798584, "cost": 1.6549832224845886}, "peak_gib": 9.480177402496338}
{"epoch": 19, "successful_updates": 1840, "losses": {"task": 0.2341822385787964, "support_attention": 0.08488009124994278, "support_pre_tia": 0.08955397084355354, "support_post_tia": 0.09095784276723862, "full_task": 0.2680836692452431, "self_feature": 0.5795091390609741, "feature": 0.9387707114219666, "cost": 1.3069503903388977}, "peak_gib": 9.480177402496338}
{"epoch": 19, "successful_updates": 1860, "losses": {"task": 0.3373248614370823, "support_attention": 0.09544765949249268, "support_pre_tia": 0.1019553616642952, "support_post_tia": 0.10333111882209778, "full_task": 0.3360612764954567, "self_feature": 0.838683009147644, "feature": 1.2225319743156433, "cost": 1.738004744052887}, "peak_gib": 9.480177402496338}
{"epoch": 19, "successful_updates": 1880, "losses": {"task": 0.05977642349898815, "support_attention": 0.09672350808978081, "support_pre_tia": 0.10218387469649315, "support_post_tia": 0.10373545438051224, "full_task": 0.058427998796105385, "self_feature": 5.661259638145566e-05, "feature": 0.6921988725662231, "cost": 0.7768839299678802}, "peak_gib": 9.48041582107544}
{"epoch": 19, "successful_updates": 1900, "losses": {"task": 0.952917069196701, "support_attention": 0.0904030129313469, "support_pre_tia": 0.09480149298906326, "support_post_tia": 0.09605370834469795, "full_task": 0.9063233137130737, "self_feature": 0.7076229155063629, "feature": 1.0890646278858185, "cost": 2.348867654800415}, "peak_gib": 9.48041582107544}
{"epoch": 20, "successful_updates": 1920, "losses": {"task": 0.15253210812807083, "support_attention": 0.09678560122847557, "support_pre_tia": 0.10320913046598434, "support_post_tia": 0.10470393300056458, "full_task": 0.1591859683394432, "self_feature": 0.5187251269817352, "feature": 1.0361124873161316, "cost": 1.2907092571258545}, "peak_gib": 9.48041582107544}
{"epoch": 20, "successful_updates": 1940, "losses": {"task": 0.18541167676448822, "support_attention": 0.0918041244149208, "support_pre_tia": 0.09682125225663185, "support_post_tia": 0.09816920757293701, "full_task": 0.1805771142244339, "self_feature": 0.7322714030742645, "feature": 1.10862597823143, "cost": 1.4221585988998413}, "peak_gib": 9.48041582107544}
{"epoch": 20, "successful_updates": 1960, "losses": {"task": 0.14734551310539246, "support_attention": 0.08348071202635765, "support_pre_tia": 0.08512145653367043, "support_post_tia": 0.08642778545618057, "full_task": 0.15172401443123817, "self_feature": 0.2998947477881302, "feature": 0.7258272767066956, "cost": 0.9496707320213318}, "peak_gib": 9.48041582107544}
{"epoch": 20, "successful_updates": 1980, "losses": {"task": 0.5659806355834007, "support_attention": 0.101718220859766, "support_pre_tia": 0.10637164115905762, "support_post_tia": 0.10767850279808044, "full_task": 0.55238176882267, "self_feature": 0.7935939729213715, "feature": 1.1951825618743896, "cost": 1.9893205761909485}, "peak_gib": 9.48041582107544}
{"epoch": 20, "successful_updates": 2000, "losses": {"task": 0.3538225144147873, "support_attention": 0.09930332377552986, "support_pre_tia": 0.10448308661580086, "support_post_tia": 0.10580176115036011, "full_task": 0.3149022310972214, "self_feature": 0.8099823594093323, "feature": 1.1222097873687744, "cost": 1.6462703347206116}, "peak_gib": 9.48041582107544}
validation subset: 211 videos, truncated as 792 windows.
review5485_p01_b_seed42 20: 1/792
review5485_p01_b_seed42 20: 101/792
review5485_p01_b_seed42 20: 201/792
review5485_p01_b_seed42 20: 301/792
review5485_p01_b_seed42 20: 401/792
review5485_p01_b_seed42 20: 501/792
review5485_p01_b_seed42 20: 601/792
review5485_p01_b_seed42 20: 701/792
{'average_mAP': 0.6752922992977751, 'mAP@0.3': 0.8296206962884811, 'mAP@0.4': 0.7789024306256269, 'mAP@0.5': 0.7041533573357777, 'mAP@0.6': 0.5990088644351029, 'mAP@0.7': 0.464776147803887}
{"epoch": 21, "successful_updates": 2020, "losses": {"task": 0.12481194362044334, "support_attention": 0.10245975479483604, "support_pre_tia": 0.10956249758601189, "support_post_tia": 0.11094711348414421, "full_task": 0.10309331864118576, "self_feature": 0.7523805499076843, "feature": 1.1355124413967133, "cost": 1.3723612427711487}, "peak_gib": 9.480364322662354}
{"epoch": 21, "successful_updates": 2040, "losses": {"task": 0.12243165075778961, "support_attention": 0.09093766659498215, "support_pre_tia": 0.09619974344968796, "support_post_tia": 0.09769574925303459, "full_task": 0.12102033197879791, "self_feature": 0.591559886932373, "feature": 0.9487074017524719, "cost": 1.1702448725700378}, "peak_gib": 9.480364322662354}
{"epoch": 21, "successful_updates": 2060, "losses": {"task": 0.17121440917253494, "support_attention": 0.0907483771443367, "support_pre_tia": 0.09541690349578857, "support_post_tia": 0.09698213636875153, "full_task": 0.17587726563215256, "self_feature": 0.4243005838297904, "feature": 0.9562670290470123, "cost": 1.2235007882118225}, "peak_gib": 9.480364322662354}
{"epoch": 21, "successful_updates": 2080, "losses": {"task": 0.1126713976264, "support_attention": 0.10664939135313034, "support_pre_tia": 0.11358407884836197, "support_post_tia": 0.11499562114477158, "full_task": 0.10263644531369209, "self_feature": 0.7370303869247437, "feature": 1.1333613395690918, "cost": 1.3568238615989685}, "peak_gib": 9.480364322662354}
{"epoch": 21, "successful_updates": 2100, "losses": {"task": 1.0936609962955117, "support_attention": 0.09750095754861832, "support_pre_tia": 0.10335421934723854, "support_post_tia": 0.10467874631285667, "full_task": 0.8618158791214228, "self_feature": 0.7502675950527191, "feature": 1.0420398116111755, "cost": 2.4365832209587097}, "peak_gib": 9.480364322662354}
{"epoch": 22, "successful_updates": 2120, "losses": {"task": 0.37500232458114624, "support_attention": 0.0900992639362812, "support_pre_tia": 0.09450901672244072, "support_post_tia": 0.0960731990635395, "full_task": 0.34878169000148773, "self_feature": 0.7084756195545197, "feature": 1.0398038029670715, "cost": 1.5823782086372375}, "peak_gib": 9.480364322662354}
{"epoch": 22, "successful_updates": 2140, "losses": {"task": 0.6381771862506866, "support_attention": 0.08627209067344666, "support_pre_tia": 0.08919595927000046, "support_post_tia": 0.09074627980589867, "full_task": 0.5762125849723816, "self_feature": 0.793545663356781, "feature": 1.1402602195739746, "cost": 2.010842263698578}, "peak_gib": 9.480364322662354}
{"epoch": 22, "successful_updates": 2160, "losses": {"task": 0.9000449180603027, "support_attention": 0.08177149295806885, "support_pre_tia": 0.08544254675507545, "support_post_tia": 0.08675480633974075, "full_task": 0.9498862475156784, "self_feature": 0.3308657463367126, "feature": 0.8023308217525482, "cost": 1.9815436601638794}, "peak_gib": 9.480364322662354}
{"epoch": 22, "successful_updates": 2180, "losses": {"task": 0.5768105462193489, "support_attention": 0.102975994348526, "support_pre_tia": 0.10957050323486328, "support_post_tia": 0.11125253885984421, "full_task": 0.6388060338795185, "self_feature": 0.6263774037361145, "feature": 0.9898890554904938, "cost": 1.8000799417495728}, "peak_gib": 9.480364322662354}
{"epoch": 22, "successful_updates": 2200, "losses": {"task": 0.5779058635234833, "support_attention": 0.09350470826029778, "support_pre_tia": 0.09788206964731216, "support_post_tia": 0.09898991882801056, "full_task": 0.576899379491806, "self_feature": 0.7224393486976624, "feature": 1.0123037695884705, "cost": 1.8165220022201538}, "peak_gib": 9.480364322662354}
{"epoch": 23, "successful_updates": 2220, "losses": {"task": 0.11216535232961178, "support_attention": 0.09682035818696022, "support_pre_tia": 0.10324917361140251, "support_post_tia": 0.10484300181269646, "full_task": 0.09976526908576488, "self_feature": 0.6281872689723969, "feature": 1.058695524930954, "cost": 1.2690255045890808}, "peak_gib": 9.480364322662354}
{"epoch": 23, "successful_updates": 2240, "losses": {"task": 0.260536327958107, "support_attention": 0.08667803555727005, "support_pre_tia": 0.09204155206680298, "support_post_tia": 0.09340393915772438, "full_task": 0.26491038501262665, "self_feature": 0.3569061841790244, "feature": 0.8135215640068054, "cost": 1.1852483749389648}, "peak_gib": 9.480364322662354}
{"epoch": 23, "successful_updates": 2260, "losses": {"task": 0.3330596685409546, "support_attention": 0.08983829244971275, "support_pre_tia": 0.09597067162394524, "support_post_tia": 0.09749731421470642, "full_task": 0.3320578336715698, "self_feature": 0.47003790736198425, "feature": 0.8325956463813782, "cost": 1.305346965789795}, "peak_gib": 9.480364322662354}
{"epoch": 23, "successful_updates": 2280, "losses": {"task": 1.0066273212432861, "support_attention": 0.09330089390277863, "support_pre_tia": 0.09920322522521019, "support_post_tia": 0.10094430297613144, "full_task": 0.8623195886611938, "self_feature": 0.4580169767141342, "feature": 0.7451370060443878, "cost": 2.0231531858444214}, "peak_gib": 9.480364322662354}
{"epoch": 23, "successful_updates": 2300, "losses": {"task": 0.27169377356767654, "support_attention": 0.1020933948457241, "support_pre_tia": 0.10711754858493805, "support_post_tia": 0.10870163887739182, "full_task": 0.25617898628115654, "self_feature": 0.78256955742836, "feature": 1.2285168766975403, "cost": 1.6533032655715942}, "peak_gib": 9.480364322662354}
{"epoch": 24, "successful_updates": 2320, "losses": {"task": 0.7417307076975703, "support_attention": 0.06592366844415665, "support_pre_tia": 0.06412735767662525, "support_post_tia": 0.06577160768210888, "full_task": 0.6930112652480602, "self_feature": 0.33749493956565857, "feature": 0.5705165565013885, "cost": 1.5257444381713867}, "peak_gib": 9.480364322662354}
{"epoch": 24, "successful_updates": 2340, "losses": {"task": 0.047189146280288696, "support_attention": 0.08836611360311508, "support_pre_tia": 0.09336602687835693, "support_post_tia": 0.09495332464575768, "full_task": 0.04778957925736904, "self_feature": 0.18787377755870693, "feature": 0.8798629343509674, "cost": 0.9672028124332428}, "peak_gib": 9.480364322662354}
{"epoch": 24, "successful_updates": 2360, "losses": {"task": 0.37806591391563416, "support_attention": 0.09325597062706947, "support_pre_tia": 0.09868959710001945, "support_post_tia": 0.1002270057797432, "full_task": 0.3845093101263046, "self_feature": 0.343346741361529, "feature": 0.8917025923728943, "cost": 1.4101762771606445}, "peak_gib": 9.480364322662354}
{"epoch": 24, "successful_updates": 2380, "losses": {"task": 0.4653550460934639, "support_attention": 0.09765245765447617, "support_pre_tia": 0.10162454098463058, "support_post_tia": 0.10334266722202301, "full_task": 0.4484632685780525, "self_feature": 0.6757020950317383, "feature": 1.0350186228752136, "cost": 1.6903080940246582}, "peak_gib": 9.480364322662354}
{"epoch": 24, "successful_updates": 2400, "losses": {"task": 0.38708972930908203, "support_attention": 0.08083781972527504, "support_pre_tia": 0.08342055603861809, "support_post_tia": 0.08504635840654373, "full_task": 0.3796152323484421, "self_feature": 0.5866075754165649, "feature": 0.7641041278839111, "cost": 1.3131816983222961}, "peak_gib": 9.480364322662354}
{"epoch": 25, "successful_updates": 2420, "losses": {"task": 0.7194136381149292, "support_attention": 0.0990147702395916, "support_pre_tia": 0.10495107620954514, "support_post_tia": 0.10645407438278198, "full_task": 0.6732383966445923, "self_feature": 0.8694845139980316, "feature": 1.235052764415741, "cost": 2.220294773578644}, "peak_gib": 9.480364322662354}
{"epoch": 25, "successful_updates": 2440, "losses": {"task": 0.20744053274393082, "support_attention": 0.09721293300390244, "support_pre_tia": 0.10555577650666237, "support_post_tia": 0.10714736208319664, "full_task": 0.21244046092033386, "self_feature": 0.7293016910552979, "feature": 1.079725980758667, "cost": 1.423841953277588}, "peak_gib": 9.480364322662354}
{"epoch": 25, "successful_updates": 2460, "losses": {"task": 0.1526220701634884, "support_attention": 0.08638666570186615, "support_pre_tia": 0.09066079184412956, "support_post_tia": 0.09252460673451424, "full_task": 0.1542575629428029, "self_feature": 0.6000374406576157, "feature": 0.9493755996227264, "cost": 1.2097251117229462}, "peak_gib": 9.480364322662354}
{"epoch": 25, "successful_updates": 2480, "losses": {"task": 0.12494044005870819, "support_attention": 0.09919599816203117, "support_pre_tia": 0.10543541237711906, "support_post_tia": 0.10724147036671638, "full_task": 0.1577775925397873, "self_feature": 0.5121615678071976, "feature": 0.9183355867862701, "cost": 1.1445704102516174}, "peak_gib": 9.480364322662354}
{"epoch": 25, "successful_updates": 2500, "losses": {"task": 0.4602340832352638, "support_attention": 0.09746825695037842, "support_pre_tia": 0.10379461571574211, "support_post_tia": 0.10556412488222122, "full_task": 0.41496552526950836, "self_feature": 0.6452102661132812, "feature": 0.9224599003791809, "cost": 1.5614243745803833}, "peak_gib": 9.480364322662354}
{"epoch": 26, "successful_updates": 2520, "losses": {"task": 0.2896442711353302, "support_attention": 0.09727256372570992, "support_pre_tia": 0.1022973284125328, "support_post_tia": 0.10392642393708229, "full_task": 0.2932891175150871, "self_feature": 0.41652720959064027, "feature": 0.8932009935379028, "cost": 1.308131456375122}, "peak_gib": 9.480364322662354}
{"epoch": 26, "successful_updates": 2540, "losses": {"task": 0.24936021864414215, "support_attention": 0.08405954763293266, "support_pre_tia": 0.08715882524847984, "support_post_tia": 0.08889534324407578, "full_task": 0.23187217116355896, "self_feature": 0.5178903937339783, "feature": 0.8199024498462677, "cost": 1.1878224611282349}, "peak_gib": 9.480364322662354}
{"epoch": 26, "successful_updates": 2560, "losses": {"task": 0.5324299894273281, "support_attention": 0.08945080637931824, "support_pre_tia": 0.09478732198476791, "support_post_tia": 0.09630410745739937, "full_task": 0.517315361648798, "self_feature": 0.6879843175411224, "feature": 1.0134010016918182, "cost": 1.7535127401351929}, "peak_gib": 9.480364322662354}
{"epoch": 26, "successful_updates": 2580, "losses": {"task": 0.13160144537687302, "support_attention": 0.09870316460728645, "support_pre_tia": 0.1036551296710968, "support_post_tia": 0.10526467859745026, "full_task": 0.12611037492752075, "self_feature": 0.2710786933093914, "feature": 0.9556857347488403, "cost": 1.1563686728477478}, "peak_gib": 9.480364322662354}
{"epoch": 26, "successful_updates": 2600, "losses": {"task": 0.08758317679166794, "support_attention": 0.09827199205756187, "support_pre_tia": 0.10347062349319458, "support_post_tia": 0.10524355620145798, "full_task": 0.10954157635569572, "self_feature": 0.6950632333755493, "feature": 1.0177900791168213, "cost": 1.2127006947994232}, "peak_gib": 9.480364322662354}
{"epoch": 27, "successful_updates": 2620, "losses": {"task": 0.5364167094230652, "support_attention": 0.13628539443016052, "support_pre_tia": 0.14490697532892227, "support_post_tia": 0.14682603627443314, "full_task": 0.5597672164440155, "self_feature": 0.5713952779769897, "feature": 1.062802940607071, "cost": 1.810887634754181}, "peak_gib": 8.920029640197754}
{"epoch": 27, "successful_updates": 2640, "losses": {"task": 0.2712680287659168, "support_attention": 0.11662590131163597, "support_pre_tia": 0.11994700133800507, "support_post_tia": 0.12189430370926857, "full_task": 0.26933123264461756, "self_feature": 0.3185565769672394, "feature": 0.8444648683071136, "cost": 1.2270134389400482}, "peak_gib": 8.920031547546387}
{"epoch": 27, "successful_updates": 2660, "losses": {"task": 1.0563409328460693, "support_attention": 0.13966906070709229, "support_pre_tia": 0.14579816162586212, "support_post_tia": 0.1477089300751686, "full_task": 0.9421563148498535, "self_feature": 0.7428346574306488, "feature": 1.3082900643348694, "cost": 2.689128875732422}, "peak_gib": 8.920044898986816}
{"epoch": 27, "successful_updates": 2680, "losses": {"task": 0.3230850100517273, "support_attention": 0.12740202248096466, "support_pre_tia": 0.13589271903038025, "support_post_tia": 0.137403666973114, "full_task": 0.3206780403852463, "self_feature": 0.24612945383159968, "feature": 0.8746581971645355, "cost": 1.316190481185913}, "peak_gib": 8.920044898986816}
{"epoch": 27, "successful_updates": 2700, "losses": {"task": 0.488109290599823, "support_attention": 0.1194770485162735, "support_pre_tia": 0.12472730502486229, "support_post_tia": 0.12689709663391113, "full_task": 0.45270903408527374, "self_feature": 0.5268448144197464, "feature": 1.0937533974647522, "cost": 1.7603055834770203}, "peak_gib": 8.920044898986816}
{"epoch": 28, "successful_updates": 2720, "losses": {"task": 0.48458629846572876, "support_attention": 0.14361099898815155, "support_pre_tia": 0.15112097561359406, "support_post_tia": 0.15275390446186066, "full_task": 0.5311219096183777, "self_feature": 0.6545093953609467, "feature": 1.2257614731788635, "cost": 1.9237730503082275}, "peak_gib": 8.920044898986816}
{"epoch": 28, "successful_updates": 2740, "losses": {"task": 0.10116654261946678, "support_attention": 0.1362730786204338, "support_pre_tia": 0.14606502652168274, "support_post_tia": 0.14794764667749405, "full_task": 0.09010891988873482, "self_feature": 0.34349049310003466, "feature": 1.25770902633667, "cost": 1.4304525256156921}, "peak_gib": 8.920044898986816}
{"epoch": 28, "successful_updates": 2760, "losses": {"task": 0.17088652029633522, "support_attention": 0.1381751075387001, "support_pre_tia": 0.14601855725049973, "support_post_tia": 0.14757491648197174, "full_task": 0.16030284855514765, "self_feature": 0.7332217693328857, "feature": 1.2650392055511475, "cost": 1.564003348350525}, "peak_gib": 8.920044898986816}
{"epoch": 28, "successful_updates": 2780, "losses": {"task": 0.38181191869080067, "support_attention": 0.1257685124874115, "support_pre_tia": 0.12940151989459991, "support_post_tia": 0.13157417625188828, "full_task": 0.35069446451961994, "self_feature": 0.2802719127594173, "feature": 0.8637244403362274, "cost": 1.3742859065532684}, "peak_gib": 8.920044898986816}
{"epoch": 28, "successful_updates": 2800, "losses": {"task": 0.25960130244493484, "support_attention": 0.1342979520559311, "support_pre_tia": 0.1406901404261589, "support_post_tia": 0.14260274916887283, "full_task": 0.24207569658756256, "self_feature": 0.7003309726715088, "feature": 1.1479759812355042, "cost": 1.5522939562797546}, "peak_gib": 8.920044898986816}
{"epoch": 29, "successful_updates": 2820, "losses": {"task": 0.299563392996788, "support_attention": 0.126293133944273, "support_pre_tia": 0.13035296276211739, "support_post_tia": 0.13229221105575562, "full_task": 0.29788217693567276, "self_feature": 0.37976962327957153, "feature": 0.9160217940807343, "cost": 1.3411649465560913}, "peak_gib": 8.920044898986816}
{"epoch": 29, "successful_updates": 2840, "losses": {"task": 0.20641707256436348, "support_attention": 0.13695651292800903, "support_pre_tia": 0.1447502225637436, "support_post_tia": 0.14662114530801773, "full_task": 0.21068839356303215, "self_feature": 0.6352027803659439, "feature": 1.2058713138103485, "cost": 1.5430492758750916}, "peak_gib": 8.920083045959473}
{"epoch": 29, "successful_updates": 2860, "losses": {"task": 0.7679046392440796, "support_attention": 0.13651350140571594, "support_pre_tia": 0.14456794410943985, "support_post_tia": 0.14613859355449677, "full_task": 0.6450205445289612, "self_feature": 0.6346482634544373, "feature": 1.0771813094615936, "cost": 2.0843411087989807}, "peak_gib": 8.921404838562012}
{"epoch": 29, "successful_updates": 2880, "losses": {"task": 0.33220361918210983, "support_attention": 0.1313270628452301, "support_pre_tia": 0.13804133236408234, "support_post_tia": 0.13984446227550507, "full_task": 0.31948113813996315, "self_feature": 0.6526273787021637, "feature": 1.1647870540618896, "cost": 1.6560179591178894}, "peak_gib": 8.921404838562012}
{"epoch": 29, "successful_updates": 2900, "losses": {"task": 1.0339181870222092, "support_attention": 0.12725650519132614, "support_pre_tia": 0.1327265352010727, "support_post_tia": 0.1349884197115898, "full_task": 1.0829667765647173, "self_feature": 0.6361801326274872, "feature": 1.0677354037761688, "cost": 2.4493990540504456}, "peak_gib": 8.921404838562012}
{"epoch": 30, "successful_updates": 2920, "losses": {"task": 0.23934447765350342, "support_attention": 0.15093448758125305, "support_pre_tia": 0.1591261401772499, "support_post_tia": 0.16071201860904694, "full_task": 0.21815216541290283, "self_feature": 0.644634872674942, "feature": 1.1280720829963684, "cost": 1.5024099946022034}, "peak_gib": 8.921404838562012}
{"epoch": 30, "successful_updates": 2940, "losses": {"task": 0.24091648310422897, "support_attention": 0.1390346735715866, "support_pre_tia": 0.14547069370746613, "support_post_tia": 0.1469874158501625, "full_task": 0.29483041167259216, "self_feature": 0.7901778817176819, "feature": 1.2568888068199158, "cost": 1.6651535630226135}, "peak_gib": 8.921404838562012}
{"epoch": 30, "successful_updates": 2960, "losses": {"task": 0.5060471147298813, "support_attention": 0.13304179161787033, "support_pre_tia": 0.13958371430635452, "support_post_tia": 0.1410055011510849, "full_task": 0.4205263555049896, "self_feature": 0.7333065569400787, "feature": 1.1869363188743591, "cost": 1.8854751586914062}, "peak_gib": 8.921404838562012}
{"epoch": 30, "successful_updates": 2980, "losses": {"task": 0.13204016536474228, "support_attention": 0.12027657777070999, "support_pre_tia": 0.12460169941186905, "support_post_tia": 0.12658962607383728, "full_task": 0.15468980371952057, "self_feature": 0.4229496568441391, "feature": 0.9012763500213623, "cost": 1.126843512058258}, "peak_gib": 8.921404838562012}
{"epoch": 30, "successful_updates": 3000, "losses": {"task": 0.44126815535128117, "support_attention": 0.11238543316721916, "support_pre_tia": 0.11384910345077515, "support_post_tia": 0.11592115461826324, "full_task": 0.40183497220277786, "self_feature": 0.315224865383243, "feature": 1.0201871693134308, "cost": 1.6049250364303589}, "peak_gib": 8.921404838562012}
{"epoch": 31, "successful_updates": 3020, "losses": {"task": 0.5168796479701996, "support_attention": 0.12814170867204666, "support_pre_tia": 0.13677366822957993, "support_post_tia": 0.13897081464529037, "full_task": 0.4770476222038269, "self_feature": 0.40731269121170044, "feature": 0.810430258512497, "cost": 1.5010902881622314}, "peak_gib": 8.921404838562012}
{"epoch": 31, "successful_updates": 3040, "losses": {"task": 0.35016071796417236, "support_attention": 0.1319163180887699, "support_pre_tia": 0.13827088475227356, "support_post_tia": 0.13984978199005127, "full_task": 0.34287993609905243, "self_feature": 0.4052735313325684, "feature": 1.0907122492790222, "cost": 1.5810263752937317}, "peak_gib": 8.921404838562012}
{"epoch": 31, "successful_updates": 3060, "losses": {"task": 0.43586622178554535, "support_attention": 0.13868963718414307, "support_pre_tia": 0.14381425827741623, "support_post_tia": 0.1458369344472885, "full_task": 0.4126370847225189, "self_feature": 0.6975789368152618, "feature": 1.2570258378982544, "cost": 1.8802918195724487}, "peak_gib": 8.921404838562012}
{"epoch": 31, "successful_updates": 3080, "losses": {"task": 0.12952537834644318, "support_attention": 0.1371387094259262, "support_pre_tia": 0.1433805748820305, "support_post_tia": 0.1454307734966278, "full_task": 0.10466794297099113, "self_feature": 0.618893027305603, "feature": 1.164488136768341, "cost": 1.396510362625122}, "peak_gib": 8.921404838562012}
{"epoch": 31, "successful_updates": 3100, "losses": {"task": 0.1589791253209114, "support_attention": 0.11721574142575264, "support_pre_tia": 0.11828549578785896, "support_post_tia": 0.1204020120203495, "full_task": 0.1586620956659317, "self_feature": 3.402045786060626e-05, "feature": 0.9504976272583008, "cost": 1.1610800325870514}, "peak_gib": 8.921404838562012}
{"epoch": 32, "successful_updates": 3120, "losses": {"task": 0.09654584899544716, "support_attention": 0.14518236368894577, "support_pre_tia": 0.15359416604042053, "support_post_tia": 0.15546125173568726, "full_task": 0.07606349885463715, "self_feature": 0.6402954757213593, "feature": 1.2327067255973816, "cost": 1.4277507662773132}, "peak_gib": 8.921404838562012}
{"epoch": 32, "successful_updates": 3140, "losses": {"task": 0.17237438261508942, "support_attention": 0.13698888570070267, "support_pre_tia": 0.14300932735204697, "support_post_tia": 0.14503907412290573, "full_task": 0.18008937686681747, "self_feature": 0.6708756983280182, "feature": 1.1644631028175354, "cost": 1.4633498191833496}, "peak_gib": 8.921404838562012}
{"epoch": 32, "successful_updates": 3160, "losses": {"task": 0.15288593620061874, "support_attention": 0.1278209313750267, "support_pre_tia": 0.13247273862361908, "support_post_tia": 0.1341920718550682, "full_task": 0.14971021562814713, "self_feature": 0.2653334794249531, "feature": 0.8797123730182648, "cost": 1.10989248752594}, "peak_gib": 8.922146797180176}
{"epoch": 32, "successful_updates": 3180, "losses": {"task": 0.2955685779452324, "support_attention": 0.13598843663930893, "support_pre_tia": 0.14087751507759094, "support_post_tia": 0.14271598309278488, "full_task": 0.26190324127674103, "self_feature": 0.29914311309585173, "feature": 0.9847813844680786, "cost": 1.3899196982383728}, "peak_gib": 8.922146797180176}
{"epoch": 32, "successful_updates": 3200, "losses": {"task": 0.18933680653572083, "support_attention": 0.12976637482643127, "support_pre_tia": 0.13738548755645752, "support_post_tia": 0.13936541229486465, "full_task": 0.15984225273132324, "self_feature": 0.7243660092353821, "feature": 1.2860832214355469, "cost": 1.6016547083854675}, "peak_gib": 8.922146797180176}
{"epoch": 33, "successful_updates": 3220, "losses": {"task": 0.15681612491607666, "support_attention": 0.13601262122392654, "support_pre_tia": 0.14279809594154358, "support_post_tia": 0.14480338245630264, "full_task": 0.14988058060407639, "self_feature": 0.3149984998144646, "feature": 0.8593846261501312, "cost": 1.0995508432388306}, "peak_gib": 8.922146797180176}
{"epoch": 33, "successful_updates": 3240, "losses": {"task": 0.04875101521611214, "support_attention": 0.13529568910598755, "support_pre_tia": 0.1415620818734169, "support_post_tia": 0.1434498205780983, "full_task": 0.05458339489996433, "self_feature": 0.6260140836238861, "feature": 1.065156489610672, "cost": 1.2044053673744202}, "peak_gib": 8.922146797180176}
{"epoch": 33, "successful_updates": 3260, "losses": {"task": 0.08215533941984177, "support_attention": 0.12058761343359947, "support_pre_tia": 0.12197912111878395, "support_post_tia": 0.12407590448856354, "full_task": 0.0756605863571167, "self_feature": 0.41149719059467316, "feature": 0.7638386487960815, "cost": 0.9183616042137146}, "peak_gib": 8.922146797180176}
{"epoch": 33, "successful_updates": 3280, "losses": {"task": 0.14657751470804214, "support_attention": 0.12039116024971008, "support_pre_tia": 0.12267984822392464, "support_post_tia": 0.12487572059035301, "full_task": 0.16063155606389046, "self_feature": 0.22231589469629398, "feature": 0.8463615775108337, "cost": 1.0677063465118408}, "peak_gib": 8.922146797180176}
{"epoch": 33, "successful_updates": 3300, "losses": {"task": 0.5751306861639023, "support_attention": 0.12785090506076813, "support_pre_tia": 0.13211409002542496, "support_post_tia": 0.13439355790615082, "full_task": 0.49509197473526, "self_feature": 0.6085315942764282, "feature": 1.116304874420166, "cost": 1.88938707113266}, "peak_gib": 8.922146797180176}
{"epoch": 34, "successful_updates": 3320, "losses": {"task": 1.8531155586242676, "support_attention": 0.14012423902750015, "support_pre_tia": 0.14661523699760437, "support_post_tia": 0.14895374327898026, "full_task": 1.5951908826828003, "self_feature": 0.6958761811256409, "feature": 1.2891550064086914, "cost": 3.6254345178604126}, "peak_gib": 8.922146797180176}
{"epoch": 34, "successful_updates": 3340, "losses": {"task": 0.5674768388271332, "support_attention": 0.1386839970946312, "support_pre_tia": 0.1467532068490982, "support_post_tia": 0.14862577617168427, "full_task": 0.49931254982948303, "self_feature": 0.6796495914459229, "feature": 1.0583887994289398, "cost": 1.833427608013153}, "peak_gib": 8.922146797180176}
{"epoch": 34, "successful_updates": 3360, "losses": {"task": 0.16075975820422173, "support_attention": 0.12762268260121346, "support_pre_tia": 0.13311129808425903, "support_post_tia": 0.1352001428604126, "full_task": 0.1399352326989174, "self_feature": 0.4785633236169815, "feature": 0.9800077378749847, "cost": 1.2370232343673706}, "peak_gib": 8.922146797180176}
{"epoch": 34, "successful_updates": 3380, "losses": {"task": 0.08994235936552286, "support_attention": 0.12989159673452377, "support_pre_tia": 0.13239625096321106, "support_post_tia": 0.13471824675798416, "full_task": 0.08940043905749917, "self_feature": 2.4966433556983247e-05, "feature": 0.8018875122070312, "cost": 0.9275381863117218}, "peak_gib": 8.922146797180176}
{"epoch": 34, "successful_updates": 3400, "losses": {"task": 0.475067600607872, "support_attention": 0.12479966133832932, "support_pre_tia": 0.13039378449320793, "support_post_tia": 0.13244149833917618, "full_task": 0.4548245668411255, "self_feature": 0.5586195737123489, "feature": 1.0566286742687225, "cost": 1.714406132698059}, "peak_gib": 8.922146797180176}
{"epoch": 35, "successful_updates": 3420, "losses": {"task": 0.4083503484725952, "support_attention": 0.1324746459722519, "support_pre_tia": 0.13928069919347763, "support_post_tia": 0.1410374492406845, "full_task": 0.29267701506614685, "self_feature": 0.23196337731314998, "feature": 0.9362481236457825, "cost": 1.4549800157546997}, "peak_gib": 8.922146797180176}
{"epoch": 35, "successful_updates": 3440, "losses": {"task": 0.06483182869851589, "support_attention": 0.12174776941537857, "support_pre_tia": 0.12655280902981758, "support_post_tia": 0.12860693410038948, "full_task": 0.07766231894493103, "self_feature": 0.37264988637707575, "feature": 0.9630223512649536, "cost": 1.097292721271515}, "peak_gib": 8.922146797180176}
{"epoch": 35, "successful_updates": 3460, "losses": {"task": 0.29043083265423775, "support_attention": 0.11570954695343971, "support_pre_tia": 0.11625180765986443, "support_post_tia": 0.11811338737607002, "full_task": 0.29621098563075066, "self_feature": 0.28133587539196014, "feature": 0.6236732304096222, "cost": 1.0280086398124695}, "peak_gib": 8.922146797180176}
{"epoch": 35, "successful_updates": 3480, "losses": {"task": 0.6375729143619537, "support_attention": 0.1257765218615532, "support_pre_tia": 0.12723306193947792, "support_post_tia": 0.12889400124549866, "full_task": 0.5875106900930405, "self_feature": 0.3128883313947881, "feature": 0.824852243065834, "cost": 1.6533979773521423}, "peak_gib": 8.922146797180176}
{"epoch": 35, "successful_updates": 3500, "losses": {"task": 0.7014999687671661, "support_attention": 0.12889639288187027, "support_pre_tia": 0.1360868737101555, "support_post_tia": 0.13783124089241028, "full_task": 0.6488214135169983, "self_feature": 0.617391437292099, "feature": 1.0103223323822021, "cost": 1.9494627118110657}, "peak_gib": 8.922146797180176}
{"epoch": 36, "successful_updates": 3520, "losses": {"task": 0.5799739882349968, "support_attention": 0.12882502377033234, "support_pre_tia": 0.13487450405955315, "support_post_tia": 0.13711047172546387, "full_task": 0.5944396406412125, "self_feature": 0.5137002021074295, "feature": 1.108719825744629, "cost": 1.9022730588912964}, "peak_gib": 8.922146797180176}
{"epoch": 36, "successful_updates": 3540, "losses": {"task": 0.20079471170902252, "support_attention": 0.14689895510673523, "support_pre_tia": 0.15416185557842255, "support_post_tia": 0.15625166147947311, "full_task": 0.1747378632426262, "self_feature": 0.7407226264476776, "feature": 1.3395803570747375, "cost": 1.673652470111847}, "peak_gib": 8.922146797180176}
{"epoch": 36, "successful_updates": 3560, "losses": {"task": 0.11506853252649307, "support_attention": 0.13875894993543625, "support_pre_tia": 0.1467221900820732, "support_post_tia": 0.1485544815659523, "full_task": 0.1070273146033287, "self_feature": 0.3459688263501448, "feature": 1.0189354121685028, "cost": 1.210121512413025}, "peak_gib": 8.922146797180176}
{"epoch": 36, "successful_updates": 3580, "losses": {"task": 0.27623022347688675, "support_attention": 0.13008126989006996, "support_pre_tia": 0.1358170360326767, "support_post_tia": 0.13787806779146194, "full_task": 0.2615427151322365, "self_feature": 0.5478172898292542, "feature": 1.0054504871368408, "cost": 1.4155328869819641}, "peak_gib": 8.922146797180176}
{"epoch": 36, "successful_updates": 3600, "losses": {"task": 0.10250333324074745, "support_attention": 0.12778419256210327, "support_pre_tia": 0.13181797415018082, "support_post_tia": 0.13408584892749786, "full_task": 0.07881703786551952, "self_feature": 0.6468034088611603, "feature": 1.209054410457611, "cost": 1.409237563610077}, "peak_gib": 8.922146797180176}
{"epoch": 37, "successful_updates": 3620, "losses": {"task": 0.5519227758049965, "support_attention": 0.14008796960115433, "support_pre_tia": 0.14773628115653992, "support_post_tia": 0.14986514300107956, "full_task": 0.5196690410375595, "self_feature": 0.3316396154132235, "feature": 1.1041041910648346, "cost": 1.8339882493019104}, "peak_gib": 8.922146797180176}
{"epoch": 37, "successful_updates": 3640, "losses": {"task": 0.09328006207942963, "support_attention": 0.12587057799100876, "support_pre_tia": 0.13080836087465286, "support_post_tia": 0.13277510553598404, "full_task": 0.09182877466082573, "self_feature": 0.562895193696022, "feature": 1.0241464972496033, "cost": 1.2098524570465088}, "peak_gib": 8.922146797180176}
{"epoch": 37, "successful_updates": 3660, "losses": {"task": 0.10573519766330719, "support_attention": 0.11780904233455658, "support_pre_tia": 0.12344255670905113, "support_post_tia": 0.12538925930857658, "full_task": 0.10406232625246048, "self_feature": 0.525934487581253, "feature": 1.0332877933979034, "cost": 1.230073630809784}, "peak_gib": 8.922146797180176}
{"epoch": 37, "successful_updates": 3680, "losses": {"task": 0.5918221771717072, "support_attention": 0.13365273922681808, "support_pre_tia": 0.14100825041532516, "support_post_tia": 0.14321133494377136, "full_task": 0.48449141532182693, "self_feature": 0.592435896396637, "feature": 1.0885752439498901, "cost": 1.8749749660491943}, "peak_gib": 8.922146797180176}
{"epoch": 37, "successful_updates": 3700, "losses": {"task": 0.292312353849411, "support_attention": 0.12524151429533958, "support_pre_tia": 0.13039562851190567, "support_post_tia": 0.1327909603714943, "full_task": 0.28223662078380585, "self_feature": 0.5222827047109604, "feature": 0.9790166020393372, "cost": 1.407275676727295}, "peak_gib": 8.922146797180176}
{"epoch": 38, "successful_updates": 3720, "losses": {"task": 0.06008300743997097, "support_attention": 0.13421275466680527, "support_pre_tia": 0.13915730640292168, "support_post_tia": 0.14133793860673904, "full_task": 0.07013680413365364, "self_feature": 0.24879672770839534, "feature": 0.8622950315475464, "cost": 0.9788166880607605}, "peak_gib": 8.922146797180176}
{"epoch": 38, "successful_updates": 3740, "losses": {"task": 0.7463210225105286, "support_attention": 0.13401062041521072, "support_pre_tia": 0.1404484063386917, "support_post_tia": 0.14251767098903656, "full_task": 0.6874646246433258, "self_feature": 0.5690682828426361, "feature": 1.0596816539764404, "cost": 2.048923969268799}, "peak_gib": 8.922146797180176}
{"epoch": 38, "successful_updates": 3760, "losses": {"task": 0.11276740580797195, "support_attention": 0.14109501242637634, "support_pre_tia": 0.14715101569890976, "support_post_tia": 0.14917562901973724, "full_task": 0.12792323157191277, "self_feature": 0.7006462216377258, "feature": 1.0972919464111328, "cost": 1.3269211649894714}, "peak_gib": 8.922146797180176}
{"epoch": 38, "successful_updates": 3780, "losses": {"task": 0.3805937170982361, "support_attention": 0.12705116719007492, "support_pre_tia": 0.1331191398203373, "support_post_tia": 0.13538505882024765, "full_task": 0.3794116675853729, "self_feature": 0.5031876116991043, "feature": 0.9682065546512604, "cost": 1.5073971152305603}, "peak_gib": 8.922146797180176}
{"epoch": 38, "successful_updates": 3800, "losses": {"task": 0.23400788754224777, "support_attention": 0.11211975663900375, "support_pre_tia": 0.11528685688972473, "support_post_tia": 0.11743099614977837, "full_task": 0.23674173653125763, "self_feature": 0.3243788853287697, "feature": 0.9229487180709839, "cost": 1.2602157592773438}, "peak_gib": 8.922146797180176}
{"epoch": 39, "successful_updates": 3820, "losses": {"task": 0.6525318622589111, "support_attention": 0.15322072058916092, "support_pre_tia": 0.16211211681365967, "support_post_tia": 0.1639445275068283, "full_task": 0.6277444213628769, "self_feature": 0.7049951553344727, "feature": 1.2940150499343872, "cost": 2.1902852654457092}, "peak_gib": 8.922146797180176}
{"epoch": 39, "successful_updates": 3840, "losses": {"task": 0.08435598015785217, "support_attention": 0.11508254334330559, "support_pre_tia": 0.1184791773557663, "support_post_tia": 0.12032277882099152, "full_task": 0.07447549700737, "self_feature": 0.3801048621535301, "feature": 0.8170772790908813, "cost": 0.9700027406215668}, "peak_gib": 8.922146797180176}
{"epoch": 39, "successful_updates": 3860, "losses": {"task": 0.19164050370454788, "support_attention": 0.12612416967749596, "support_pre_tia": 0.12948251143097878, "support_post_tia": 0.1317000426352024, "full_task": 0.1967056468129158, "self_feature": 0.3828899711370468, "feature": 0.8186640739440918, "cost": 1.1108291149139404}, "peak_gib": 8.922146797180176}
{"epoch": 39, "successful_updates": 3880, "losses": {"task": 0.991178348660469, "support_attention": 0.12665877118706703, "support_pre_tia": 0.1324409618973732, "support_post_tia": 0.13453727215528488, "full_task": 1.0396151840686798, "self_feature": 0.5426392257213593, "feature": 0.8914137780666351, "cost": 2.2101088762283325}, "peak_gib": 8.922146797180176}
{"epoch": 39, "successful_updates": 3900, "losses": {"task": 0.48221006989479065, "support_attention": 0.12661346420645714, "support_pre_tia": 0.13029778748750687, "support_post_tia": 0.13276874274015427, "full_task": 0.4774140454828739, "self_feature": 0.5416406989097595, "feature": 1.13518887758255, "cost": 1.8040698170661926}, "peak_gib": 8.922146797180176}
{"epoch": 40, "successful_updates": 3920, "losses": {"task": 0.7617076933383942, "support_attention": 0.14576579630374908, "support_pre_tia": 0.1531107798218727, "support_post_tia": 0.1552909091114998, "full_task": 0.5345832407474518, "self_feature": 0.7051897644996643, "feature": 1.2592172622680664, "cost": 2.2405097484588623}, "peak_gib": 8.922146797180176}
{"epoch": 40, "successful_updates": 3940, "losses": {"task": 0.22389161586761475, "support_attention": 0.15069934725761414, "support_pre_tia": 0.1567685902118683, "support_post_tia": 0.15896472334861755, "full_task": 0.22108139097690582, "self_feature": 0.7455090880393982, "feature": 1.2574363350868225, "cost": 1.6269358396530151}, "peak_gib": 8.922146797180176}
{"epoch": 40, "successful_updates": 3960, "losses": {"task": 0.47900767624378204, "support_attention": 0.13999278843402863, "support_pre_tia": 0.1482914686203003, "support_post_tia": 0.1504874974489212, "full_task": 0.5310865491628647, "self_feature": 0.7016886174678802, "feature": 1.1629644632339478, "cost": 1.859851598739624}, "peak_gib": 8.922146797180176}
{"epoch": 40, "successful_updates": 3980, "losses": {"task": 0.5719441324472427, "support_attention": 0.14287540316581726, "support_pre_tia": 0.15166659653186798, "support_post_tia": 0.15397877246141434, "full_task": 0.5496896654367447, "self_feature": 0.6457056999206543, "feature": 1.0639143884181976, "cost": 1.853133738040924}, "peak_gib": 8.922146797180176}
{"epoch": 40, "successful_updates": 4000, "losses": {"task": 0.07639704644680023, "support_attention": 0.12564153969287872, "support_pre_tia": 0.13176381587982178, "support_post_tia": 0.13416071981191635, "full_task": 0.0947857666760683, "self_feature": 0.6260145902633667, "feature": 1.1546631455421448, "cost": 1.3306543231010437}, "peak_gib": 8.922146797180176}
validation subset: 211 videos, truncated as 792 windows.
review5485_p01_b_seed42 40: 1/792
review5485_p01_b_seed42 40: 101/792
review5485_p01_b_seed42 40: 201/792
review5485_p01_b_seed42 40: 301/792
slurmstepd: error: *** JOB 1289883 ON g0014 CANCELLED AT 2026-09-15T03:04:50 ***
