training subset: 200 videos
ViT's param: 21879936, Adapter's params: 1006860, ratio: 4.6%
Warning: no pretrain path is provided, the backbone will be randomly initialized, unless you have initialized the weights in the model.py.
freeze_backbone: False, norm_eval: False
ViT's param: 21879936, Adapter's params: 1006860, ratio: 4.6%
Warning: no pretrain path is provided, the backbone will be randomly initialized, unless you have initialized the weights in the model.py.
freeze_backbone: False, norm_eval: False
09/14 10:11:45 - mmengine - WARNING - "FileClient" will be deprecated in future. Please use io functions in https://mmengine.readthedocs.io/en/latest/api/fileio.html#file-io
09/14 10:11:45 - mmengine - WARNING - "FileClient" will be deprecated in future. Please use io functions in https://mmengine.readthedocs.io/en/latest/api/fileio.html#file-io
09/14 10:11:45 - mmengine - WARNING - "HardDiskBackend" is the alias of "LocalBackend" and the former will be deprecated in future.
09/14 10:11:45 - mmengine - WARNING - "HardDiskBackend" is the alias of "LocalBackend" and the former will be deprecated in future.
/data/run01/sczc063/yuzibo/conda_envs/opentad/lib/python3.10/site-packages/torch/nn/modules/conv.py:459: UserWarning: Applied workaround for CuDNN issue, install nvrtc.so (Triggered internally at /opt/conda/conda-bld/pytorch_1682343995026/work/aten/src/ATen/native/cudnn/Conv_v8.cpp:80.)
  return F.conv2d(input, weight, bias, self.stride,
09/14 10:12:01 - mmengine - WARNING - "FileClient" will be deprecated in future. Please use io functions in https://mmengine.readthedocs.io/en/latest/api/fileio.html#file-io
09/14 10:12:01 - mmengine - WARNING - "FileClient" will be deprecated in future. Please use io functions in https://mmengine.readthedocs.io/en/latest/api/fileio.html#file-io
09/14 10:12:01 - mmengine - WARNING - "HardDiskBackend" is the alias of "LocalBackend" and the former will be deprecated in future.
09/14 10:12:01 - mmengine - WARNING - "HardDiskBackend" is the alias of "LocalBackend" and the former will be deprecated in future.
training subset: 200 videos
ViT's param: 21879936, Adapter's params: 1006860, ratio: 4.6%
Warning: no pretrain path is provided, the backbone will be randomly initialized, unless you have initialized the weights in the model.py.
freeze_backbone: False, norm_eval: False
ViT's param: 21879936, Adapter's params: 1006860, ratio: 4.6%
Warning: no pretrain path is provided, the backbone will be randomly initialized, unless you have initialized the weights in the model.py.
freeze_backbone: False, norm_eval: False
09/14 10:12:41 - mmengine - WARNING - "FileClient" will be deprecated in future. Please use io functions in https://mmengine.readthedocs.io/en/latest/api/fileio.html#file-io
09/14 10:12:41 - mmengine - WARNING - "FileClient" will be deprecated in future. Please use io functions in https://mmengine.readthedocs.io/en/latest/api/fileio.html#file-io
09/14 10:12:41 - mmengine - WARNING - "HardDiskBackend" is the alias of "LocalBackend" and the former will be deprecated in future.
09/14 10:12:41 - mmengine - WARNING - "HardDiskBackend" is the alias of "LocalBackend" and the former will be deprecated in future.
/data/run01/sczc063/yuzibo/conda_envs/opentad/lib/python3.10/site-packages/torch/nn/modules/conv.py:459: UserWarning: Applied workaround for CuDNN issue, install nvrtc.so (Triggered internally at /opt/conda/conda-bld/pytorch_1682343995026/work/aten/src/ATen/native/cudnn/Conv_v8.cpp:80.)
  return F.conv2d(input, weight, bias, self.stride,
09/14 10:12:56 - mmengine - WARNING - "FileClient" will be deprecated in future. Please use io functions in https://mmengine.readthedocs.io/en/latest/api/fileio.html#file-io
09/14 10:12:56 - mmengine - WARNING - "FileClient" will be deprecated in future. Please use io functions in https://mmengine.readthedocs.io/en/latest/api/fileio.html#file-io
09/14 10:12:56 - mmengine - WARNING - "HardDiskBackend" is the alias of "LocalBackend" and the former will be deprecated in future.
09/14 10:12:56 - mmengine - WARNING - "HardDiskBackend" is the alias of "LocalBackend" and the former will be deprecated in future.
{"epoch": 1, "successful_updates": 20, "losses": {"task": 0.5139799565076828, "full_task": 0.4413607716560364, "self_feature": 1.1643975377082825, "feature": 1.248673141002655, "loss_actionness": 0.11228830367326736, "loss_transition": 0.6509979963302612, "loss_boundary": 0.002855932354577817, "cost": 2.755575180053711}, "peak_gib": 8.299477577209473}
{"epoch": 1, "successful_updates": 40, "losses": {"task": 0.4306297302246094, "full_task": 0.40180300176143646, "self_feature": 0.7431445121765137, "feature": 0.8747329413890839, "loss_actionness": 0.19072727113962173, "loss_transition": 0.654451996088028, "loss_boundary": 0.0026290175737813115, "cost": 2.327936053276062}, "peak_gib": 8.299557209014893}
{"epoch": 1, "successful_updates": 60, "losses": {"task": 0.45371633768081665, "full_task": 0.4099813550710678, "self_feature": 0.8985479474067688, "feature": 1.0124161839485168, "loss_actionness": 0.13670014590024948, "loss_transition": 0.6648457646369934, "loss_boundary": 5.075455010228325e-05, "cost": 2.4600791931152344}, "peak_gib": 8.30243730545044}
{"epoch": 1, "successful_updates": 80, "losses": {"task": 0.13096983544528484, "full_task": 0.06942022033035755, "self_feature": 0.982762336730957, "feature": 1.0768393874168396, "loss_actionness": 0.117554921656847, "loss_transition": 0.6331991255283356, "loss_boundary": 0.0008808441125438549, "cost": 2.075075328350067}, "peak_gib": 8.322217464447021}
{"epoch": 1, "successful_updates": 100, "losses": {"task": 0.4208478555083275, "full_task": 0.48031409829854965, "self_feature": 0.5083243697881699, "feature": 0.7553573846817017, "loss_actionness": 0.1986474096775055, "loss_transition": 0.6391669511795044, "loss_boundary": 0.0019517330074450001, "cost": 2.186882257461548}, "peak_gib": 8.322217464447021}
09/14 10:19:46 - mmengine - WARNING - "FileClient" will be deprecated in future. Please use io functions in https://mmengine.readthedocs.io/en/latest/api/fileio.html#file-io
09/14 10:19:46 - mmengine - WARNING - "FileClient" will be deprecated in future. Please use io functions in https://mmengine.readthedocs.io/en/latest/api/fileio.html#file-io
09/14 10:19:46 - mmengine - WARNING - "HardDiskBackend" is the alias of "LocalBackend" and the former will be deprecated in future.
09/14 10:19:46 - mmengine - WARNING - "HardDiskBackend" is the alias of "LocalBackend" and the former will be deprecated in future.
{"epoch": 2, "successful_updates": 120, "losses": {"task": 0.12060859054327011, "full_task": 0.10130400210618973, "self_feature": 0.8268626928329468, "feature": 1.0480011105537415, "loss_actionness": 0.14362552762031555, "loss_transition": 0.6665374338626862, "loss_boundary": 4.097239980183076e-05, "cost": 2.0868257880210876}, "peak_gib": 8.322217464447021}
{"epoch": 2, "successful_updates": 140, "losses": {"task": 0.13876797258853912, "full_task": 0.10156870633363724, "self_feature": 0.7427815496921539, "feature": 0.9619496762752533, "loss_actionness": 0.12096011266112328, "loss_transition": 0.5539680570363998, "loss_boundary": 0.00019847307885356713, "cost": 1.8755146861076355}, "peak_gib": 8.322217464447021}
{"epoch": 2, "successful_updates": 160, "losses": {"task": 0.5140566267073154, "full_task": 0.50616055727005, "self_feature": 0.5351215600967407, "feature": 0.7499196231365204, "loss_actionness": 0.1586611531674862, "loss_transition": 0.6075779497623444, "loss_boundary": 0.0016133686367538758, "cost": 2.2118810415267944}, "peak_gib": 8.322217464447021}
{"epoch": 2, "successful_updates": 180, "losses": {"task": 0.2103683054447174, "full_task": 0.11914746463298798, "self_feature": 0.6882047057151794, "feature": 0.8334712386131287, "loss_actionness": 0.12773633748292923, "loss_transition": 0.6384204924106598, "loss_boundary": 3.0852450436213985e-05, "cost": 1.9086345434188843}, "peak_gib": 8.322217464447021}
{"epoch": 2, "successful_updates": 200, "losses": {"task": 0.950708419084549, "full_task": 0.6088320016860962, "self_feature": 0.862928032875061, "feature": 1.0730175077915192, "loss_actionness": 0.16177155822515488, "loss_transition": 0.6590340733528137, "loss_boundary": 0.003065476077608764, "cost": 3.086097836494446}, "peak_gib": 8.322286128997803}
09/14 10:26:13 - mmengine - WARNING - "FileClient" will be deprecated in future. Please use io functions in https://mmengine.readthedocs.io/en/latest/api/fileio.html#file-io
09/14 10:26:13 - mmengine - WARNING - "FileClient" will be deprecated in future. Please use io functions in https://mmengine.readthedocs.io/en/latest/api/fileio.html#file-io
09/14 10:26:13 - mmengine - WARNING - "HardDiskBackend" is the alias of "LocalBackend" and the former will be deprecated in future.
09/14 10:26:13 - mmengine - WARNING - "HardDiskBackend" is the alias of "LocalBackend" and the former will be deprecated in future.
{"epoch": 3, "successful_updates": 220, "losses": {"task": 0.19135408103466034, "full_task": 0.18094756826758385, "self_feature": 0.4430573433637619, "feature": 0.7391773760318756, "loss_actionness": 0.2004205659031868, "loss_transition": 0.5933026075363159, "loss_boundary": 0.0018198145862697857, "cost": 1.8156171441078186}, "peak_gib": 8.332221031188965}
{"epoch": 3, "successful_updates": 240, "losses": {"task": 0.07777255773544312, "full_task": 0.04345916677266359, "self_feature": 0.6910756826400757, "feature": 0.8541168570518494, "loss_actionness": 0.10357736796140671, "loss_transition": 0.5687918812036514, "loss_boundary": 3.085244861722458e-05, "cost": 1.6842619180679321}, "peak_gib": 8.361044883728027}
{"epoch": 3, "successful_updates": 260, "losses": {"task": 0.8969052731990814, "full_task": 0.6861118078231812, "self_feature": 0.7343930602073669, "feature": 0.9160216152667999, "loss_actionness": 0.1650053933262825, "loss_transition": 0.6407766044139862, "loss_boundary": 0.001608091450179927, "cost": 2.8652843236923218}, "peak_gib": 8.361044883728027}
{"epoch": 3, "successful_updates": 280, "losses": {"task": 1.09964519739151, "full_task": 1.021882489323616, "self_feature": 0.6263825297355652, "feature": 0.7899453043937683, "loss_actionness": 0.1625339612364769, "loss_transition": 0.6648018956184387, "loss_boundary": 0.003141149878501892, "cost": 3.0381762981414795}, "peak_gib": 8.361044883728027}
{"epoch": 3, "successful_updates": 300, "losses": {"task": 0.13316919840872288, "full_task": 0.10453081130981445, "self_feature": 0.8235881626605988, "feature": 1.041433960199356, "loss_actionness": 0.11640077456831932, "loss_transition": 0.5812976658344269, "loss_boundary": 3.085244861722458e-05, "cost": 1.980824053287506}, "peak_gib": 8.361044883728027}
09/14 10:32:46 - mmengine - WARNING - "FileClient" will be deprecated in future. Please use io functions in https://mmengine.readthedocs.io/en/latest/api/fileio.html#file-io
09/14 10:32:46 - mmengine - WARNING - "FileClient" will be deprecated in future. Please use io functions in https://mmengine.readthedocs.io/en/latest/api/fileio.html#file-io
09/14 10:32:46 - mmengine - WARNING - "HardDiskBackend" is the alias of "LocalBackend" and the former will be deprecated in future.
09/14 10:32:46 - mmengine - WARNING - "HardDiskBackend" is the alias of "LocalBackend" and the former will be deprecated in future.
{"epoch": 4, "successful_updates": 320, "losses": {"task": 0.5432593524456024, "full_task": 0.4961126893758774, "self_feature": 0.8464326560497284, "feature": 0.9572206437587738, "loss_actionness": 0.19988041371107101, "loss_transition": 0.6664401888847351, "loss_boundary": 0.003339381655678153, "cost": 2.578811526298523}, "peak_gib": 8.361044883728027}
{"epoch": 4, "successful_updates": 340, "losses": {"task": 1.3012340068817139, "full_task": 1.2259550616145134, "self_feature": 0.7767850756645203, "feature": 0.9661580324172974, "loss_actionness": 0.1698037087917328, "loss_transition": 0.6577671766281128, "loss_boundary": 0.003270950401201844, "cost": 3.4824012517929077}, "peak_gib": 8.361044883728027}
{"epoch": 4, "successful_updates": 360, "losses": {"task": 0.7549163997173309, "full_task": 0.671262338757515, "self_feature": 0.5204831510782242, "feature": 0.7285554111003876, "loss_actionness": 0.13245277106761932, "loss_transition": 0.667435348033905, "loss_boundary": 3.085244679823518e-05, "cost": 2.50325471162796}, "peak_gib": 8.361044883728027}
{"epoch": 4, "successful_updates": 380, "losses": {"task": 0.8892451524734497, "full_task": 0.7886709421873093, "self_feature": 0.9180611073970795, "feature": 1.1371407508850098, "loss_actionness": 0.1822359785437584, "loss_transition": 0.6678252220153809, "loss_boundary": 0.0035911910235881805, "cost": 3.169012188911438}, "peak_gib": 8.361044883728027}
{"epoch": 4, "successful_updates": 400, "losses": {"task": 0.5224508494138718, "full_task": 0.41655397415161133, "self_feature": 0.5122255086898804, "feature": 0.7520030736923218, "loss_actionness": 0.181306853890419, "loss_transition": 0.6436146795749664, "loss_boundary": 0.0018997985171154141, "cost": 2.256636321544647}, "peak_gib": 8.361044883728027}
09/14 10:39:19 - mmengine - WARNING - "FileClient" will be deprecated in future. Please use io functions in https://mmengine.readthedocs.io/en/latest/api/fileio.html#file-io
09/14 10:39:19 - mmengine - WARNING - "FileClient" will be deprecated in future. Please use io functions in https://mmengine.readthedocs.io/en/latest/api/fileio.html#file-io
09/14 10:39:19 - mmengine - WARNING - "HardDiskBackend" is the alias of "LocalBackend" and the former will be deprecated in future.
09/14 10:39:19 - mmengine - WARNING - "HardDiskBackend" is the alias of "LocalBackend" and the former will be deprecated in future.
{"epoch": 5, "successful_updates": 420, "losses": {"task": 0.16080639138817787, "full_task": 0.1147235706448555, "self_feature": 0.6797166764736176, "feature": 0.9375706017017365, "loss_actionness": 0.17210684716701508, "loss_transition": 0.6456228494644165, "loss_boundary": 3.0852450436213985e-05, "cost": 2.012790083885193}, "peak_gib": 8.361044883728027}
{"epoch": 5, "successful_updates": 440, "losses": {"task": 0.26513464003801346, "full_task": 0.22364427894353867, "self_feature": 0.9062550961971283, "feature": 1.1460635662078857, "loss_actionness": 0.14160405844449997, "loss_transition": 0.6601252853870392, "loss_boundary": 0.0030957437120378017, "cost": 2.3625599145889282}, "peak_gib": 8.361044883728027}
{"epoch": 5, "successful_updates": 460, "losses": {"task": 0.03435407392680645, "full_task": 0.030680518597364426, "self_feature": 0.3598761111497879, "feature": 0.6560432314872742, "loss_actionness": 0.10727276280522346, "loss_transition": 0.5759088397026062, "loss_boundary": 0.0007756619907013373, "cost": 1.4180123805999756}, "peak_gib": 8.361044883728027}
{"epoch": 5, "successful_updates": 480, "losses": {"task": 0.16300198435783386, "full_task": 0.1548075545579195, "self_feature": 0.6186116337776184, "feature": 0.8344978094100952, "loss_actionness": 0.16132871061563492, "loss_transition": 0.6287752687931061, "loss_boundary": 3.085244679823518e-05, "cost": 1.8881976008415222}, "peak_gib": 8.361044883728027}
{"epoch": 5, "successful_updates": 500, "losses": {"task": 1.5003888607025146, "full_task": 1.0130005404353142, "self_feature": 0.8923493027687073, "feature": 1.0968191027641296, "loss_actionness": 0.12881967425346375, "loss_transition": 0.6610521078109741, "loss_boundary": 0.002975321840494871, "cost": 3.732540011405945}, "peak_gib": 8.361044883728027}
09/14 10:45:50 - mmengine - WARNING - "FileClient" will be deprecated in future. Please use io functions in https://mmengine.readthedocs.io/en/latest/api/fileio.html#file-io
09/14 10:45:50 - mmengine - WARNING - "HardDiskBackend" is the alias of "LocalBackend" and the former will be deprecated in future.
09/14 10:45:50 - mmengine - WARNING - "FileClient" will be deprecated in future. Please use io functions in https://mmengine.readthedocs.io/en/latest/api/fileio.html#file-io
09/14 10:45:50 - mmengine - WARNING - "HardDiskBackend" is the alias of "LocalBackend" and the former will be deprecated in future.
{"epoch": 6, "successful_updates": 520, "losses": {"task": 0.23332981765270233, "full_task": 0.2635684534907341, "self_feature": 0.7389741837978363, "feature": 0.9369199872016907, "loss_actionness": 0.1569642275571823, "loss_transition": 0.6398154497146606, "loss_boundary": 0.0014570272760465741, "cost": 2.108276128768921}, "peak_gib": 8.361044883728027}
{"epoch": 6, "successful_updates": 540, "losses": {"task": 1.327210396528244, "full_task": 1.2194006443023682, "self_feature": 0.690098226070404, "feature": 0.9450719654560089, "loss_actionness": 0.15518546104431152, "loss_transition": 0.6621899008750916, "loss_boundary": 3.356559682288207e-05, "cost": 3.463551163673401}, "peak_gib": 8.361044883728027}
{"epoch": 6, "successful_updates": 560, "losses": {"task": 0.531819298863411, "full_task": 0.41189470887184143, "self_feature": 0.6851451098918915, "feature": 0.9047909080982208, "loss_actionness": 0.20932354032993317, "loss_transition": 0.6270003318786621, "loss_boundary": 0.002136633989721304, "cost": 2.446558892726898}, "peak_gib": 8.361460208892822}
{"epoch": 6, "successful_updates": 580, "losses": {"task": 0.4880530685186386, "full_task": 0.4500538036227226, "self_feature": 0.6013359129428864, "feature": 0.7971258163452148, "loss_actionness": 0.1740713268518448, "loss_transition": 0.6342759728431702, "loss_boundary": 0.0018008589904638939, "cost": 2.267974078655243}, "peak_gib": 8.361460208892822}
{"epoch": 6, "successful_updates": 600, "losses": {"task": 0.20497538521885872, "full_task": 0.1963745877146721, "self_feature": 0.422677680850029, "feature": 0.7045349180698395, "loss_actionness": 0.16332100704312325, "loss_transition": 0.6870446503162384, "loss_boundary": 3.0852450436213985e-05, "cost": 1.851268231868744}, "peak_gib": 8.361460208892822}
09/14 10:52:27 - mmengine - WARNING - "FileClient" will be deprecated in future. Please use io functions in https://mmengine.readthedocs.io/en/latest/api/fileio.html#file-io
09/14 10:52:27 - mmengine - WARNING - "FileClient" will be deprecated in future. Please use io functions in https://mmengine.readthedocs.io/en/latest/api/fileio.html#file-io
09/14 10:52:27 - mmengine - WARNING - "HardDiskBackend" is the alias of "LocalBackend" and the former will be deprecated in future.
09/14 10:52:27 - mmengine - WARNING - "HardDiskBackend" is the alias of "LocalBackend" and the former will be deprecated in future.
{"epoch": 7, "successful_updates": 620, "losses": {"task": 0.21862056106328964, "full_task": 0.1729501634836197, "self_feature": 0.7383840084075928, "feature": 0.8816125392913818, "loss_actionness": 0.11653974652290344, "loss_transition": 0.6605634391307831, "loss_boundary": 0.0029440163634717464, "cost": 1.9973561763763428}, "peak_gib": 8.361460208892822}
{"epoch": 7, "successful_updates": 640, "losses": {"task": 0.4622507840394974, "full_task": 0.4259054735302925, "self_feature": 0.7901641726493835, "feature": 1.0409778952598572, "loss_actionness": 0.12311160564422607, "loss_transition": 0.6539958119392395, "loss_boundary": 0.0026676831766963005, "cost": 2.4684966802597046}, "peak_gib": 8.361460208892822}
{"epoch": 7, "successful_updates": 660, "losses": {"task": 0.2565939575433731, "full_task": 0.22626183927059174, "self_feature": 0.5734899491071701, "feature": 0.7945576012134552, "loss_actionness": 0.15405050665140152, "loss_transition": 0.6673294603824615, "loss_boundary": 4.065933171659708e-05, "cost": 1.9864867329597473}, "peak_gib": 8.361460208892822}
{"epoch": 7, "successful_updates": 680, "losses": {"task": 0.42590199410915375, "full_task": 0.32813338935375214, "self_feature": 0.8567497730255127, "feature": 1.068604826927185, "loss_actionness": 0.12063340842723846, "loss_transition": 0.6647092401981354, "loss_boundary": 0.0034819134743884206, "cost": 2.4510399103164673}, "peak_gib": 8.361460208892822}
{"epoch": 7, "successful_updates": 700, "losses": {"task": 0.29232481122016907, "full_task": 0.29585951566696167, "self_feature": 0.4443410784006119, "feature": 0.6815263330936432, "loss_actionness": 0.12216778844594955, "loss_transition": 0.6060918271541595, "loss_boundary": 0.0014167053432174725, "cost": 1.8219264149665833}, "peak_gib": 8.361460208892822}
09/14 10:58:53 - mmengine - WARNING - "FileClient" will be deprecated in future. Please use io functions in https://mmengine.readthedocs.io/en/latest/api/fileio.html#file-io
09/14 10:58:53 - mmengine - WARNING - "FileClient" will be deprecated in future. Please use io functions in https://mmengine.readthedocs.io/en/latest/api/fileio.html#file-io
09/14 10:58:53 - mmengine - WARNING - "HardDiskBackend" is the alias of "LocalBackend" and the former will be deprecated in future.
09/14 10:58:53 - mmengine - WARNING - "HardDiskBackend" is the alias of "LocalBackend" and the former will be deprecated in future.
{"epoch": 8, "successful_updates": 720, "losses": {"task": 0.8204119503498077, "full_task": 0.4906265437602997, "self_feature": 0.6496995091438293, "feature": 0.8610064685344696, "loss_actionness": 0.1436188817024231, "loss_transition": 0.6727454960346222, "loss_boundary": 5.7689698223839514e-05, "cost": 2.685467004776001}, "peak_gib": 8.361460208892822}
{"epoch": 8, "successful_updates": 740, "losses": {"task": 0.13546206057071686, "full_task": 0.10472105070948601, "self_feature": 0.7184371054172516, "feature": 0.8886748850345612, "loss_actionness": 0.20890966057777405, "loss_transition": 0.6529481112957001, "loss_boundary": 0.0024481051368638873, "cost": 1.9864667654037476}, "peak_gib": 8.361460208892822}
{"epoch": 8, "successful_updates": 760, "losses": {"task": 0.929789625108242, "full_task": 0.7355301007628441, "self_feature": 0.7674816250801086, "feature": 1.0028923749923706, "loss_actionness": 0.13601471483707428, "loss_transition": 0.6725397408008575, "loss_boundary": 0.003363062860444188, "cost": 3.0052300095558167}, "peak_gib": 8.361460208892822}
{"epoch": 8, "successful_updates": 780, "losses": {"task": 0.5780846774578094, "full_task": 0.4547029212117195, "self_feature": 0.6368416249752045, "feature": 0.8680324852466583, "loss_actionness": 0.26435883343219757, "loss_transition": 0.6623173356056213, "loss_boundary": 3.0852450436213985e-05, "cost": 2.550183892250061}, "peak_gib": 8.361460208892822}
{"epoch": 8, "successful_updates": 800, "losses": {"task": 0.6213916391134262, "full_task": 0.4318832755088806, "self_feature": 0.661300539970398, "feature": 0.9054068922996521, "loss_actionness": 0.12597976624965668, "loss_transition": 0.6694248914718628, "loss_boundary": 0.0034215954365208745, "cost": 2.4997256994247437}, "peak_gib": 8.361460208892822}
09/14 11:05:22 - mmengine - WARNING - "FileClient" will be deprecated in future. Please use io functions in https://mmengine.readthedocs.io/en/latest/api/fileio.html#file-io
09/14 11:05:22 - mmengine - WARNING - "FileClient" will be deprecated in future. Please use io functions in https://mmengine.readthedocs.io/en/latest/api/fileio.html#file-io
09/14 11:05:22 - mmengine - WARNING - "HardDiskBackend" is the alias of "LocalBackend" and the former will be deprecated in future.
09/14 11:05:22 - mmengine - WARNING - "HardDiskBackend" is the alias of "LocalBackend" and the former will be deprecated in future.
{"epoch": 9, "successful_updates": 820, "losses": {"task": 0.18610120937228203, "full_task": 0.1513204276561737, "self_feature": 0.5385759025812149, "feature": 0.753508985042572, "loss_actionness": 0.22426609694957733, "loss_transition": 0.608320951461792, "loss_boundary": 0.001598498558450956, "cost": 1.8654835224151611}, "peak_gib": 8.361460208892822}
{"epoch": 9, "successful_updates": 840, "losses": {"task": 0.5234140157699585, "full_task": 0.47192518413066864, "self_feature": 0.7227555513381958, "feature": 0.9878040254116058, "loss_actionness": 0.15151672810316086, "loss_transition": 0.6695906519889832, "loss_boundary": 3.085245225520339e-05, "cost": 2.522613048553467}, "peak_gib": 8.361460208892822}
{"epoch": 9, "successful_updates": 860, "losses": {"task": 0.40672530233860016, "full_task": 0.3813689202070236, "self_feature": 0.538965255022049, "feature": 0.6648666858673096, "loss_actionness": 0.14544100314378738, "loss_transition": 0.668315589427948, "loss_boundary": 0.00377904181368649, "cost": 2.038366436958313}, "peak_gib": 8.361460208892822}
{"epoch": 9, "successful_updates": 880, "losses": {"task": 0.31302447617053986, "full_task": 0.30439968407154083, "self_feature": 0.4183136969804764, "feature": 0.6469087302684784, "loss_actionness": 0.12479327246546745, "loss_transition": 0.6314763724803925, "loss_boundary": 0.0026899047952611, "cost": 1.8368240594863892}, "peak_gib": 8.361460208892822}
{"epoch": 9, "successful_updates": 900, "losses": {"task": 0.3376076966524124, "full_task": 0.27995458245277405, "self_feature": 0.5373921990394592, "feature": 0.6951723694801331, "loss_actionness": 0.12210314348340034, "loss_transition": 0.6480605006217957, "loss_boundary": 3.085245225520339e-05, "cost": 1.9267024993896484}, "peak_gib": 8.361460208892822}
09/14 11:11:59 - mmengine - WARNING - "FileClient" will be deprecated in future. Please use io functions in https://mmengine.readthedocs.io/en/latest/api/fileio.html#file-io
09/14 11:11:59 - mmengine - WARNING - "FileClient" will be deprecated in future. Please use io functions in https://mmengine.readthedocs.io/en/latest/api/fileio.html#file-io
09/14 11:11:59 - mmengine - WARNING - "HardDiskBackend" is the alias of "LocalBackend" and the former will be deprecated in future.
09/14 11:11:59 - mmengine - WARNING - "HardDiskBackend" is the alias of "LocalBackend" and the former will be deprecated in future.
{"epoch": 10, "successful_updates": 920, "losses": {"task": 0.06253185495734215, "full_task": 0.05965674016624689, "self_feature": 0.6741002798080444, "feature": 0.9341392517089844, "loss_actionness": 0.1865561157464981, "loss_transition": 0.5392301827669144, "loss_boundary": 3.0852450436213985e-05, "cost": 1.804812490940094}, "peak_gib": 8.361460208892822}
{"epoch": 10, "successful_updates": 940, "losses": {"task": 0.3218560144305229, "full_task": 0.3190915510058403, "self_feature": 0.6673251688480377, "feature": 0.8713841736316681, "loss_actionness": 0.15117847174406052, "loss_transition": 0.6552018523216248, "loss_boundary": 0.0026925450656563044, "cost": 2.148818612098694}, "peak_gib": 8.361460208892822}
{"epoch": 10, "successful_updates": 960, "losses": {"task": 0.33962893299758434, "full_task": 0.3425819966942072, "self_feature": 0.6183438897132874, "feature": 0.8333115875720978, "loss_actionness": 0.10172109678387642, "loss_transition": 0.6295398473739624, "loss_boundary": 3.085245225520339e-05, "cost": 2.051712155342102}, "peak_gib": 8.361460208892822}
{"epoch": 10, "successful_updates": 980, "losses": {"task": 0.3707765266299248, "full_task": 0.3018261715769768, "self_feature": 0.753399521112442, "feature": 0.8743192851543427, "loss_actionness": 0.1609891802072525, "loss_transition": 0.5826624035835266, "loss_boundary": 5.537124707188923e-05, "cost": 2.1395991444587708}, "peak_gib": 8.361460208892822}
{"epoch": 10, "successful_updates": 1000, "losses": {"task": 0.20596489682793617, "full_task": 0.20071129500865936, "self_feature": 0.4635748416185379, "feature": 0.7383958399295807, "loss_actionness": 0.1353560984134674, "loss_transition": 0.6019483208656311, "loss_boundary": 0.0020385260868351907, "cost": 1.7802391052246094}, "peak_gib": 8.361460208892822}
validation subset: 211 videos, truncated as 792 windows.
09/14 11:18:28 - mmengine - WARNING - "FileClient" will be deprecated in future. Please use io functions in https://mmengine.readthedocs.io/en/latest/api/fileio.html#file-io
09/14 11:18:28 - mmengine - WARNING - "FileClient" will be deprecated in future. Please use io functions in https://mmengine.readthedocs.io/en/latest/api/fileio.html#file-io
09/14 11:18:28 - mmengine - WARNING - "HardDiskBackend" is the alias of "LocalBackend" and the former will be deprecated in future.
09/14 11:18:28 - mmengine - WARNING - "HardDiskBackend" is the alias of "LocalBackend" and the former will be deprecated in future.
thumos_s_point_full_seed42 10: 1/792
thumos_s_point_full_seed42 10: 101/792
thumos_s_point_full_seed42 10: 201/792
thumos_s_point_full_seed42 10: 301/792
thumos_s_point_full_seed42 10: 401/792
thumos_s_point_full_seed42 10: 501/792
thumos_s_point_full_seed42 10: 601/792
thumos_s_point_full_seed42 10: 701/792
{'average_mAP': 0.6322510831998133, 'mAP@0.3': 0.7899845577481375, 'mAP@0.4': 0.7423940532388406, 'mAP@0.5': 0.6642100737542166, 'mAP@0.6': 0.5513639027027893, 'mAP@0.7': 0.41330282855508277}
09/14 11:40:13 - mmengine - WARNING - "FileClient" will be deprecated in future. Please use io functions in https://mmengine.readthedocs.io/en/latest/api/fileio.html#file-io
09/14 11:40:13 - mmengine - WARNING - "FileClient" will be deprecated in future. Please use io functions in https://mmengine.readthedocs.io/en/latest/api/fileio.html#file-io
09/14 11:40:13 - mmengine - WARNING - "HardDiskBackend" is the alias of "LocalBackend" and the former will be deprecated in future.
09/14 11:40:13 - mmengine - WARNING - "HardDiskBackend" is the alias of "LocalBackend" and the former will be deprecated in future.
{"epoch": 11, "successful_updates": 1020, "losses": {"task": 0.09036996029317379, "full_task": 0.08859504386782646, "self_feature": 0.5692184120416641, "feature": 0.7574409544467926, "loss_actionness": 0.17779701948165894, "loss_transition": 0.6354288160800934, "loss_boundary": 3.085244861722458e-05, "cost": 1.7401381731033325}, "peak_gib": 8.298983097076416}
{"epoch": 11, "successful_updates": 1040, "losses": {"task": 0.3700781315565109, "full_task": 0.30504101514816284, "self_feature": 0.8130476772785187, "feature": 1.0139444768428802, "loss_actionness": 0.13725795596837997, "loss_transition": 0.6651867628097534, "loss_boundary": 0.0031599908834323287, "cost": 2.3471922874450684}, "peak_gib": 8.333401203155518}
{"epoch": 11, "successful_updates": 1060, "losses": {"task": 1.2151898741722107, "full_task": 1.1312425695359707, "self_feature": 0.7500273287296295, "feature": 0.9712744057178497, "loss_actionness": 0.126719132065773, "loss_transition": 0.6587517559528351, "loss_boundary": 0.003226681612432003, "cost": 3.3329752683639526}, "peak_gib": 8.35884428024292}
{"epoch": 11, "successful_updates": 1080, "losses": {"task": 0.45469995215535164, "full_task": 0.3838360011577606, "self_feature": 0.6305012404918671, "feature": 0.8619572222232819, "loss_actionness": 0.11776521801948547, "loss_transition": 0.6718775033950806, "loss_boundary": 3.088654193561524e-05, "cost": 2.265340030193329}, "peak_gib": 8.35884428024292}
{"epoch": 11, "successful_updates": 1100, "losses": {"task": 0.28260114043951035, "full_task": 0.25358670577406883, "self_feature": 0.7383491396903992, "feature": 0.8854488730430603, "loss_actionness": 0.17047932744026184, "loss_transition": 0.6600920259952545, "loss_boundary": 0.0028996961191296577, "cost": 2.1387526988983154}, "peak_gib": 8.35884428024292}
09/14 11:46:41 - mmengine - WARNING - "FileClient" will be deprecated in future. Please use io functions in https://mmengine.readthedocs.io/en/latest/api/fileio.html#file-io
09/14 11:46:41 - mmengine - WARNING - "HardDiskBackend" is the alias of "LocalBackend" and the former will be deprecated in future.
09/14 11:46:41 - mmengine - WARNING - "FileClient" will be deprecated in future. Please use io functions in https://mmengine.readthedocs.io/en/latest/api/fileio.html#file-io
09/14 11:46:41 - mmengine - WARNING - "HardDiskBackend" is the alias of "LocalBackend" and the former will be deprecated in future.
{"epoch": 12, "successful_updates": 1120, "losses": {"task": 0.1658446043729782, "full_task": 0.15055298805236816, "self_feature": 0.66199991106987, "feature": 0.8717568516731262, "loss_actionness": 0.12461694329977036, "loss_transition": 0.6476672291755676, "loss_boundary": 0.0018411771743558347, "cost": 1.915565013885498}, "peak_gib": 8.35884428024292}
{"epoch": 12, "successful_updates": 1140, "losses": {"task": 0.18727421760559082, "full_task": 0.19247226417064667, "self_feature": 0.5202263444662094, "feature": 0.7514999806880951, "loss_actionness": 0.23615428060293198, "loss_transition": 0.6545117497444153, "loss_boundary": 8.37295319797704e-05, "cost": 1.9296645522117615}, "peak_gib": 8.35884428024292}
{"epoch": 12, "successful_updates": 1160, "losses": {"task": 0.12852483242750168, "full_task": 0.10010237619280815, "self_feature": 0.7563432157039642, "feature": 0.9794356524944305, "loss_actionness": 0.15596069768071175, "loss_transition": 0.5802621841430664, "loss_boundary": 0.0014939644916012185, "cost": 1.9463372826576233}, "peak_gib": 8.35884428024292}
{"epoch": 12, "successful_updates": 1180, "losses": {"task": 0.3213033378124237, "full_task": 0.2639273628592491, "self_feature": 0.5745289772748947, "feature": 0.7637852430343628, "loss_actionness": 0.19428645074367523, "loss_transition": 0.6681675314903259, "loss_boundary": 0.0033509937347844243, "cost": 2.0743282437324524}, "peak_gib": 8.35884428024292}
{"epoch": 12, "successful_updates": 1200, "losses": {"task": 0.2873537167906761, "full_task": 0.24368953704833984, "self_feature": 0.5579059720039368, "feature": 0.7752423584461212, "loss_actionness": 0.13018443435430527, "loss_transition": 0.6736785173416138, "loss_boundary": 3.085244861722458e-05, "cost": 1.983202874660492}, "peak_gib": 8.359470844268799}
09/14 11:53:07 - mmengine - WARNING - "FileClient" will be deprecated in future. Please use io functions in https://mmengine.readthedocs.io/en/latest/api/fileio.html#file-io
09/14 11:53:07 - mmengine - WARNING - "FileClient" will be deprecated in future. Please use io functions in https://mmengine.readthedocs.io/en/latest/api/fileio.html#file-io
09/14 11:53:07 - mmengine - WARNING - "HardDiskBackend" is the alias of "LocalBackend" and the former will be deprecated in future.
09/14 11:53:07 - mmengine - WARNING - "HardDiskBackend" is the alias of "LocalBackend" and the former will be deprecated in future.
{"epoch": 13, "successful_updates": 1220, "losses": {"task": 0.41115806996822357, "full_task": 0.3654579445719719, "self_feature": 0.7292601466178894, "feature": 0.8666285872459412, "loss_actionness": 0.18870826810598373, "loss_transition": 0.668770968914032, "loss_boundary": 0.00320981175173074, "cost": 2.3027660846710205}, "peak_gib": 8.359470844268799}
{"epoch": 13, "successful_updates": 1240, "losses": {"task": 0.3644938990473747, "full_task": 0.44087644666433334, "self_feature": 0.6290534436702728, "feature": 0.8289004564285278, "loss_actionness": 0.15120108425617218, "loss_transition": 0.6606365442276001, "loss_boundary": 0.0026959975948557258, "cost": 2.1810526251792908}, "peak_gib": 8.359470844268799}
{"epoch": 13, "successful_updates": 1260, "losses": {"task": 0.11568981036543846, "full_task": 0.10720997303724289, "self_feature": 0.5839837491512299, "feature": 0.8187580108642578, "loss_actionness": 0.13493482768535614, "loss_transition": 0.6361202597618103, "loss_boundary": 3.0852450436213985e-05, "cost": 1.7907346487045288}, "peak_gib": 8.359470844268799}
{"epoch": 13, "successful_updates": 1280, "losses": {"task": 0.775661826133728, "full_task": 0.5477105975151062, "self_feature": 0.8510561883449554, "feature": 1.0414884090423584, "loss_actionness": 0.14996156841516495, "loss_transition": 0.6590389013290405, "loss_boundary": 0.0023599935229867697, "cost": 2.8505440950393677}, "peak_gib": 8.359470844268799}
{"epoch": 13, "successful_updates": 1300, "losses": {"task": 0.3470887690782547, "full_task": 0.3020460903644562, "self_feature": 0.4896961450576782, "feature": 0.6626316010951996, "loss_actionness": 0.11821359023451805, "loss_transition": 0.6711990833282471, "loss_boundary": 0.004245596006512642, "cost": 1.9278598427772522}, "peak_gib": 8.359470844268799}
09/14 11:59:39 - mmengine - WARNING - "FileClient" will be deprecated in future. Please use io functions in https://mmengine.readthedocs.io/en/latest/api/fileio.html#file-io
09/14 11:59:39 - mmengine - WARNING - "FileClient" will be deprecated in future. Please use io functions in https://mmengine.readthedocs.io/en/latest/api/fileio.html#file-io
09/14 11:59:39 - mmengine - WARNING - "HardDiskBackend" is the alias of "LocalBackend" and the former will be deprecated in future.
09/14 11:59:39 - mmengine - WARNING - "HardDiskBackend" is the alias of "LocalBackend" and the former will be deprecated in future.
{"epoch": 14, "successful_updates": 1320, "losses": {"task": 0.5281697511672974, "full_task": 0.49821507930755615, "self_feature": 0.7539626657962799, "feature": 1.0329055190086365, "loss_actionness": 0.11509304493665695, "loss_transition": 0.6714422702789307, "loss_boundary": 3.085245225520339e-05, "cost": 2.5475914478302}, "peak_gib": 8.359470844268799}
{"epoch": 14, "successful_updates": 1340, "losses": {"task": 0.17945481091737747, "full_task": 0.13919999450445175, "self_feature": 0.595219224691391, "feature": 0.730023592710495, "loss_actionness": 0.17463424056768417, "loss_transition": 0.630976527929306, "loss_boundary": 0.0015856556165090296, "cost": 1.8109967708587646}, "peak_gib": 8.359470844268799}
{"epoch": 14, "successful_updates": 1360, "losses": {"task": 0.31914128363132477, "full_task": 0.2737342044711113, "self_feature": 0.5143836587667465, "feature": 0.7093039453029633, "loss_actionness": 0.19674676656723022, "loss_transition": 0.6452358365058899, "loss_boundary": 0.002083892424707301, "cost": 1.9923836588859558}, "peak_gib": 8.359470844268799}
{"epoch": 14, "successful_updates": 1380, "losses": {"task": 0.2733551934361458, "full_task": 0.2336394190788269, "self_feature": 0.570331484079361, "feature": 0.6925297975540161, "loss_actionness": 0.185370072722435, "loss_transition": 0.642896443605423, "loss_boundary": 3.688320066430606e-05, "cost": 1.9096313118934631}, "peak_gib": 8.359470844268799}
{"epoch": 14, "successful_updates": 1400, "losses": {"task": 1.047157034277916, "full_task": 0.9531685542315245, "self_feature": 0.7536314725875854, "feature": 0.8599965870380402, "loss_actionness": 0.19432278722524643, "loss_transition": 0.6088195443153381, "loss_boundary": 0.0014999169252405409, "cost": 3.0254510045051575}, "peak_gib": 8.359470844268799}
09/14 12:06:08 - mmengine - WARNING - "FileClient" will be deprecated in future. Please use io functions in https://mmengine.readthedocs.io/en/latest/api/fileio.html#file-io
09/14 12:06:08 - mmengine - WARNING - "FileClient" will be deprecated in future. Please use io functions in https://mmengine.readthedocs.io/en/latest/api/fileio.html#file-io
09/14 12:06:08 - mmengine - WARNING - "HardDiskBackend" is the alias of "LocalBackend" and the former will be deprecated in future.
09/14 12:06:08 - mmengine - WARNING - "HardDiskBackend" is the alias of "LocalBackend" and the former will be deprecated in future.
{"epoch": 15, "successful_updates": 1420, "losses": {"task": 0.3447139486670494, "full_task": 0.31755225360393524, "self_feature": 0.45683710277080536, "feature": 0.681641012430191, "loss_actionness": 0.14628461003303528, "loss_transition": 0.6341319382190704, "loss_boundary": 0.00245254862238653, "cost": 1.9342959523200989}, "peak_gib": 8.359470844268799}
{"epoch": 15, "successful_updates": 1440, "losses": {"task": 0.17209159582853317, "full_task": 0.16567035019397736, "self_feature": 0.5292171090841293, "feature": 0.7503730356693268, "loss_actionness": 0.13270863145589828, "loss_transition": 0.5840392708778381, "loss_boundary": 3.085244861722458e-05, "cost": 1.7335827350616455}, "peak_gib": 8.360602855682373}
{"epoch": 15, "successful_updates": 1460, "losses": {"task": 0.34916961193084717, "full_task": 0.2680231109261513, "self_feature": 0.9056171774864197, "feature": 1.124567449092865, "loss_actionness": 0.11640426889061928, "loss_transition": 0.6442038118839264, "loss_boundary": 0.0019556418410502374, "cost": 2.3938682079315186}, "peak_gib": 8.360602855682373}
{"epoch": 15, "successful_updates": 1480, "losses": {"task": 0.9552102833986282, "full_task": 0.8766052275896072, "self_feature": 0.5680501759052277, "feature": 0.80693718791008, "loss_actionness": 0.12761260196566582, "loss_transition": 0.6054681241512299, "loss_boundary": 0.001319364906521514, "cost": 2.772503912448883}, "peak_gib": 8.360602855682373}
{"epoch": 15, "successful_updates": 1500, "losses": {"task": 1.086394526064396, "full_task": 1.0542816407978535, "self_feature": 0.5829779803752899, "feature": 0.8133233189582825, "loss_actionness": 0.16559801995754242, "loss_transition": 0.6655407249927521, "loss_boundary": 3.245417792641092e-05, "cost": 3.0527570843696594}, "peak_gib": 8.360602855682373}
09/14 12:12:38 - mmengine - WARNING - "FileClient" will be deprecated in future. Please use io functions in https://mmengine.readthedocs.io/en/latest/api/fileio.html#file-io
09/14 12:12:38 - mmengine - WARNING - "FileClient" will be deprecated in future. Please use io functions in https://mmengine.readthedocs.io/en/latest/api/fileio.html#file-io
09/14 12:12:38 - mmengine - WARNING - "HardDiskBackend" is the alias of "LocalBackend" and the former will be deprecated in future.
09/14 12:12:38 - mmengine - WARNING - "HardDiskBackend" is the alias of "LocalBackend" and the former will be deprecated in future.
{"epoch": 16, "successful_updates": 1520, "losses": {"task": 1.248141173273325, "full_task": 1.031615536659956, "self_feature": 0.9298748672008514, "feature": 1.1905919313430786, "loss_actionness": 0.14207501709461212, "loss_transition": 0.6652259528636932, "loss_boundary": 0.0033167051151394844, "cost": 3.600242257118225}, "peak_gib": 8.360602855682373}
{"epoch": 16, "successful_updates": 1540, "losses": {"task": 0.09642930887639523, "full_task": 0.09466781467199326, "self_feature": 0.1759738102555275, "feature": 0.4056481570005417, "loss_actionness": 0.1616688258945942, "loss_transition": 0.5181817710399628, "loss_boundary": 3.085244861722458e-05, "cost": 1.2232232689857483}, "peak_gib": 8.360602855682373}
{"epoch": 16, "successful_updates": 1560, "losses": {"task": 0.21942385286092758, "full_task": 0.2013499215245247, "self_feature": 0.6164981126785278, "feature": 0.86526158452034, "loss_actionness": 0.12057049199938774, "loss_transition": 0.5850732028484344, "loss_boundary": 3.085244861722458e-05, "cost": 1.9023472666740417}, "peak_gib": 8.360602855682373}
{"epoch": 16, "successful_updates": 1580, "losses": {"task": 1.4499276280403137, "full_task": 1.2089760303497314, "self_feature": 0.764769971370697, "feature": 0.9661377370357513, "loss_actionness": 0.2163999378681183, "loss_transition": 0.6734033823013306, "loss_boundary": 0.003870486281812191, "cost": 3.688460111618042}, "peak_gib": 8.360602855682373}
{"epoch": 16, "successful_updates": 1600, "losses": {"task": 0.2407992109656334, "full_task": 0.2694639377295971, "self_feature": 0.796450138092041, "feature": 0.9946072995662689, "loss_actionness": 0.14265089482069016, "loss_transition": 0.6614320874214172, "loss_boundary": 0.00286668399348855, "cost": 2.189367115497589}, "peak_gib": 8.360602855682373}
09/14 12:19:08 - mmengine - WARNING - "FileClient" will be deprecated in future. Please use io functions in https://mmengine.readthedocs.io/en/latest/api/fileio.html#file-io
09/14 12:19:08 - mmengine - WARNING - "FileClient" will be deprecated in future. Please use io functions in https://mmengine.readthedocs.io/en/latest/api/fileio.html#file-io
09/14 12:19:08 - mmengine - WARNING - "HardDiskBackend" is the alias of "LocalBackend" and the former will be deprecated in future.
09/14 12:19:08 - mmengine - WARNING - "HardDiskBackend" is the alias of "LocalBackend" and the former will be deprecated in future.
{"epoch": 17, "successful_updates": 1620, "losses": {"task": 0.14004938304424286, "full_task": 0.13000863790512085, "self_feature": 0.5383192300796509, "feature": 0.7486269772052765, "loss_actionness": 0.13169122487306595, "loss_transition": 0.6304122805595398, "loss_boundary": 3.0852450436213985e-05, "cost": 1.7371448278427124}, "peak_gib": 8.360602855682373}
{"epoch": 17, "successful_updates": 1640, "losses": {"task": 1.3709675073623657, "full_task": 1.1771850883960724, "self_feature": 0.8295431137084961, "feature": 0.9664794206619263, "loss_actionness": 0.15526361018419266, "loss_transition": 0.6597286760807037, "loss_boundary": 0.0025738587137311697, "cost": 3.5322635173797607}, "peak_gib": 8.361240863800049}
{"epoch": 17, "successful_updates": 1660, "losses": {"task": 0.6635119915008545, "full_task": 0.6836312413215637, "self_feature": 0.46608269214630127, "feature": 0.6673620045185089, "loss_actionness": 0.14029020816087723, "loss_transition": 0.6228587031364441, "loss_boundary": 0.0015560245519736782, "cost": 2.3130950927734375}, "peak_gib": 8.361240863800049}
{"epoch": 17, "successful_updates": 1680, "losses": {"task": 0.14595504850149155, "full_task": 0.1374875120818615, "self_feature": 0.7630880177021027, "feature": 0.965362012386322, "loss_actionness": 0.10914188250899315, "loss_transition": 0.6713985502719879, "loss_boundary": 3.0852450436213985e-05, "cost": 2.002569019794464}, "peak_gib": 8.361240863800049}
{"epoch": 17, "successful_updates": 1700, "losses": {"task": 0.31234118342399597, "full_task": 0.1664646826684475, "self_feature": 0.6444253623485565, "feature": 0.7634287476539612, "loss_actionness": 0.17110639810562134, "loss_transition": 0.661957323551178, "loss_boundary": 0.0026388783007860184, "cost": 2.017531394958496}, "peak_gib": 8.361240863800049}
09/14 12:25:33 - mmengine - WARNING - "FileClient" will be deprecated in future. Please use io functions in https://mmengine.readthedocs.io/en/latest/api/fileio.html#file-io
09/14 12:25:33 - mmengine - WARNING - "HardDiskBackend" is the alias of "LocalBackend" and the former will be deprecated in future.
09/14 12:25:33 - mmengine - WARNING - "FileClient" will be deprecated in future. Please use io functions in https://mmengine.readthedocs.io/en/latest/api/fileio.html#file-io
09/14 12:25:33 - mmengine - WARNING - "HardDiskBackend" is the alias of "LocalBackend" and the former will be deprecated in future.
{"epoch": 18, "successful_updates": 1720, "losses": {"task": 0.9773205518722534, "full_task": 0.8763087391853333, "self_feature": 0.6082322895526886, "feature": 0.8089489638805389, "loss_actionness": 0.16130013763904572, "loss_transition": 0.6703521907329559, "loss_boundary": 0.0034839538857340813, "cost": 2.9013062715530396}, "peak_gib": 8.361240863800049}
{"epoch": 18, "successful_updates": 1740, "losses": {"task": 0.0946802906692028, "full_task": 0.08886232040822506, "self_feature": 0.6724337041378021, "feature": 0.901199996471405, "loss_actionness": 0.09983883053064346, "loss_transition": 0.52388596534729, "loss_boundary": 3.0852450436213985e-05, "cost": 1.7090948820114136}, "peak_gib": 8.361240863800049}
{"epoch": 18, "successful_updates": 1760, "losses": {"task": 0.6451749345287681, "full_task": 0.6368170659989119, "self_feature": 0.6530838906764984, "feature": 0.8213792145252228, "loss_actionness": 0.15532204881310463, "loss_transition": 0.5798239856958389, "loss_boundary": 0.001691952378678252, "cost": 2.427904725074768}, "peak_gib": 8.361240863800049}
{"epoch": 18, "successful_updates": 1780, "losses": {"task": 0.4957670420408249, "full_task": 0.4287090599536896, "self_feature": 0.689848393201828, "feature": 0.891118049621582, "loss_actionness": 0.12070250511169434, "loss_transition": 0.6573061347007751, "loss_boundary": 0.002720031887292862, "cost": 2.3437761068344116}, "peak_gib": 8.361240863800049}
{"epoch": 18, "successful_updates": 1800, "losses": {"task": 0.9050728380680084, "full_task": 0.8761795312166214, "self_feature": 0.5692459940910339, "feature": 0.8069427907466888, "loss_actionness": 0.14319650456309319, "loss_transition": 0.6519704461097717, "loss_boundary": 6.873614620417356e-05, "cost": 2.783220589160919}, "peak_gib": 8.361240863800049}
09/14 12:32:01 - mmengine - WARNING - "FileClient" will be deprecated in future. Please use io functions in https://mmengine.readthedocs.io/en/latest/api/fileio.html#file-io
09/14 12:32:01 - mmengine - WARNING - "FileClient" will be deprecated in future. Please use io functions in https://mmengine.readthedocs.io/en/latest/api/fileio.html#file-io
09/14 12:32:01 - mmengine - WARNING - "HardDiskBackend" is the alias of "LocalBackend" and the former will be deprecated in future.
09/14 12:32:01 - mmengine - WARNING - "HardDiskBackend" is the alias of "LocalBackend" and the former will be deprecated in future.
{"epoch": 19, "successful_updates": 1820, "losses": {"task": 0.3194721043109894, "full_task": 0.23797357082366943, "self_feature": 0.9670280814170837, "feature": 1.162395715713501, "loss_actionness": 0.1554008424282074, "loss_transition": 0.6811870634555817, "loss_boundary": 0.004387652385048568, "cost": 2.4790396690368652}, "peak_gib": 8.361240863800049}
{"epoch": 19, "successful_updates": 1840, "losses": {"task": 0.2485659271478653, "full_task": 0.23115060478448868, "self_feature": 0.5140964090824127, "feature": 0.7184968888759613, "loss_actionness": 0.13587845861911774, "loss_transition": 0.6336775720119476, "loss_boundary": 0.0011597051270655356, "cost": 1.846975862979889}, "peak_gib": 8.361240863800049}
{"epoch": 19, "successful_updates": 1860, "losses": {"task": 0.4562870115041733, "full_task": 0.35852962359786034, "self_feature": 0.6075656116008759, "feature": 0.8780496716499329, "loss_actionness": 0.14432861655950546, "loss_transition": 0.6436504125595093, "loss_boundary": 3.197432306478731e-05, "cost": 2.2727367281913757}, "peak_gib": 8.361240863800049}
{"epoch": 19, "successful_updates": 1880, "losses": {"task": 0.0673920214176178, "full_task": 0.05708229914307594, "self_feature": 0.602973997592926, "feature": 0.7823457717895508, "loss_actionness": 0.14601845294237137, "loss_transition": 0.5871654152870178, "loss_boundary": 3.085244861722458e-05, "cost": 1.6575206518173218}, "peak_gib": 8.361240863800049}
{"epoch": 19, "successful_updates": 1900, "losses": {"task": 0.8694390058517456, "full_task": 0.8617853820323944, "self_feature": 0.5939160883426666, "feature": 0.8188098669052124, "loss_actionness": 0.1813552901148796, "loss_transition": 0.6711172461509705, "loss_boundary": 0.0038755140267312527, "cost": 2.8194347620010376}, "peak_gib": 8.361240863800049}
09/14 12:38:31 - mmengine - WARNING - "FileClient" will be deprecated in future. Please use io functions in https://mmengine.readthedocs.io/en/latest/api/fileio.html#file-io
09/14 12:38:31 - mmengine - WARNING - "FileClient" will be deprecated in future. Please use io functions in https://mmengine.readthedocs.io/en/latest/api/fileio.html#file-io
09/14 12:38:31 - mmengine - WARNING - "HardDiskBackend" is the alias of "LocalBackend" and the former will be deprecated in future.
09/14 12:38:31 - mmengine - WARNING - "HardDiskBackend" is the alias of "LocalBackend" and the former will be deprecated in future.
{"epoch": 20, "successful_updates": 1920, "losses": {"task": 0.19929486513137817, "full_task": 0.18083316087722778, "self_feature": 0.7631426453590393, "feature": 0.9662265479564667, "loss_actionness": 0.11634353920817375, "loss_transition": 0.6102044582366943, "loss_boundary": 3.085245225520339e-05, "cost": 2.0136227011680603}, "peak_gib": 8.361240863800049}
{"epoch": 20, "successful_updates": 1940, "losses": {"task": 0.21651293337345123, "full_task": 0.15611331909894943, "self_feature": 0.8505393862724304, "feature": 1.0691740810871124, "loss_actionness": 0.13068526983261108, "loss_transition": 0.6569260954856873, "loss_boundary": 0.0028045218205079436, "cost": 2.200185179710388}, "peak_gib": 8.361240863800049}
{"epoch": 20, "successful_updates": 1960, "losses": {"task": 0.18047884106636047, "full_task": 0.1662910208106041, "self_feature": 0.306718185544014, "feature": 0.4941519796848297, "loss_actionness": 0.21616479009389877, "loss_transition": 0.5987840294837952, "loss_boundary": 0.0006363560387399048, "cost": 1.5624605417251587}, "peak_gib": 8.361240863800049}
{"epoch": 20, "successful_updates": 1980, "losses": {"task": 0.6086194887757301, "full_task": 0.44268738478422165, "self_feature": 0.6796341836452484, "feature": 0.9486539363861084, "loss_actionness": 0.19291751831769943, "loss_transition": 0.666469395160675, "loss_boundary": 3.085244679823518e-05, "cost": 2.5953264832496643}, "peak_gib": 8.361240863800049}
{"epoch": 20, "successful_updates": 2000, "losses": {"task": 0.3932831734418869, "full_task": 0.2971985340118408, "self_feature": 0.9102818369865417, "feature": 1.0865565538406372, "loss_actionness": 0.13146226108074188, "loss_transition": 0.6639744937419891, "loss_boundary": 0.0030990224331617355, "cost": 2.443703293800354}, "peak_gib": 8.361240863800049}
validation subset: 211 videos, truncated as 792 windows.
09/14 12:45:02 - mmengine - WARNING - "FileClient" will be deprecated in future. Please use io functions in https://mmengine.readthedocs.io/en/latest/api/fileio.html#file-io
09/14 12:45:02 - mmengine - WARNING - "FileClient" will be deprecated in future. Please use io functions in https://mmengine.readthedocs.io/en/latest/api/fileio.html#file-io
09/14 12:45:02 - mmengine - WARNING - "HardDiskBackend" is the alias of "LocalBackend" and the former will be deprecated in future.
09/14 12:45:02 - mmengine - WARNING - "HardDiskBackend" is the alias of "LocalBackend" and the former will be deprecated in future.
thumos_s_point_full_seed42 20: 1/792
thumos_s_point_full_seed42 20: 101/792
thumos_s_point_full_seed42 20: 201/792
thumos_s_point_full_seed42 20: 301/792
thumos_s_point_full_seed42 20: 401/792
thumos_s_point_full_seed42 20: 501/792
thumos_s_point_full_seed42 20: 601/792
thumos_s_point_full_seed42 20: 701/792
{'average_mAP': 0.6340869341630391, 'mAP@0.3': 0.7852690733155999, 'mAP@0.4': 0.7334367801146686, 'mAP@0.5': 0.6667757655969203, 'mAP@0.6': 0.5627142970616923, 'mAP@0.7': 0.4222387547263143}
09/14 13:06:28 - mmengine - WARNING - "FileClient" will be deprecated in future. Please use io functions in https://mmengine.readthedocs.io/en/latest/api/fileio.html#file-io
09/14 13:06:28 - mmengine - WARNING - "FileClient" will be deprecated in future. Please use io functions in https://mmengine.readthedocs.io/en/latest/api/fileio.html#file-io
09/14 13:06:28 - mmengine - WARNING - "HardDiskBackend" is the alias of "LocalBackend" and the former will be deprecated in future.
09/14 13:06:28 - mmengine - WARNING - "HardDiskBackend" is the alias of "LocalBackend" and the former will be deprecated in future.
{"epoch": 21, "successful_updates": 2020, "losses": {"task": 0.12403630837798119, "full_task": 0.08829567581415176, "self_feature": 0.6464939415454865, "feature": 0.8205890953540802, "loss_actionness": 0.18034647777676582, "loss_transition": 0.6607881188392639, "loss_boundary": 0.0026550760958343744, "cost": 1.8751383423805237}, "peak_gib": 8.299067974090576}
{"epoch": 21, "successful_updates": 2040, "losses": {"task": 0.1675601452589035, "full_task": 0.1567133218050003, "self_feature": 0.5583257377147675, "feature": 0.7323803603649139, "loss_actionness": 0.14196249097585678, "loss_transition": 0.6610356867313385, "loss_boundary": 3.085245225520339e-05, "cost": 1.7979804873466492}, "peak_gib": 8.299067974090576}
{"epoch": 21, "successful_updates": 2060, "losses": {"task": 0.18654103577136993, "full_task": 0.15356680750846863, "self_feature": 0.6688177585601807, "feature": 0.9067362248897552, "loss_actionness": 0.19551748037338257, "loss_transition": 0.5838967561721802, "loss_boundary": 0.0018023227203229908, "cost": 1.9797672629356384}, "peak_gib": 8.299067974090576}
{"epoch": 21, "successful_updates": 2080, "losses": {"task": 0.2060261033475399, "full_task": 0.1233569011092186, "self_feature": 0.7160646617412567, "feature": 0.8919419348239899, "loss_actionness": 0.13304053619503975, "loss_transition": 0.6766011416912079, "loss_boundary": 0.005003948928788304, "cost": 2.0150594115257263}, "peak_gib": 8.299067974090576}
{"epoch": 21, "successful_updates": 2100, "losses": {"task": 1.1212726449593902, "full_task": 0.9196401443332434, "self_feature": 0.5805467665195465, "feature": 0.840531051158905, "loss_actionness": 0.14282691106200218, "loss_transition": 0.6641573011875153, "loss_boundary": 3.470725459919777e-05, "cost": 3.0567872524261475}, "peak_gib": 8.299067974090576}
09/14 13:12:52 - mmengine - WARNING - "FileClient" will be deprecated in future. Please use io functions in https://mmengine.readthedocs.io/en/latest/api/fileio.html#file-io
09/14 13:12:52 - mmengine - WARNING - "FileClient" will be deprecated in future. Please use io functions in https://mmengine.readthedocs.io/en/latest/api/fileio.html#file-io
09/14 13:12:52 - mmengine - WARNING - "HardDiskBackend" is the alias of "LocalBackend" and the former will be deprecated in future.
09/14 13:12:52 - mmengine - WARNING - "HardDiskBackend" is the alias of "LocalBackend" and the former will be deprecated in future.
{"epoch": 22, "successful_updates": 2120, "losses": {"task": 0.38079312443733215, "full_task": 0.3313950449228287, "self_feature": 0.8757787644863129, "feature": 1.051669955253601, "loss_actionness": 0.13663128018379211, "loss_transition": 0.6711899638175964, "loss_boundary": 0.0033648519311100245, "cost": 2.4140758514404297}, "peak_gib": 8.322299480438232}
{"epoch": 22, "successful_updates": 2140, "losses": {"task": 0.632848858833313, "full_task": 0.5826352387666702, "self_feature": 0.6847617328166962, "feature": 0.8993293941020966, "loss_actionness": 0.11164357885718346, "loss_transition": 0.6603100597858429, "loss_boundary": 0.002785503282211721, "cost": 2.521052360534668}, "peak_gib": 8.322299480438232}
{"epoch": 22, "successful_updates": 2160, "losses": {"task": 0.9810385406017303, "full_task": 0.8793279826641083, "self_feature": 0.4347454160451889, "feature": 0.6507224440574646, "loss_actionness": 0.20582792907953262, "loss_transition": 0.6172944903373718, "loss_boundary": 6.349115392367821e-05, "cost": 2.7182533740997314}, "peak_gib": 8.360714435577393}
{"epoch": 22, "successful_updates": 2180, "losses": {"task": 0.9726121202111244, "full_task": 0.5287411585450172, "self_feature": 0.7446344792842865, "feature": 0.9202980399131775, "loss_actionness": 0.18175800144672394, "loss_transition": 0.6543785035610199, "loss_boundary": 0.0024787853471934795, "cost": 2.9381744265556335}, "peak_gib": 8.360714435577393}
{"epoch": 22, "successful_updates": 2200, "losses": {"task": 0.6945714950561523, "full_task": 0.547712042927742, "self_feature": 0.7076979875564575, "feature": 0.936270534992218, "loss_actionness": 0.19434505701065063, "loss_transition": 0.6699804663658142, "loss_boundary": 0.003544096602126956, "cost": 2.706409454345703}, "peak_gib": 8.360714435577393}
09/14 13:19:19 - mmengine - WARNING - "FileClient" will be deprecated in future. Please use io functions in https://mmengine.readthedocs.io/en/latest/api/fileio.html#file-io
09/14 13:19:19 - mmengine - WARNING - "FileClient" will be deprecated in future. Please use io functions in https://mmengine.readthedocs.io/en/latest/api/fileio.html#file-io
09/14 13:19:19 - mmengine - WARNING - "HardDiskBackend" is the alias of "LocalBackend" and the former will be deprecated in future.
09/14 13:19:19 - mmengine - WARNING - "HardDiskBackend" is the alias of "LocalBackend" and the former will be deprecated in future.
{"epoch": 23, "successful_updates": 2220, "losses": {"task": 0.1294926032423973, "full_task": 0.10954679548740387, "self_feature": 0.7133358120918274, "feature": 0.9124396741390228, "loss_actionness": 0.18669917434453964, "loss_transition": 0.64410200715065, "loss_boundary": 3.085245225520339e-05, "cost": 1.9714846014976501}, "peak_gib": 8.360714435577393}
{"epoch": 23, "successful_updates": 2240, "losses": {"task": 0.2847880944609642, "full_task": 0.2158052921295166, "self_feature": 0.585676297545433, "feature": 0.7651924788951874, "loss_actionness": 0.15613116323947906, "loss_transition": 0.5999243259429932, "loss_boundary": 0.0003841165962512605, "cost": 1.9189390540122986}, "peak_gib": 8.361740589141846}
{"epoch": 23, "successful_updates": 2260, "losses": {"task": 0.3511414974927902, "full_task": 0.34735870361328125, "self_feature": 0.5019418746232986, "feature": 0.6592361032962799, "loss_actionness": 0.13615499436855316, "loss_transition": 0.6359586715698242, "loss_boundary": 0.0013539126957766712, "cost": 1.9208791255950928}, "peak_gib": 8.361740589141846}
{"epoch": 23, "successful_updates": 2280, "losses": {"task": 0.9727412760257721, "full_task": 0.9048944115638733, "self_feature": 0.5309169143438339, "feature": 0.630547046661377, "loss_actionness": 0.13547291606664658, "loss_transition": 0.6648085415363312, "loss_boundary": 5.8072477258974686e-05, "cost": 2.6829432249069214}, "peak_gib": 8.361740589141846}
{"epoch": 23, "successful_updates": 2300, "losses": {"task": 0.28972016274929047, "full_task": 0.2862349897623062, "self_feature": 0.8480013012886047, "feature": 1.0300353169441223, "loss_actionness": 0.13384443521499634, "loss_transition": 0.6252192258834839, "loss_boundary": 0.0013190763638704084, "cost": 2.2364970445632935}, "peak_gib": 8.361740589141846}
09/14 13:25:47 - mmengine - WARNING - "FileClient" will be deprecated in future. Please use io functions in https://mmengine.readthedocs.io/en/latest/api/fileio.html#file-io
09/14 13:25:47 - mmengine - WARNING - "FileClient" will be deprecated in future. Please use io functions in https://mmengine.readthedocs.io/en/latest/api/fileio.html#file-io
09/14 13:25:47 - mmengine - WARNING - "HardDiskBackend" is the alias of "LocalBackend" and the former will be deprecated in future.
09/14 13:25:47 - mmengine - WARNING - "HardDiskBackend" is the alias of "LocalBackend" and the former will be deprecated in future.
{"epoch": 24, "successful_updates": 2320, "losses": {"task": 0.7338575702160597, "full_task": 0.7731088208965957, "self_feature": 0.3708784282207489, "feature": 0.4650951027870178, "loss_actionness": 0.11252749338746071, "loss_transition": 0.6543371379375458, "loss_boundary": 0.0020058618392795324, "cost": 2.1981881856918335}, "peak_gib": 8.361740589141846}
{"epoch": 24, "successful_updates": 2340, "losses": {"task": 0.03825702145695686, "full_task": 0.04587187245488167, "self_feature": 0.5667230486869812, "feature": 0.7478058934211731, "loss_actionness": 0.15703603252768517, "loss_transition": 0.5500041544437408, "loss_boundary": 3.085245225520339e-05, "cost": 1.5612742900848389}, "peak_gib": 8.361740589141846}
{"epoch": 24, "successful_updates": 2360, "losses": {"task": 0.5059744045138359, "full_task": 0.3541300967335701, "self_feature": 0.6713716089725494, "feature": 0.9173813164234161, "loss_actionness": 0.1613994687795639, "loss_transition": 0.5338201969861984, "loss_boundary": 0.0018922264298453229, "cost": 2.276137351989746}, "peak_gib": 8.361740589141846}
{"epoch": 24, "successful_updates": 2380, "losses": {"task": 0.45759713649749756, "full_task": 0.44564273953437805, "self_feature": 0.6471637487411499, "feature": 0.8163692057132721, "loss_actionness": 0.121827382594347, "loss_transition": 0.6719711422920227, "loss_boundary": 0.0042452404741197824, "cost": 2.24813711643219}, "peak_gib": 8.361740589141846}
{"epoch": 24, "successful_updates": 2400, "losses": {"task": 0.4343588948249817, "full_task": 0.40132081508636475, "self_feature": 0.4199420213699341, "feature": 0.5488921999931335, "loss_actionness": 0.20979388058185577, "loss_transition": 0.6573884189128876, "loss_boundary": 3.0852450436213985e-05, "cost": 1.9927886724472046}, "peak_gib": 8.361740589141846}
09/14 13:32:21 - mmengine - WARNING - "FileClient" will be deprecated in future. Please use io functions in https://mmengine.readthedocs.io/en/latest/api/fileio.html#file-io
09/14 13:32:21 - mmengine - WARNING - "FileClient" will be deprecated in future. Please use io functions in https://mmengine.readthedocs.io/en/latest/api/fileio.html#file-io
09/14 13:32:21 - mmengine - WARNING - "HardDiskBackend" is the alias of "LocalBackend" and the former will be deprecated in future.
09/14 13:32:21 - mmengine - WARNING - "HardDiskBackend" is the alias of "LocalBackend" and the former will be deprecated in future.
{"epoch": 25, "successful_updates": 2420, "losses": {"task": 0.8332543224096298, "full_task": 0.6349624842405319, "self_feature": 0.9690344035625458, "feature": 1.200414776802063, "loss_actionness": 0.1865072399377823, "loss_transition": 0.665444016456604, "loss_boundary": 0.003203017287887633, "cost": 3.1444672346115112}, "peak_gib": 8.361740589141846}
{"epoch": 25, "successful_updates": 2440, "losses": {"task": 0.2116975635290146, "full_task": 0.24808047711849213, "self_feature": 0.6380105912685394, "feature": 0.8764230012893677, "loss_actionness": 0.13257913291454315, "loss_transition": 0.6553853750228882, "loss_boundary": 0.0025126953842118382, "cost": 2.004418969154358}, "peak_gib": 8.361740589141846}
{"epoch": 25, "successful_updates": 2460, "losses": {"task": 0.17999018728733063, "full_task": 0.15525805205106735, "self_feature": 0.5022521615028381, "feature": 0.6813252866268158, "loss_actionness": 0.1266271471977234, "loss_transition": 0.6777265965938568, "loss_boundary": 3.085244861722458e-05, "cost": 1.7547397017478943}, "peak_gib": 8.361740589141846}
{"epoch": 25, "successful_updates": 2480, "losses": {"task": 0.19792815297842026, "full_task": 0.13803984969854355, "self_feature": 0.6985230147838593, "feature": 0.8659150004386902, "loss_actionness": 0.14564934372901917, "loss_transition": 0.6269396841526031, "loss_boundary": 0.0008611715456936508, "cost": 1.941655695438385}, "peak_gib": 8.361740589141846}
{"epoch": 25, "successful_updates": 2500, "losses": {"task": 0.5033203139901161, "full_task": 0.4089546352624893, "self_feature": 0.5605324804782867, "feature": 0.7145508527755737, "loss_actionness": 0.12049354240298271, "loss_transition": 0.6668807864189148, "loss_boundary": 0.0034989103442057967, "cost": 2.167036294937134}, "peak_gib": 8.361740589141846}
09/14 13:38:47 - mmengine - WARNING - "FileClient" will be deprecated in future. Please use io functions in https://mmengine.readthedocs.io/en/latest/api/fileio.html#file-io
09/14 13:38:47 - mmengine - WARNING - "FileClient" will be deprecated in future. Please use io functions in https://mmengine.readthedocs.io/en/latest/api/fileio.html#file-io
09/14 13:38:47 - mmengine - WARNING - "HardDiskBackend" is the alias of "LocalBackend" and the former will be deprecated in future.
09/14 13:38:47 - mmengine - WARNING - "HardDiskBackend" is the alias of "LocalBackend" and the former will be deprecated in future.
{"epoch": 26, "successful_updates": 2520, "losses": {"task": 0.48535850644111633, "full_task": 0.30567440390586853, "self_feature": 0.6360046863555908, "feature": 0.828840583562851, "loss_actionness": 0.18088005483150482, "loss_transition": 0.6262200474739075, "loss_boundary": 3.309033672849182e-05, "cost": 2.2613514065742493}, "peak_gib": 8.361740589141846}
{"epoch": 26, "successful_updates": 2540, "losses": {"task": 0.2553255259990692, "full_task": 0.21994629502296448, "self_feature": 0.6216899454593658, "feature": 0.7347163558006287, "loss_actionness": 0.15525788813829422, "loss_transition": 0.6432484984397888, "loss_boundary": 0.0017017150530591607, "cost": 1.9074055552482605}, "peak_gib": 8.361740589141846}
{"epoch": 26, "successful_updates": 2560, "losses": {"task": 0.5315284058451653, "full_task": 0.504472041502595, "self_feature": 0.6208540499210358, "feature": 0.7905593812465668, "loss_actionness": 0.09413047879934311, "loss_transition": 0.6635107398033142, "loss_boundary": 0.002832204569131136, "cost": 2.2707645297050476}, "peak_gib": 8.361740589141846}
{"epoch": 26, "successful_updates": 2580, "losses": {"task": 0.1723124384880066, "full_task": 0.15420418232679367, "self_feature": 0.8087449669837952, "feature": 0.9355782568454742, "loss_actionness": 0.16197626292705536, "loss_transition": 0.5303386747837067, "loss_boundary": 3.0852450436213985e-05, "cost": 1.9196619987487793}, "peak_gib": 8.361740589141846}
{"epoch": 26, "successful_updates": 2600, "losses": {"task": 0.11282040178775787, "full_task": 0.09146813303232193, "self_feature": 0.8275657296180725, "feature": 1.0209863483905792, "loss_actionness": 0.12481273710727692, "loss_transition": 0.6610693037509918, "loss_boundary": 0.0027884081937372684, "cost": 2.028100848197937}, "peak_gib": 8.361740589141846}
09/14 13:45:20 - mmengine - WARNING - "FileClient" will be deprecated in future. Please use io functions in https://mmengine.readthedocs.io/en/latest/api/fileio.html#file-io
09/14 13:45:20 - mmengine - WARNING - "FileClient" will be deprecated in future. Please use io functions in https://mmengine.readthedocs.io/en/latest/api/fileio.html#file-io
09/14 13:45:20 - mmengine - WARNING - "HardDiskBackend" is the alias of "LocalBackend" and the former will be deprecated in future.
09/14 13:45:20 - mmengine - WARNING - "HardDiskBackend" is the alias of "LocalBackend" and the former will be deprecated in future.
{"epoch": 27, "successful_updates": 2620, "losses": {"task": 0.539634108543396, "full_task": 0.5335914343595505, "self_feature": 0.5615130066871643, "feature": 0.7151005864143372, "loss_actionness": 0.15066692233085632, "loss_transition": 0.6790325045585632, "loss_boundary": 0.004257872933521867, "cost": 2.2782411575317383}, "peak_gib": 8.361740589141846}
{"epoch": 27, "successful_updates": 2640, "losses": {"task": 0.3281161058694124, "full_task": 0.28932322561740875, "self_feature": 0.4874574542045593, "feature": 0.5903578698635101, "loss_actionness": 0.1341879516839981, "loss_transition": 0.6902583837509155, "loss_boundary": 3.085244861722458e-05, "cost": 1.8640276789665222}, "peak_gib": 8.361740589141846}
{"epoch": 27, "successful_updates": 2660, "losses": {"task": 1.2080320119857788, "full_task": 0.9279822707176208, "self_feature": 0.8563700616359711, "feature": 1.142271339893341, "loss_actionness": 0.2060445472598076, "loss_transition": 0.6731593906879425, "loss_boundary": 0.003674714593216777, "cost": 3.5508145093917847}, "peak_gib": 8.361740589141846}
{"epoch": 27, "successful_updates": 2680, "losses": {"task": 0.3503086268901825, "full_task": 0.34859292209148407, "self_feature": 0.38030052930116653, "feature": 0.6147574484348297, "loss_actionness": 0.17998410761356354, "loss_transition": 0.6176862418651581, "loss_boundary": 0.0013979483919683844, "cost": 1.8893126249313354}, "peak_gib": 8.361740589141846}
{"epoch": 27, "successful_updates": 2700, "losses": {"task": 0.5639249831438065, "full_task": 0.4116491489112377, "self_feature": 0.5628664195537567, "feature": 0.7273371815681458, "loss_actionness": 0.15392661094665527, "loss_transition": 0.6577582955360413, "loss_boundary": 3.0852450436213985e-05, "cost": 2.2621766924858093}, "peak_gib": 8.361740589141846}
09/14 13:51:48 - mmengine - WARNING - "FileClient" will be deprecated in future. Please use io functions in https://mmengine.readthedocs.io/en/latest/api/fileio.html#file-io
09/14 13:51:48 - mmengine - WARNING - "FileClient" will be deprecated in future. Please use io functions in https://mmengine.readthedocs.io/en/latest/api/fileio.html#file-io
09/14 13:51:48 - mmengine - WARNING - "HardDiskBackend" is the alias of "LocalBackend" and the former will be deprecated in future.
09/14 13:51:48 - mmengine - WARNING - "HardDiskBackend" is the alias of "LocalBackend" and the former will be deprecated in future.
{"epoch": 28, "successful_updates": 2720, "losses": {"task": 0.5897646695375443, "full_task": 0.44427400082349777, "self_feature": 0.8477085828781128, "feature": 1.0065977275371552, "loss_actionness": 0.1631222441792488, "loss_transition": 0.6672589182853699, "loss_boundary": 0.003078121575526893, "cost": 2.6256611347198486}, "peak_gib": 8.361740589141846}
{"epoch": 28, "successful_updates": 2740, "losses": {"task": 0.0794216338545084, "full_task": 0.08156543038785458, "self_feature": 0.5061300620436668, "feature": 0.8091324418783188, "loss_actionness": 0.13025418296456337, "loss_transition": 0.613403856754303, "loss_boundary": 0.0019676549436553614, "cost": 1.7051841616630554}, "peak_gib": 8.361740589141846}
{"epoch": 28, "successful_updates": 2760, "losses": {"task": 0.16825561225414276, "full_task": 0.17571463529020548, "self_feature": 0.5820969939231873, "feature": 0.8752903640270233, "loss_actionness": 0.1253407709300518, "loss_transition": 0.6397756040096283, "loss_boundary": 3.085245225520339e-05, "cost": 1.9108315110206604}, "peak_gib": 8.361740589141846}
{"epoch": 28, "successful_updates": 2780, "losses": {"task": 0.39786582067608833, "full_task": 0.3708873428404331, "self_feature": 0.6546888947486877, "feature": 0.8093239963054657, "loss_actionness": 0.18055640161037445, "loss_transition": 0.5959410667419434, "loss_boundary": 0.0018358708221057896, "cost": 2.1437140107154846}, "peak_gib": 8.361740589141846}
{"epoch": 28, "successful_updates": 2800, "losses": {"task": 0.28214386105537415, "full_task": 0.24247846752405167, "self_feature": 0.6046741604804993, "feature": 0.7782018780708313, "loss_actionness": 0.1595069207251072, "loss_transition": 0.665234386920929, "loss_boundary": 0.0036357908975332975, "cost": 2.0098098516464233}, "peak_gib": 8.361740589141846}
09/14 13:58:24 - mmengine - WARNING - "FileClient" will be deprecated in future. Please use io functions in https://mmengine.readthedocs.io/en/latest/api/fileio.html#file-io
09/14 13:58:24 - mmengine - WARNING - "FileClient" will be deprecated in future. Please use io functions in https://mmengine.readthedocs.io/en/latest/api/fileio.html#file-io
09/14 13:58:24 - mmengine - WARNING - "HardDiskBackend" is the alias of "LocalBackend" and the former will be deprecated in future.
09/14 13:58:24 - mmengine - WARNING - "HardDiskBackend" is the alias of "LocalBackend" and the former will be deprecated in future.
{"epoch": 29, "successful_updates": 2820, "losses": {"task": 0.3323582634329796, "full_task": 0.28924231976270676, "self_feature": 0.5186313092708588, "feature": 0.6448895931243896, "loss_actionness": 0.151401124894619, "loss_transition": 0.6402580440044403, "loss_boundary": 3.0852450436213985e-05, "cost": 1.893111526966095}, "peak_gib": 8.361740589141846}
{"epoch": 29, "successful_updates": 2840, "losses": {"task": 0.24604231864213943, "full_task": 0.1909995898604393, "self_feature": 0.9325370192527771, "feature": 1.122520387172699, "loss_actionness": 0.13188079744577408, "loss_transition": 0.6464935541152954, "loss_boundary": 0.001565104947076179, "cost": 2.2895056009292603}, "peak_gib": 8.361740589141846}
{"epoch": 29, "successful_updates": 2860, "losses": {"task": 0.8516084253787994, "full_task": 0.6887019872665405, "self_feature": 0.6167024970054626, "feature": 0.8109487295150757, "loss_actionness": 0.19070592522621155, "loss_transition": 0.6673138439655304, "loss_boundary": 0.00349301565438509, "cost": 2.757915735244751}, "peak_gib": 8.361740589141846}
{"epoch": 29, "successful_updates": 2880, "losses": {"task": 0.3676757514476776, "full_task": 0.32185404375195503, "self_feature": 0.5650321394205093, "feature": 0.8024919629096985, "loss_actionness": 0.14306607469916344, "loss_transition": 0.6576723456382751, "loss_boundary": 3.108492091996595e-05, "cost": 2.1079038977622986}, "peak_gib": 8.361740589141846}
{"epoch": 29, "successful_updates": 2900, "losses": {"task": 1.1185080856084824, "full_task": 1.0204692669212818, "self_feature": 0.8471817076206207, "feature": 0.9726619124412537, "loss_actionness": 0.1688332036137581, "loss_transition": 0.6645991802215576, "loss_boundary": 0.0030968483770266175, "cost": 3.267534613609314}, "peak_gib": 8.361740589141846}
09/14 14:04:51 - mmengine - WARNING - "FileClient" will be deprecated in future. Please use io functions in https://mmengine.readthedocs.io/en/latest/api/fileio.html#file-io
09/14 14:04:51 - mmengine - WARNING - "FileClient" will be deprecated in future. Please use io functions in https://mmengine.readthedocs.io/en/latest/api/fileio.html#file-io
09/14 14:04:51 - mmengine - WARNING - "HardDiskBackend" is the alias of "LocalBackend" and the former will be deprecated in future.
09/14 14:04:51 - mmengine - WARNING - "HardDiskBackend" is the alias of "LocalBackend" and the former will be deprecated in future.
{"epoch": 30, "successful_updates": 2920, "losses": {"task": 0.14763041585683823, "full_task": 0.16782445088028908, "self_feature": 0.6740894913673401, "feature": 0.8471718430519104, "loss_actionness": 0.16022324562072754, "loss_transition": 0.656851589679718, "loss_boundary": 0.0028459212044253945, "cost": 1.9240882396697998}, "peak_gib": 8.361740589141846}
{"epoch": 30, "successful_updates": 2940, "losses": {"task": 0.3038252294063568, "full_task": 0.2932843714952469, "self_feature": 0.60896036028862, "feature": 0.8990030586719513, "loss_actionness": 0.11682403087615967, "loss_transition": 0.6540751457214355, "loss_boundary": 5.603097997664008e-05, "cost": 2.1080005764961243}, "peak_gib": 8.361740589141846}
{"epoch": 30, "successful_updates": 2960, "losses": {"task": 0.5258848518133163, "full_task": 0.3617869019508362, "self_feature": 0.8330536186695099, "feature": 1.0324104726314545, "loss_actionness": 0.16691379994153976, "loss_transition": 0.6533450484275818, "loss_boundary": 0.0025779515272006392, "cost": 2.5548840761184692}, "peak_gib": 8.361740589141846}
{"epoch": 30, "successful_updates": 2980, "losses": {"task": 0.21894563734531403, "full_task": 0.20948879420757294, "self_feature": 0.5746795833110809, "feature": 0.7958677113056183, "loss_actionness": 0.15966026484966278, "loss_transition": 0.6506934463977814, "loss_boundary": 0.0021418141695903614, "cost": 1.9371491074562073}, "peak_gib": 8.361740589141846}
{"epoch": 30, "successful_updates": 3000, "losses": {"task": 0.45960191637277603, "full_task": 0.4029657505452633, "self_feature": 0.5697563290596008, "feature": 0.7449550032615662, "loss_actionness": 0.12251269444823265, "loss_transition": 0.5929183661937714, "loss_boundary": 8.750413144298363e-05, "cost": 2.077792465686798}, "peak_gib": 8.361740589141846}
09/14 14:11:26 - mmengine - WARNING - "FileClient" will be deprecated in future. Please use io functions in https://mmengine.readthedocs.io/en/latest/api/fileio.html#file-io
09/14 14:11:26 - mmengine - WARNING - "FileClient" will be deprecated in future. Please use io functions in https://mmengine.readthedocs.io/en/latest/api/fileio.html#file-io
09/14 14:11:26 - mmengine - WARNING - "HardDiskBackend" is the alias of "LocalBackend" and the former will be deprecated in future.
09/14 14:11:26 - mmengine - WARNING - "HardDiskBackend" is the alias of "LocalBackend" and the former will be deprecated in future.
{"epoch": 31, "successful_updates": 3020, "losses": {"task": 0.6651882231235504, "full_task": 0.455146461725235, "self_feature": 0.6302113234996796, "feature": 0.7670513391494751, "loss_actionness": 0.10377493873238564, "loss_transition": 0.6863744854927063, "loss_boundary": 0.004947338253259659, "cost": 2.404144048690796}, "peak_gib": 8.361740589141846}
{"epoch": 31, "successful_updates": 3040, "losses": {"task": 0.3198190852999687, "full_task": 0.34886741638183594, "self_feature": 0.486564002931118, "feature": 0.7765981256961823, "loss_actionness": 0.14186230301856995, "loss_transition": 0.6074672937393188, "loss_boundary": 0.0013678764516953379, "cost": 1.9829879403114319}, "peak_gib": 8.361740589141846}
{"epoch": 31, "successful_updates": 3060, "losses": {"task": 0.3505331873893738, "full_task": 0.32090141624212265, "self_feature": 0.5451545119285583, "feature": 0.7836327850818634, "loss_actionness": 0.1439025104045868, "loss_transition": 0.6726202666759491, "loss_boundary": 3.0852450436213985e-05, "cost": 2.0854603052139282}, "peak_gib": 8.361740589141846}
{"epoch": 31, "successful_updates": 3080, "losses": {"task": 0.15449616871774197, "full_task": 0.13195785135030746, "self_feature": 0.857625424861908, "feature": 1.00591379404068, "loss_actionness": 0.15357795730233192, "loss_transition": 0.6829191148281097, "loss_boundary": 0.004465428879484534, "cost": 2.1201244592666626}, "peak_gib": 8.361740589141846}
{"epoch": 31, "successful_updates": 3100, "losses": {"task": 0.14288893342018127, "full_task": 0.15919917821884155, "self_feature": 0.20925115793943405, "feature": 0.5020406246185303, "loss_actionness": 0.1337265856564045, "loss_transition": 0.4854055345058441, "loss_boundary": 3.0852450436213985e-05, "cost": 1.3248174786567688}, "peak_gib": 8.361740589141846}
09/14 14:18:03 - mmengine - WARNING - "FileClient" will be deprecated in future. Please use io functions in https://mmengine.readthedocs.io/en/latest/api/fileio.html#file-io
09/14 14:18:03 - mmengine - WARNING - "FileClient" will be deprecated in future. Please use io functions in https://mmengine.readthedocs.io/en/latest/api/fileio.html#file-io
09/14 14:18:03 - mmengine - WARNING - "HardDiskBackend" is the alias of "LocalBackend" and the former will be deprecated in future.
09/14 14:18:03 - mmengine - WARNING - "HardDiskBackend" is the alias of "LocalBackend" and the former will be deprecated in future.
{"epoch": 32, "successful_updates": 3120, "losses": {"task": 0.08183720149099827, "full_task": 0.07559295557439327, "self_feature": 0.6452404260635376, "feature": 0.8904361724853516, "loss_actionness": 0.11433412507176399, "loss_transition": 0.6458268463611603, "loss_boundary": 3.085244861722458e-05, "cost": 1.815887451171875}, "peak_gib": 8.361740589141846}
{"epoch": 32, "successful_updates": 3140, "losses": {"task": 0.1834268756210804, "full_task": 0.14464984089136124, "self_feature": 0.7655014991760254, "feature": 0.9260010123252869, "loss_actionness": 0.13328991830348969, "loss_transition": 0.6397625803947449, "loss_boundary": 0.001526061532786116, "cost": 1.9967190027236938}, "peak_gib": 8.361740589141846}
{"epoch": 32, "successful_updates": 3160, "losses": {"task": 0.16300220787525177, "full_task": 0.16767486929893494, "self_feature": 0.3630332723259926, "feature": 0.5873264968395233, "loss_actionness": 0.12628144770860672, "loss_transition": 0.6079526543617249, "loss_boundary": 0.0009412959061592119, "cost": 1.5637261867523193}, "peak_gib": 8.361740589141846}
{"epoch": 32, "successful_updates": 3180, "losses": {"task": 0.290422722697258, "full_task": 0.23716029524803162, "self_feature": 0.561446025967598, "feature": 0.7708121836185455, "loss_actionness": 0.17539717257022858, "loss_transition": 0.532856211066246, "loss_boundary": 3.0852450436213985e-05, "cost": 1.884953796863556}, "peak_gib": 8.361740589141846}
{"epoch": 32, "successful_updates": 3200, "losses": {"task": 0.26524996012449265, "full_task": 0.1856992393732071, "self_feature": 0.8186932802200317, "feature": 1.0636688470840454, "loss_actionness": 0.12190631404519081, "loss_transition": 0.6611951589584351, "loss_boundary": 0.002925251959823072, "cost": 2.2432397603988647}, "peak_gib": 8.361740589141846}
09/14 14:24:43 - mmengine - WARNING - "FileClient" will be deprecated in future. Please use io functions in https://mmengine.readthedocs.io/en/latest/api/fileio.html#file-io
09/14 14:24:43 - mmengine - WARNING - "FileClient" will be deprecated in future. Please use io functions in https://mmengine.readthedocs.io/en/latest/api/fileio.html#file-io
09/14 14:24:43 - mmengine - WARNING - "HardDiskBackend" is the alias of "LocalBackend" and the former will be deprecated in future.
09/14 14:24:43 - mmengine - WARNING - "HardDiskBackend" is the alias of "LocalBackend" and the former will be deprecated in future.
{"epoch": 33, "successful_updates": 3220, "losses": {"task": 0.16579672694206238, "full_task": 0.15900684148073196, "self_feature": 0.3790464550256729, "feature": 0.5507767051458359, "loss_actionness": 0.14957424253225327, "loss_transition": 0.5800367742776871, "loss_boundary": 0.0015152227424550802, "cost": 1.5253560543060303}, "peak_gib": 8.361740589141846}
{"epoch": 33, "successful_updates": 3240, "losses": {"task": 0.032856738194823265, "full_task": 0.039602743461728096, "self_feature": 0.5129750669002533, "feature": 0.7364506721496582, "loss_actionness": 0.1336205042898655, "loss_transition": 0.6730815172195435, "loss_boundary": 3.085244679823518e-05, "cost": 1.6372385025024414}, "peak_gib": 8.361740589141846}
{"epoch": 33, "successful_updates": 3260, "losses": {"task": 0.11984151042997837, "full_task": 0.07043980527669191, "self_feature": 0.6877550482749939, "feature": 0.7719148248434067, "loss_actionness": 0.13646866381168365, "loss_transition": 0.6631307601928711, "loss_boundary": 0.003002563025802374, "cost": 1.7807437777519226}, "peak_gib": 8.361740589141846}
{"epoch": 33, "successful_updates": 3280, "losses": {"task": 0.18912772089242935, "full_task": 0.15138816088438034, "self_feature": 0.3293258771300316, "feature": 0.5030786693096161, "loss_actionness": 0.14765173196792603, "loss_transition": 0.6317910552024841, "loss_boundary": 0.0012685567198786885, "cost": 1.5436973571777344}, "peak_gib": 8.361740589141846}
{"epoch": 33, "successful_updates": 3300, "losses": {"task": 0.5085414052009583, "full_task": 0.4200730621814728, "self_feature": 0.5333970189094543, "feature": 0.7761546969413757, "loss_actionness": 0.14919575303792953, "loss_transition": 0.6660151481628418, "loss_boundary": 3.085245407419279e-05, "cost": 2.258295714855194}, "peak_gib": 8.361740589141846}
09/14 14:31:12 - mmengine - WARNING - "FileClient" will be deprecated in future. Please use io functions in https://mmengine.readthedocs.io/en/latest/api/fileio.html#file-io
09/14 14:31:12 - mmengine - WARNING - "FileClient" will be deprecated in future. Please use io functions in https://mmengine.readthedocs.io/en/latest/api/fileio.html#file-io
09/14 14:31:12 - mmengine - WARNING - "HardDiskBackend" is the alias of "LocalBackend" and the former will be deprecated in future.
09/14 14:31:12 - mmengine - WARNING - "HardDiskBackend" is the alias of "LocalBackend" and the former will be deprecated in future.
{"epoch": 34, "successful_updates": 3320, "losses": {"task": 2.0662355422973633, "full_task": 1.4440179467201233, "self_feature": 0.8922833204269409, "feature": 1.1715704798698425, "loss_actionness": 0.1580142118036747, "loss_transition": 0.6730182766914368, "loss_boundary": 0.003798891557380557, "cost": 4.522870063781738}, "peak_gib": 8.361740589141846}
{"epoch": 34, "successful_updates": 3340, "losses": {"task": 0.5734713673591614, "full_task": 0.5600787401199341, "self_feature": 0.6116388738155365, "feature": 0.8034031689167023, "loss_actionness": 0.1387777253985405, "loss_transition": 0.6714832782745361, "loss_boundary": 0.003606150159612298, "cost": 2.39192533493042}, "peak_gib": 8.361740589141846}
{"epoch": 34, "successful_updates": 3360, "losses": {"task": 0.1492101028561592, "full_task": 0.1277097426354885, "self_feature": 0.4753223955631256, "feature": 0.67904132604599, "loss_actionness": 0.12710053473711014, "loss_transition": 0.6161691248416901, "loss_boundary": 7.168249067035504e-05, "cost": 1.6510524153709412}, "peak_gib": 8.361740589141846}
