training subset: 200 videos
ViT's param: 21879936, Adapter's params: 1006860, ratio: 4.6%
Warning: no pretrain path is provided, the backbone will be randomly initialized, unless you have initialized the weights in the model.py.
freeze_backbone: False, norm_eval: False
09/15 03:48:57 - mmengine - WARNING - "FileClient" will be deprecated in future. Please use io functions in https://mmengine.readthedocs.io/en/latest/api/fileio.html#file-io
09/15 03:48:57 - mmengine - WARNING - "FileClient" will be deprecated in future. Please use io functions in https://mmengine.readthedocs.io/en/latest/api/fileio.html#file-io
09/15 03:48:57 - mmengine - WARNING - "HardDiskBackend" is the alias of "LocalBackend" and the former will be deprecated in future.
09/15 03:48:57 - mmengine - WARNING - "HardDiskBackend" is the alias of "LocalBackend" and the former will be deprecated in future.
/data/run01/sczc063/yuzibo/conda_envs/opentad/lib/python3.10/site-packages/torch/nn/modules/conv.py:459: UserWarning: Applied workaround for CuDNN issue, install nvrtc.so (Triggered internally at /opt/conda/conda-bld/pytorch_1682343995026/work/aten/src/ATen/native/cudnn/Conv_v8.cpp:80.)
  return F.conv2d(input, weight, bias, self.stride,
ViT's param: 21879936, Adapter's params: 1006860, ratio: 4.6%
Warning: no pretrain path is provided, the backbone will be randomly initialized, unless you have initialized the weights in the model.py.
freeze_backbone: False, norm_eval: False
training subset: 200 videos
ViT's param: 21879936, Adapter's params: 1006860, ratio: 4.6%
Warning: no pretrain path is provided, the backbone will be randomly initialized, unless you have initialized the weights in the model.py.
freeze_backbone: False, norm_eval: False
09/15 03:50:05 - mmengine - WARNING - "FileClient" will be deprecated in future. Please use io functions in https://mmengine.readthedocs.io/en/latest/api/fileio.html#file-io
09/15 03:50:05 - mmengine - WARNING - "HardDiskBackend" is the alias of "LocalBackend" and the former will be deprecated in future.
09/15 03:50:05 - mmengine - WARNING - "FileClient" will be deprecated in future. Please use io functions in https://mmengine.readthedocs.io/en/latest/api/fileio.html#file-io
09/15 03:50:05 - mmengine - WARNING - "HardDiskBackend" is the alias of "LocalBackend" and the former will be deprecated in future.
/data/run01/sczc063/yuzibo/conda_envs/opentad/lib/python3.10/site-packages/torch/nn/modules/conv.py:459: UserWarning: Applied workaround for CuDNN issue, install nvrtc.so (Triggered internally at /opt/conda/conda-bld/pytorch_1682343995026/work/aten/src/ATen/native/cudnn/Conv_v8.cpp:80.)
  return F.conv2d(input, weight, bias, self.stride,
09/15 03:50:14 - mmengine - WARNING - "FileClient" will be deprecated in future. Please use io functions in https://mmengine.readthedocs.io/en/latest/api/fileio.html#file-io
09/15 03:50:14 - mmengine - WARNING - "FileClient" will be deprecated in future. Please use io functions in https://mmengine.readthedocs.io/en/latest/api/fileio.html#file-io
09/15 03:50:14 - mmengine - WARNING - "HardDiskBackend" is the alias of "LocalBackend" and the former will be deprecated in future.
09/15 03:50:14 - mmengine - WARNING - "HardDiskBackend" is the alias of "LocalBackend" and the former will be deprecated in future.
{"epoch": 1, "successful_updates": 20, "losses": {"task": 0.42781006544828415, "self_feature": 0.5314132571220398, "cost": 0.48095139116048813}, "peak_gib": 3.4880714416503906}
{"epoch": 1, "successful_updates": 40, "losses": {"task": 0.330419585108757, "self_feature": 0.5361905843019485, "cost": 0.38403864204883575}, "peak_gib": 3.4880714416503906}
{"epoch": 1, "successful_updates": 60, "losses": {"task": 0.3851761072874069, "self_feature": 0.6213470697402954, "cost": 0.44731082022190094}, "peak_gib": 3.4880714416503906}
{"epoch": 1, "successful_updates": 80, "losses": {"task": 0.06419006735086441, "self_feature": 0.4669531136751175, "cost": 0.1108853816986084}, "peak_gib": 3.4881949424743652}
{"epoch": 1, "successful_updates": 100, "losses": {"task": 0.36813783645629883, "self_feature": 0.29810022190213203, "cost": 0.39794785529375076}, "peak_gib": 3.4881949424743652}
09/15 03:56:21 - mmengine - WARNING - "FileClient" will be deprecated in future. Please use io functions in https://mmengine.readthedocs.io/en/latest/api/fileio.html#file-io
09/15 03:56:21 - mmengine - WARNING - "HardDiskBackend" is the alias of "LocalBackend" and the former will be deprecated in future.
09/15 03:56:21 - mmengine - WARNING - "FileClient" will be deprecated in future. Please use io functions in https://mmengine.readthedocs.io/en/latest/api/fileio.html#file-io
09/15 03:56:21 - mmengine - WARNING - "HardDiskBackend" is the alias of "LocalBackend" and the former will be deprecated in future.
{"epoch": 2, "successful_updates": 120, "losses": {"task": 0.09042034298181534, "self_feature": 0.6590351760387421, "cost": 0.1563238650560379}, "peak_gib": 3.4881949424743652}
{"epoch": 2, "successful_updates": 140, "losses": {"task": 0.09208501502871513, "self_feature": 0.20274989306926727, "cost": 0.11236000712960958}, "peak_gib": 3.4881949424743652}
{"epoch": 2, "successful_updates": 160, "losses": {"task": 0.44950176402926445, "self_feature": 0.33975736796855927, "cost": 0.48347751423716545}, "peak_gib": 3.4881949424743652}
{"epoch": 2, "successful_updates": 180, "losses": {"task": 0.0970379151403904, "self_feature": 0.41263166069984436, "cost": 0.1383010819554329}, "peak_gib": 3.4881949424743652}
{"epoch": 2, "successful_updates": 200, "losses": {"task": 0.5936530381441116, "self_feature": 0.5155210196971893, "cost": 0.6452051252126694}, "peak_gib": 3.4881949424743652}
09/15 04:02:22 - mmengine - WARNING - "FileClient" will be deprecated in future. Please use io functions in https://mmengine.readthedocs.io/en/latest/api/fileio.html#file-io
09/15 04:02:22 - mmengine - WARNING - "FileClient" will be deprecated in future. Please use io functions in https://mmengine.readthedocs.io/en/latest/api/fileio.html#file-io
09/15 04:02:22 - mmengine - WARNING - "HardDiskBackend" is the alias of "LocalBackend" and the former will be deprecated in future.
09/15 04:02:22 - mmengine - WARNING - "HardDiskBackend" is the alias of "LocalBackend" and the former will be deprecated in future.
{"epoch": 3, "successful_updates": 220, "losses": {"task": 0.1593301072716713, "self_feature": 0.26829900592565536, "cost": 0.18616001307964325}, "peak_gib": 3.4881949424743652}
{"epoch": 3, "successful_updates": 240, "losses": {"task": 0.04372337739914656, "self_feature": 0.23513878881931305, "cost": 0.0672372579574585}, "peak_gib": 3.4881949424743652}
{"epoch": 3, "successful_updates": 260, "losses": {"task": 0.5296212732791901, "self_feature": 0.45409828424453735, "cost": 0.5750311017036438}, "peak_gib": 3.4913830757141113}
{"epoch": 3, "successful_updates": 280, "losses": {"task": 1.0347293466329575, "self_feature": 0.5071565955877304, "cost": 1.0854450017213821}, "peak_gib": 3.4913830757141113}
{"epoch": 3, "successful_updates": 300, "losses": {"task": 0.15176776237785816, "self_feature": 0.41285039484500885, "cost": 0.19305280596017838}, "peak_gib": 3.4913830757141113}
09/15 04:08:31 - mmengine - WARNING - "FileClient" will be deprecated in future. Please use io functions in https://mmengine.readthedocs.io/en/latest/api/fileio.html#file-io
09/15 04:08:31 - mmengine - WARNING - "FileClient" will be deprecated in future. Please use io functions in https://mmengine.readthedocs.io/en/latest/api/fileio.html#file-io
09/15 04:08:31 - mmengine - WARNING - "HardDiskBackend" is the alias of "LocalBackend" and the former will be deprecated in future.
09/15 04:08:31 - mmengine - WARNING - "HardDiskBackend" is the alias of "LocalBackend" and the former will be deprecated in future.
{"epoch": 4, "successful_updates": 320, "losses": {"task": 0.480777308344841, "self_feature": 0.4342503696680069, "cost": 0.5242023468017578}, "peak_gib": 3.4913830757141113}
{"epoch": 4, "successful_updates": 340, "losses": {"task": 1.2579513117671013, "self_feature": 0.6399219930171967, "cost": 1.321943536400795}, "peak_gib": 3.4913830757141113}
{"epoch": 4, "successful_updates": 360, "losses": {"task": 0.66582365706563, "self_feature": 0.4480096697807312, "cost": 0.7106246165931225}, "peak_gib": 3.4913830757141113}
{"epoch": 4, "successful_updates": 380, "losses": {"task": 0.774948924779892, "self_feature": 0.607339471578598, "cost": 0.8356828764081001}, "peak_gib": 3.4913830757141113}
{"epoch": 4, "successful_updates": 400, "losses": {"task": 0.4628424644470215, "self_feature": 0.4169762581586838, "cost": 0.5045400857925415}, "peak_gib": 3.4913830757141113}
09/15 04:14:37 - mmengine - WARNING - "FileClient" will be deprecated in future. Please use io functions in https://mmengine.readthedocs.io/en/latest/api/fileio.html#file-io
09/15 04:14:37 - mmengine - WARNING - "FileClient" will be deprecated in future. Please use io functions in https://mmengine.readthedocs.io/en/latest/api/fileio.html#file-io
09/15 04:14:37 - mmengine - WARNING - "HardDiskBackend" is the alias of "LocalBackend" and the former will be deprecated in future.
09/15 04:14:37 - mmengine - WARNING - "HardDiskBackend" is the alias of "LocalBackend" and the former will be deprecated in future.
{"epoch": 5, "successful_updates": 420, "losses": {"task": 0.15466319769620895, "self_feature": 0.5005244612693787, "cost": 0.20471564680337906}, "peak_gib": 3.4913830757141113}
{"epoch": 5, "successful_updates": 440, "losses": {"task": 0.17990674078464508, "self_feature": 0.5840194523334503, "cost": 0.23830869048833847}, "peak_gib": 3.4913830757141113}
{"epoch": 5, "successful_updates": 460, "losses": {"task": 0.02405891800299287, "self_feature": 0.2717917412519455, "cost": 0.05123809352517128}, "peak_gib": 3.4913830757141113}
{"epoch": 5, "successful_updates": 480, "losses": {"task": 0.14753612130880356, "self_feature": 0.3578326478600502, "cost": 0.18331938236951828}, "peak_gib": 3.4913830757141113}
{"epoch": 5, "successful_updates": 500, "losses": {"task": 1.0459097474813461, "self_feature": 0.6378683149814606, "cost": 1.1096965670585632}, "peak_gib": 3.4913830757141113}
09/15 04:20:46 - mmengine - WARNING - "FileClient" will be deprecated in future. Please use io functions in https://mmengine.readthedocs.io/en/latest/api/fileio.html#file-io
09/15 04:20:46 - mmengine - WARNING - "FileClient" will be deprecated in future. Please use io functions in https://mmengine.readthedocs.io/en/latest/api/fileio.html#file-io
09/15 04:20:46 - mmengine - WARNING - "HardDiskBackend" is the alias of "LocalBackend" and the former will be deprecated in future.
09/15 04:20:46 - mmengine - WARNING - "HardDiskBackend" is the alias of "LocalBackend" and the former will be deprecated in future.
{"epoch": 6, "successful_updates": 520, "losses": {"task": 0.21273159235715866, "self_feature": 0.6436538100242615, "cost": 0.2770969718694687}, "peak_gib": 3.4913830757141113}
{"epoch": 6, "successful_updates": 540, "losses": {"task": 1.1788318157196045, "self_feature": 0.6273025721311569, "cost": 1.2415620684623718}, "peak_gib": 3.4913830757141113}
{"epoch": 6, "successful_updates": 560, "losses": {"task": 0.42512865364551544, "self_feature": 0.3977363556623459, "cost": 0.4649022966623306}, "peak_gib": 3.4913830757141113}
{"epoch": 6, "successful_updates": 580, "losses": {"task": 0.4503289684653282, "self_feature": 0.4916331171989441, "cost": 0.4994922876358032}, "peak_gib": 3.4913830757141113}
{"epoch": 6, "successful_updates": 600, "losses": {"task": 0.21934372186660767, "self_feature": 0.39549219608306885, "cost": 0.2588929384946823}, "peak_gib": 3.4913830757141113}
09/15 04:26:58 - mmengine - WARNING - "FileClient" will be deprecated in future. Please use io functions in https://mmengine.readthedocs.io/en/latest/api/fileio.html#file-io
09/15 04:26:58 - mmengine - WARNING - "FileClient" will be deprecated in future. Please use io functions in https://mmengine.readthedocs.io/en/latest/api/fileio.html#file-io
09/15 04:26:58 - mmengine - WARNING - "HardDiskBackend" is the alias of "LocalBackend" and the former will be deprecated in future.
09/15 04:26:58 - mmengine - WARNING - "HardDiskBackend" is the alias of "LocalBackend" and the former will be deprecated in future.
{"epoch": 7, "successful_updates": 620, "losses": {"task": 0.1752133071422577, "self_feature": 0.4579489380121231, "cost": 0.22100819647312164}, "peak_gib": 3.4913830757141113}
{"epoch": 7, "successful_updates": 640, "losses": {"task": 0.45605769753456116, "self_feature": 0.6605311334133148, "cost": 0.5221108049154282}, "peak_gib": 3.4913830757141113}
{"epoch": 7, "successful_updates": 660, "losses": {"task": 0.1978423297405243, "self_feature": 0.53856161236763, "cost": 0.25169848650693893}, "peak_gib": 3.4913830757141113}
{"epoch": 7, "successful_updates": 680, "losses": {"task": 0.34921296685934067, "self_feature": 0.555040031671524, "cost": 0.40471697598695755}, "peak_gib": 3.4913830757141113}
{"epoch": 7, "successful_updates": 700, "losses": {"task": 0.2510496750473976, "self_feature": 0.36870115250349045, "cost": 0.2879197895526886}, "peak_gib": 3.4913830757141113}
09/15 04:32:59 - mmengine - WARNING - "FileClient" will be deprecated in future. Please use io functions in https://mmengine.readthedocs.io/en/latest/api/fileio.html#file-io
09/15 04:32:59 - mmengine - WARNING - "FileClient" will be deprecated in future. Please use io functions in https://mmengine.readthedocs.io/en/latest/api/fileio.html#file-io
09/15 04:32:59 - mmengine - WARNING - "HardDiskBackend" is the alias of "LocalBackend" and the former will be deprecated in future.
09/15 04:32:59 - mmengine - WARNING - "HardDiskBackend" is the alias of "LocalBackend" and the former will be deprecated in future.
{"epoch": 8, "successful_updates": 720, "losses": {"task": 0.4913894534111023, "self_feature": 0.49372081458568573, "cost": 0.5407615303993225}, "peak_gib": 3.4913830757141113}
{"epoch": 8, "successful_updates": 740, "losses": {"task": 0.09190234169363976, "self_feature": 0.40324580669403076, "cost": 0.13222692161798477}, "peak_gib": 3.4913830757141113}
{"epoch": 8, "successful_updates": 760, "losses": {"task": 0.9301069527864456, "self_feature": 0.6111589670181274, "cost": 0.9912228435277939}, "peak_gib": 3.4913830757141113}
{"epoch": 8, "successful_updates": 780, "losses": {"task": 0.5580490976572037, "self_feature": 0.48454877734184265, "cost": 0.606503963470459}, "peak_gib": 3.4913830757141113}
{"epoch": 8, "successful_updates": 800, "losses": {"task": 0.42587997019290924, "self_feature": 0.4142620116472244, "cost": 0.4673061668872833}, "peak_gib": 3.4913830757141113}
09/15 04:39:03 - mmengine - WARNING - "FileClient" will be deprecated in future. Please use io functions in https://mmengine.readthedocs.io/en/latest/api/fileio.html#file-io
09/15 04:39:03 - mmengine - WARNING - "FileClient" will be deprecated in future. Please use io functions in https://mmengine.readthedocs.io/en/latest/api/fileio.html#file-io
09/15 04:39:03 - mmengine - WARNING - "HardDiskBackend" is the alias of "LocalBackend" and the former will be deprecated in future.
09/15 04:39:03 - mmengine - WARNING - "HardDiskBackend" is the alias of "LocalBackend" and the former will be deprecated in future.
{"epoch": 9, "successful_updates": 820, "losses": {"task": 0.21348315477371216, "self_feature": 0.3900074139237404, "cost": 0.25248390063643456}, "peak_gib": 3.4913830757141113}
{"epoch": 9, "successful_updates": 840, "losses": {"task": 0.4474174827337265, "self_feature": 0.5287709087133408, "cost": 0.50029456615448}, "peak_gib": 3.4913830757141113}
{"epoch": 9, "successful_updates": 860, "losses": {"task": 0.37046152725815773, "self_feature": 0.32287558913230896, "cost": 0.40274909138679504}, "peak_gib": 3.4913830757141113}
{"epoch": 9, "successful_updates": 880, "losses": {"task": 0.237256720662117, "self_feature": 0.33341947197914124, "cost": 0.2705986723303795}, "peak_gib": 3.4913830757141113}
{"epoch": 9, "successful_updates": 900, "losses": {"task": 0.23940736800432205, "self_feature": 0.44063907861709595, "cost": 0.2834712713956833}, "peak_gib": 3.4913830757141113}
09/15 04:45:17 - mmengine - WARNING - "FileClient" will be deprecated in future. Please use io functions in https://mmengine.readthedocs.io/en/latest/api/fileio.html#file-io
09/15 04:45:17 - mmengine - WARNING - "FileClient" will be deprecated in future. Please use io functions in https://mmengine.readthedocs.io/en/latest/api/fileio.html#file-io
09/15 04:45:17 - mmengine - WARNING - "HardDiskBackend" is the alias of "LocalBackend" and the former will be deprecated in future.
09/15 04:45:17 - mmengine - WARNING - "HardDiskBackend" is the alias of "LocalBackend" and the former will be deprecated in future.
{"epoch": 10, "successful_updates": 920, "losses": {"task": 0.07182225119322538, "self_feature": 0.209090456366539, "cost": 0.09273129887878895}, "peak_gib": 3.4913830757141113}
{"epoch": 10, "successful_updates": 940, "losses": {"task": 0.26487627625465393, "self_feature": 0.5330643653869629, "cost": 0.31818270683288574}, "peak_gib": 3.4913830757141113}
{"epoch": 10, "successful_updates": 960, "losses": {"task": 0.3009861074388027, "self_feature": 0.49285320937633514, "cost": 0.3502714205533266}, "peak_gib": 3.4913830757141113}
{"epoch": 10, "successful_updates": 980, "losses": {"task": 0.21438179910182953, "self_feature": 0.3224254548549652, "cost": 0.24662435054779053}, "peak_gib": 3.4913830757141113}
{"epoch": 10, "successful_updates": 1000, "losses": {"task": 0.17547411937266588, "self_feature": 0.4122478663921356, "cost": 0.21669889986515045}, "peak_gib": 3.4913830757141113}
validation subset: 211 videos, truncated as 792 windows.
09/15 04:51:22 - mmengine - WARNING - "FileClient" will be deprecated in future. Please use io functions in https://mmengine.readthedocs.io/en/latest/api/fileio.html#file-io
09/15 04:51:22 - mmengine - WARNING - "HardDiskBackend" is the alias of "LocalBackend" and the former will be deprecated in future.
09/15 04:51:22 - mmengine - WARNING - "FileClient" will be deprecated in future. Please use io functions in https://mmengine.readthedocs.io/en/latest/api/fileio.html#file-io
09/15 04:51:22 - mmengine - WARNING - "HardDiskBackend" is the alias of "LocalBackend" and the former will be deprecated in future.
Traceback (most recent call last):
  File "/data/run01/sczc063/yuzibo/wtr_fasttrack_20260915/tools/paper_train.py", line 296, in <module>
    raise SystemExit(main(parser.parse_args()))
  File "/data/run01/sczc063/yuzibo/wtr_fasttrack_20260915/tools/paper_train.py", line 284, in main
    with ema.apply(model):evaluate(model,model_cfg,resources,out/f'eval_{current_epoch+1:03}_ema',dict(**metadata,epoch=current_epoch+1,checkpoint_state='ema'))
  File "/data/run01/sczc063/yuzibo/conda_envs/opentad/lib/python3.10/site-packages/torch/utils/_contextlib.py", line 115, in decorate_context
    return func(*args, **kwargs)
  File "/data/run01/sczc063/yuzibo/wtr_fasttrack_20260915/h65/paper/evaluation.py", line 75, in evaluate
    with window_file.open('a') as stream:stream.write(json.dumps(window_record)+'\n')
  File "/data/run01/sczc063/yuzibo/conda_envs/opentad/lib/python3.10/json/__init__.py", line 231, in dumps
    return _default_encoder.encode(obj)
  File "/data/run01/sczc063/yuzibo/conda_envs/opentad/lib/python3.10/json/encoder.py", line 199, in encode
    chunks = self.iterencode(o, _one_shot=True)
  File "/data/run01/sczc063/yuzibo/conda_envs/opentad/lib/python3.10/json/encoder.py", line 257, in iterencode
    return _iterencode(o, 0)
  File "/data/run01/sczc063/yuzibo/conda_envs/opentad/lib/python3.10/json/encoder.py", line 179, in default
    raise TypeError(f'Object of type {o.__class__.__name__} '
TypeError: Object of type Tensor is not JSON serializable
