training subset: 200 videos
ViT's param: 86227200, Adapter's params: 4004364, ratio: 4.6%
Warning: no pretrain path is provided, the backbone will be randomly initialized, unless you have initialized the weights in the model.py.
freeze_backbone: False, norm_eval: False
ViT's param: 86227200, Adapter's params: 4004364, ratio: 4.6%
Warning: no pretrain path is provided, the backbone will be randomly initialized, unless you have initialized the weights in the model.py.
freeze_backbone: False, norm_eval: False
ViT's param: 86227200, Adapter's params: 4004364, ratio: 4.6%
Warning: no pretrain path is provided, the backbone will be randomly initialized, unless you have initialized the weights in the model.py.
freeze_backbone: False, norm_eval: False
09/15 02:43:10 - mmengine - WARNING - "FileClient" will be deprecated in future. Please use io functions in https://mmengine.readthedocs.io/en/latest/api/fileio.html#file-io
09/15 02:43:10 - mmengine - WARNING - "HardDiskBackend" is the alias of "LocalBackend" and the former will be deprecated in future.
09/15 02:43:10 - mmengine - WARNING - "FileClient" will be deprecated in future. Please use io functions in https://mmengine.readthedocs.io/en/latest/api/fileio.html#file-io
09/15 02:43:10 - mmengine - WARNING - "HardDiskBackend" is the alias of "LocalBackend" and the former will be deprecated in future.
/data/run01/sczc063/yuzibo/conda_envs/opentad/lib/python3.10/site-packages/torch/nn/modules/conv.py:459: UserWarning: Applied workaround for CuDNN issue, install nvrtc.so (Triggered internally at /opt/conda/conda-bld/pytorch_1682343995026/work/aten/src/ATen/native/cudnn/Conv_v8.cpp:80.)
  return F.conv2d(input, weight, bias, self.stride,
{"epoch": 76, "successful_updates": 7580, "losses": {"task": 0.1831706538796425, "support_attention": 0.20140711963176727, "support_pre_tia": 0.21398042142391205, "support_post_tia": 0.21630659699440002, "full_task": 0.1993815302848816, "self_feature": 0.7509207725524902, "feature": 0.8989951312541962, "loss_actionness": 0.14252375066280365, "loss_transition": 0.62259641289711, "loss_boundary": 0.0005794178869109601, "cost": 1.9943171739578247}, "peak_gib": 10.998814582824707}
{"epoch": 76, "successful_updates": 7600, "losses": {"task": 0.11421262100338936, "support_attention": 0.11200997605919838, "support_pre_tia": 0.11992528289556503, "support_post_tia": 0.12213755398988724, "full_task": 0.1395505964756012, "self_feature": 0.9894567131996155, "feature": 1.1299412846565247, "loss_actionness": 0.1286998838186264, "loss_transition": 0.6564007699489594, "loss_boundary": 0.0025539130438119173, "cost": 2.17774498462677}, "peak_gib": 16.37394094467163}
09/15 02:44:53 - mmengine - WARNING - "FileClient" will be deprecated in future. Please use io functions in https://mmengine.readthedocs.io/en/latest/api/fileio.html#file-io
09/15 02:44:53 - mmengine - WARNING - "FileClient" will be deprecated in future. Please use io functions in https://mmengine.readthedocs.io/en/latest/api/fileio.html#file-io
09/15 02:44:53 - mmengine - WARNING - "HardDiskBackend" is the alias of "LocalBackend" and the former will be deprecated in future.
09/15 02:44:53 - mmengine - WARNING - "HardDiskBackend" is the alias of "LocalBackend" and the former will be deprecated in future.
{"epoch": 77, "successful_updates": 7620, "losses": {"task": 0.3100179433822632, "support_attention": 0.22711727768182755, "support_pre_tia": 0.24578075110912323, "support_post_tia": 0.24820878356695175, "full_task": 0.2778931111097336, "self_feature": 0.5333752632141113, "feature": 0.7245142757892609, "loss_actionness": 0.13652317970991135, "loss_transition": 0.6650922894477844, "loss_boundary": 3.0852450436213985e-05, "cost": 1.983688771724701}, "peak_gib": 16.37394094467163}
{"epoch": 77, "successful_updates": 7640, "losses": {"task": 0.05561504885554314, "support_attention": 0.1901053860783577, "support_pre_tia": 0.19365238398313522, "support_post_tia": 0.19531041383743286, "full_task": 0.05634503252804279, "self_feature": 0.6951891332864761, "feature": 0.7762753963470459, "loss_actionness": 0.16052575409412384, "loss_transition": 0.6192854046821594, "loss_boundary": 0.0012076488073944347, "cost": 1.7159625887870789}, "peak_gib": 16.37394094467163}
{"epoch": 77, "successful_updates": 7660, "losses": {"task": 0.18790185451507568, "support_attention": 0.10263876989483833, "support_pre_tia": 0.10769020020961761, "support_post_tia": 0.10998817533254623, "full_task": 0.18274924159049988, "self_feature": 0.7324477732181549, "feature": 0.887450098991394, "loss_actionness": 0.12949058413505554, "loss_transition": 0.6646146178245544, "loss_boundary": 0.003183480119332671, "cost": 2.002456545829773}, "peak_gib": 16.37394094467163}
{"epoch": 77, "successful_updates": 7680, "losses": {"task": 0.7222965396940708, "support_attention": 0.20022515207529068, "support_pre_tia": 0.21796075999736786, "support_post_tia": 0.2206273227930069, "full_task": 0.6808518441393971, "self_feature": 0.509674683213234, "feature": 0.6950086951255798, "loss_actionness": 0.20465167611837387, "loss_transition": 0.6583456993103027, "loss_boundary": 4.034817720821593e-05, "cost": 2.5234528183937073}, "peak_gib": 16.37394094467163}
{"epoch": 77, "successful_updates": 7700, "losses": {"task": 0.2876540273427963, "support_attention": 0.21350398659706116, "support_pre_tia": 0.23650012165308, "support_post_tia": 0.23816338926553726, "full_task": 0.2858087494969368, "self_feature": 0.6691624671220779, "feature": 0.8379424512386322, "loss_actionness": 0.1717507690191269, "loss_transition": 0.6062438189983368, "loss_boundary": 0.0013189532637625234, "cost": 2.0670116543769836}, "peak_gib": 16.37394094467163}
09/15 02:51:45 - mmengine - WARNING - "FileClient" will be deprecated in future. Please use io functions in https://mmengine.readthedocs.io/en/latest/api/fileio.html#file-io
09/15 02:51:45 - mmengine - WARNING - "HardDiskBackend" is the alias of "LocalBackend" and the former will be deprecated in future.
09/15 02:51:45 - mmengine - WARNING - "FileClient" will be deprecated in future. Please use io functions in https://mmengine.readthedocs.io/en/latest/api/fileio.html#file-io
09/15 02:51:45 - mmengine - WARNING - "HardDiskBackend" is the alias of "LocalBackend" and the former will be deprecated in future.
{"epoch": 78, "successful_updates": 7720, "losses": {"task": 0.11774154007434845, "support_attention": 0.10686478018760681, "support_pre_tia": 0.12062596902251244, "support_post_tia": 0.12278024852275848, "full_task": 0.11723767593502998, "self_feature": 0.44687413051724434, "feature": 0.6359269917011261, "loss_actionness": 0.12753703445196152, "loss_transition": 0.6099481582641602, "loss_boundary": 0.0016118319781526225, "cost": 1.5789327025413513}, "peak_gib": 16.376665592193604}
{"epoch": 78, "successful_updates": 7740, "losses": {"task": 0.07945931237190962, "support_attention": 0.2201889380812645, "support_pre_tia": 0.24035819619894028, "support_post_tia": 0.2425227016210556, "full_task": 0.07629021443426609, "self_feature": 0.5410685241222382, "feature": 0.7332008183002472, "loss_actionness": 0.12625911086797714, "loss_transition": 0.6474469304084778, "loss_boundary": 3.085245225520339e-05, "cost": 1.6837204694747925}, "peak_gib": 16.376665592193604}
{"epoch": 78, "successful_updates": 7760, "losses": {"task": 0.26783551275730133, "support_attention": 0.21636413782835007, "support_pre_tia": 0.23233316838741302, "support_post_tia": 0.23474939912557602, "full_task": 0.27113373950123787, "self_feature": 0.6917179375886917, "feature": 0.8773368000984192, "loss_actionness": 0.11973695084452629, "loss_transition": 0.6242028474807739, "loss_boundary": 0.0016062916565715568, "cost": 2.0510277152061462}, "peak_gib": 16.376665592193604}
{"epoch": 78, "successful_updates": 7780, "losses": {"task": 0.6813805997371674, "support_attention": 0.09985703974962234, "support_pre_tia": 0.11017920821905136, "support_post_tia": 0.11234366148710251, "full_task": 0.6065089404582977, "self_feature": 0.7498626112937927, "feature": 0.9733891487121582, "loss_actionness": 0.1908211186528206, "loss_transition": 0.6568726897239685, "loss_boundary": 0.0023381257778964937, "cost": 2.7425413131713867}, "peak_gib": 16.376665592193604}
{"epoch": 78, "successful_updates": 7800, "losses": {"task": 0.1930585354566574, "support_attention": 0.2038051337003708, "support_pre_tia": 0.2221420705318451, "support_post_tia": 0.22449064999818802, "full_task": 0.17381173372268677, "self_feature": 0.4240027666091919, "feature": 0.6629725098609924, "loss_actionness": 0.1749945431947708, "loss_transition": 0.6347380578517914, "loss_boundary": 3.0852450436213985e-05, "cost": 1.7739794254302979}, "peak_gib": 16.376665592193604}
09/15 02:58:30 - mmengine - WARNING - "FileClient" will be deprecated in future. Please use io functions in https://mmengine.readthedocs.io/en/latest/api/fileio.html#file-io
09/15 02:58:30 - mmengine - WARNING - "FileClient" will be deprecated in future. Please use io functions in https://mmengine.readthedocs.io/en/latest/api/fileio.html#file-io
09/15 02:58:30 - mmengine - WARNING - "HardDiskBackend" is the alias of "LocalBackend" and the former will be deprecated in future.
09/15 02:58:30 - mmengine - WARNING - "HardDiskBackend" is the alias of "LocalBackend" and the former will be deprecated in future.
{"epoch": 79, "successful_updates": 7820, "losses": {"task": 0.170692540705204, "support_attention": 0.2354748696088791, "support_pre_tia": 0.26753318309783936, "support_post_tia": 0.2695455402135849, "full_task": 0.18194663152098656, "self_feature": 0.9168837666511536, "feature": 1.0981779098510742, "loss_actionness": 0.12587052956223488, "loss_transition": 0.6014082431793213, "loss_boundary": 0.001236229931237176, "cost": 2.1614144444465637}, "peak_gib": 16.376665592193604}
{"epoch": 79, "successful_updates": 7840, "losses": {"task": 0.07661181129515171, "support_attention": 0.1114317774772644, "support_pre_tia": 0.12020920217037201, "support_post_tia": 0.1223125159740448, "full_task": 0.07407211884856224, "self_feature": 0.9044563472270966, "feature": 1.033219575881958, "loss_actionness": 0.09280896931886673, "loss_transition": 0.6584208607673645, "loss_boundary": 0.0026987219462171197, "cost": 1.984849750995636}, "peak_gib": 16.376665592193604}
{"epoch": 79, "successful_updates": 7860, "losses": {"task": 0.35523475892841816, "support_attention": 0.1952936351299286, "support_pre_tia": 0.20784376561641693, "support_post_tia": 0.21053484827280045, "full_task": 0.33217109367251396, "self_feature": 0.34815821051597595, "feature": 0.473467156291008, "loss_actionness": 0.20447732508182526, "loss_transition": 0.6613790392875671, "loss_boundary": 3.085244679823518e-05, "cost": 1.833366572856903}, "peak_gib": 16.376665592193604}
{"epoch": 79, "successful_updates": 7880, "losses": {"task": 0.30945985019207, "support_attention": 0.20958442986011505, "support_pre_tia": 0.23340018838644028, "support_post_tia": 0.23548255860805511, "full_task": 0.27169640362262726, "self_feature": 0.9723810851573944, "feature": 1.1453021466732025, "loss_actionness": 0.13603641092777252, "loss_transition": 0.633918434381485, "loss_boundary": 0.0016596808818576392, "cost": 2.4149829149246216}, "peak_gib": 16.376665592193604}
{"epoch": 79, "successful_updates": 7900, "losses": {"task": 0.33205046877264977, "support_attention": 0.11315804347395897, "support_pre_tia": 0.12636322900652885, "support_post_tia": 0.12862512096762657, "full_task": 0.2838902175426483, "self_feature": 0.9130276143550873, "feature": 1.0623166859149933, "loss_actionness": 0.0985604003071785, "loss_transition": 0.6645897924900055, "loss_boundary": 0.002989433938637376, "cost": 2.3355315923690796}, "peak_gib": 16.376665592193604}
09/15 03:05:10 - mmengine - WARNING - "FileClient" will be deprecated in future. Please use io functions in https://mmengine.readthedocs.io/en/latest/api/fileio.html#file-io
09/15 03:05:10 - mmengine - WARNING - "FileClient" will be deprecated in future. Please use io functions in https://mmengine.readthedocs.io/en/latest/api/fileio.html#file-io
09/15 03:05:10 - mmengine - WARNING - "HardDiskBackend" is the alias of "LocalBackend" and the former will be deprecated in future.
09/15 03:05:10 - mmengine - WARNING - "HardDiskBackend" is the alias of "LocalBackend" and the former will be deprecated in future.
{"epoch": 80, "successful_updates": 7920, "losses": {"task": 0.03557280544191599, "support_attention": 0.20698127895593643, "support_pre_tia": 0.21983666718006134, "support_post_tia": 0.22223415970802307, "full_task": 0.02913391124457121, "self_feature": 0.5148912966251373, "feature": 0.6904097497463226, "loss_actionness": 0.08710156381130219, "loss_transition": 0.6605033874511719, "loss_boundary": 3.0852450436213985e-05, "cost": 1.554494559764862}, "peak_gib": 16.376665592193604}
{"epoch": 80, "successful_updates": 7940, "losses": {"task": 0.792022718116641, "support_attention": 0.20313849300146103, "support_pre_tia": 0.2089279145002365, "support_post_tia": 0.2111898809671402, "full_task": 0.7613359214738011, "self_feature": 0.6962326169013977, "feature": 0.8467580378055573, "loss_actionness": 0.2167327180504799, "loss_transition": 0.5903915762901306, "loss_boundary": 0.0015818059146113228, "cost": 2.7284499406814575}, "peak_gib": 16.376665592193604}
{"epoch": 80, "successful_updates": 7960, "losses": {"task": 0.43799325823783875, "support_attention": 0.10382336378097534, "support_pre_tia": 0.11224226281046867, "support_post_tia": 0.1144268848001957, "full_task": 0.4129859209060669, "self_feature": 0.6814042925834656, "feature": 0.8357099294662476, "loss_actionness": 0.14639008790254593, "loss_transition": 0.6678161919116974, "loss_boundary": 0.003209462156519294, "cost": 2.273839235305786}, "peak_gib": 16.376665592193604}
{"epoch": 80, "successful_updates": 7980, "losses": {"task": 0.7113717570900917, "support_attention": 0.2125888466835022, "support_pre_tia": 0.23158477991819382, "support_post_tia": 0.23386558890342712, "full_task": 0.7193062677979469, "self_feature": 0.6302543580532074, "feature": 0.8970145583152771, "loss_actionness": 0.13326188921928406, "loss_transition": 0.6635719835758209, "loss_boundary": 3.365441443747841e-05, "cost": 2.6713783144950867}, "peak_gib": 16.376665592193604}
{"epoch": 80, "successful_updates": 8000, "losses": {"task": 0.0819288082420826, "support_attention": 0.20608419179916382, "support_pre_tia": 0.21983543038368225, "support_post_tia": 0.22191401571035385, "full_task": 0.06616506539285183, "self_feature": 0.9870110750198364, "feature": 1.126447468996048, "loss_actionness": 0.1157623641192913, "loss_transition": 0.6489295363426208, "loss_boundary": 0.0020652511157095432, "cost": 2.1124632358551025}, "peak_gib": 16.376665592193604}
validation subset: 211 videos, truncated as 792 windows.
09/15 03:11:55 - mmengine - WARNING - "FileClient" will be deprecated in future. Please use io functions in https://mmengine.readthedocs.io/en/latest/api/fileio.html#file-io
09/15 03:11:55 - mmengine - WARNING - "FileClient" will be deprecated in future. Please use io functions in https://mmengine.readthedocs.io/en/latest/api/fileio.html#file-io
09/15 03:11:55 - mmengine - WARNING - "HardDiskBackend" is the alias of "LocalBackend" and the former will be deprecated in future.
09/15 03:11:55 - mmengine - WARNING - "HardDiskBackend" is the alias of "LocalBackend" and the former will be deprecated in future.
review5485_full_v2_b_seed42 80: 1/792
review5485_full_v2_b_seed42 80: 101/792
review5485_full_v2_b_seed42 80: 201/792
review5485_full_v2_b_seed42 80: 301/792
review5485_full_v2_b_seed42 80: 401/792
review5485_full_v2_b_seed42 80: 501/792
review5485_full_v2_b_seed42 80: 601/792
review5485_full_v2_b_seed42 80: 701/792
{'average_mAP': 0.680606039959146, 'mAP@0.3': 0.8332155548203095, 'mAP@0.4': 0.7903225790507213, 'mAP@0.5': 0.7102331690576068, 'mAP@0.6': 0.6009337389118323, 'mAP@0.7': 0.46832515795526}
