training subset: 200 videos
ViT's param: 21879936, Adapter's params: 1006860, ratio: 4.6%
Warning: no pretrain path is provided, the backbone will be randomly initialized, unless you have initialized the weights in the model.py.
freeze_backbone: False, norm_eval: False
ViT's param: 21879936, Adapter's params: 1006860, ratio: 4.6%
Warning: no pretrain path is provided, the backbone will be randomly initialized, unless you have initialized the weights in the model.py.
freeze_backbone: False, norm_eval: False
ViT's param: 21879936, Adapter's params: 1006860, ratio: 4.6%
Warning: no pretrain path is provided, the backbone will be randomly initialized, unless you have initialized the weights in the model.py.
freeze_backbone: False, norm_eval: False
09/15 01:50:25 - mmengine - WARNING - "FileClient" will be deprecated in future. Please use io functions in https://mmengine.readthedocs.io/en/latest/api/fileio.html#file-io
09/15 01:50:25 - mmengine - WARNING - "FileClient" will be deprecated in future. Please use io functions in https://mmengine.readthedocs.io/en/latest/api/fileio.html#file-io
09/15 01:50:25 - mmengine - WARNING - "HardDiskBackend" is the alias of "LocalBackend" and the former will be deprecated in future.
09/15 01:50:25 - mmengine - WARNING - "HardDiskBackend" is the alias of "LocalBackend" and the former will be deprecated in future.
/data/run01/sczc063/yuzibo/conda_envs/opentad/lib/python3.10/site-packages/torch/nn/modules/conv.py:459: UserWarning: Applied workaround for CuDNN issue, install nvrtc.so (Triggered internally at /opt/conda/conda-bld/pytorch_1682343995026/work/aten/src/ATen/native/cudnn/Conv_v8.cpp:80.)
  return F.conv2d(input, weight, bias, self.stride,
training subset: 200 videos
ViT's param: 21879936, Adapter's params: 1006860, ratio: 4.6%
Warning: no pretrain path is provided, the backbone will be randomly initialized, unless you have initialized the weights in the model.py.
freeze_backbone: False, norm_eval: False
ViT's param: 21879936, Adapter's params: 1006860, ratio: 4.6%
Warning: no pretrain path is provided, the backbone will be randomly initialized, unless you have initialized the weights in the model.py.
freeze_backbone: False, norm_eval: False
ViT's param: 21879936, Adapter's params: 1006860, ratio: 4.6%
Warning: no pretrain path is provided, the backbone will be randomly initialized, unless you have initialized the weights in the model.py.
freeze_backbone: False, norm_eval: False
09/15 01:51:17 - mmengine - WARNING - "FileClient" will be deprecated in future. Please use io functions in https://mmengine.readthedocs.io/en/latest/api/fileio.html#file-io
09/15 01:51:17 - mmengine - WARNING - "FileClient" will be deprecated in future. Please use io functions in https://mmengine.readthedocs.io/en/latest/api/fileio.html#file-io
09/15 01:51:17 - mmengine - WARNING - "HardDiskBackend" is the alias of "LocalBackend" and the former will be deprecated in future.
09/15 01:51:17 - mmengine - WARNING - "HardDiskBackend" is the alias of "LocalBackend" and the former will be deprecated in future.
/data/run01/sczc063/yuzibo/conda_envs/opentad/lib/python3.10/site-packages/torch/nn/modules/conv.py:459: UserWarning: Applied workaround for CuDNN issue, install nvrtc.so (Triggered internally at /opt/conda/conda-bld/pytorch_1682343995026/work/aten/src/ATen/native/cudnn/Conv_v8.cpp:80.)
  return F.conv2d(input, weight, bias, self.stride,
09/15 01:51:32 - mmengine - WARNING - "FileClient" will be deprecated in future. Please use io functions in https://mmengine.readthedocs.io/en/latest/api/fileio.html#file-io
09/15 01:51:32 - mmengine - WARNING - "FileClient" will be deprecated in future. Please use io functions in https://mmengine.readthedocs.io/en/latest/api/fileio.html#file-io
09/15 01:51:32 - mmengine - WARNING - "HardDiskBackend" is the alias of "LocalBackend" and the former will be deprecated in future.
09/15 01:51:32 - mmengine - WARNING - "HardDiskBackend" is the alias of "LocalBackend" and the former will be deprecated in future.
{"epoch": 1, "successful_updates": 20, "losses": {"task": 0.4788505733013153, "anchor_consistency": 0.1396522894501686, "support_attention": 0.24053922295570374, "support_pre_tia": 0.29974909126758575, "support_post_tia": 0.2985885888338089, "full_task": 0.4424421638250351, "self_feature": 0.8777381777763367, "feature": 0.992495983839035, "loss_actionness": 0.11321205273270607, "loss_transition": 0.650607705116272, "loss_boundary": 0.0029672840901184827, "cost": 2.469227910041809}, "peak_gib": 9.28245735168457}
{"epoch": 1, "successful_updates": 40, "losses": {"task": 0.32996581494808197, "anchor_consistency": 0.10571052134037018, "support_attention": 0.10109825804829597, "support_pre_tia": 0.12581489980220795, "support_post_tia": 0.1254621259868145, "full_task": 0.38308271765708923, "self_feature": 0.6694296300411224, "feature": 0.809694230556488, "loss_actionness": 0.1903667226433754, "loss_transition": 0.6521887481212616, "loss_boundary": 0.0025216604117304087, "cost": 2.1621286869049072}, "peak_gib": 9.28245735168457}
{"epoch": 1, "successful_updates": 60, "losses": {"task": 0.42412081360816956, "anchor_consistency": 0.06598985381424427, "support_attention": 0.26160313189029694, "support_pre_tia": 0.3260089159011841, "support_post_tia": 0.32649408280849457, "full_task": 0.4157193452119827, "self_feature": 0.6146764755249023, "feature": 0.8364082872867584, "loss_actionness": 0.1368577480316162, "loss_transition": 0.6644043922424316, "loss_boundary": 5.075455010228325e-05, "cost": 2.261184334754944}, "peak_gib": 9.283085823059082}
{"epoch": 1, "successful_updates": 80, "losses": {"task": 0.09228995628654957, "anchor_consistency": 0.13432824239134789, "support_attention": 0.25957851111888885, "support_pre_tia": 0.3267940580844879, "support_post_tia": 0.3264031708240509, "full_task": 0.07516768202185631, "self_feature": 0.7780422270298004, "feature": 0.8879359662532806, "loss_actionness": 0.11844966560602188, "loss_transition": 0.6349836885929108, "loss_boundary": 0.00098120891925646, "cost": 1.8665831089019775}, "peak_gib": 9.283085823059082}
{"epoch": 1, "successful_updates": 100, "losses": {"task": 0.43798327445983887, "anchor_consistency": 0.10714934766292572, "support_attention": 0.08675562962889671, "support_pre_tia": 0.11095261573791504, "support_post_tia": 0.11090265214443207, "full_task": 0.4674777090549469, "self_feature": 0.3975658193230629, "feature": 0.6913123428821564, "loss_actionness": 0.1967964842915535, "loss_transition": 0.6390846371650696, "loss_boundary": 0.002032713367952965, "cost": 2.137071192264557}, "peak_gib": 9.283085823059082}
09/15 01:58:07 - mmengine - WARNING - "FileClient" will be deprecated in future. Please use io functions in https://mmengine.readthedocs.io/en/latest/api/fileio.html#file-io
09/15 01:58:07 - mmengine - WARNING - "HardDiskBackend" is the alias of "LocalBackend" and the former will be deprecated in future.
09/15 01:58:07 - mmengine - WARNING - "FileClient" will be deprecated in future. Please use io functions in https://mmengine.readthedocs.io/en/latest/api/fileio.html#file-io
09/15 01:58:07 - mmengine - WARNING - "HardDiskBackend" is the alias of "LocalBackend" and the former will be deprecated in future.
{"epoch": 2, "successful_updates": 120, "losses": {"task": 0.11223945394158363, "anchor_consistency": 0.08593406900763512, "support_attention": 0.26691897958517075, "support_pre_tia": 0.319450706243515, "support_post_tia": 0.3193908929824829, "full_task": 0.11026440560817719, "self_feature": 0.5945408940315247, "feature": 0.8648615479469299, "loss_actionness": 0.14356176555156708, "loss_transition": 0.6645946204662323, "loss_boundary": 4.097239980183076e-05, "cost": 1.905979335308075}, "peak_gib": 9.283085823059082}
{"epoch": 2, "successful_updates": 140, "losses": {"task": 0.1187610998749733, "anchor_consistency": 0.13167231902480125, "support_attention": 0.2349119484424591, "support_pre_tia": 0.2877621054649353, "support_post_tia": 0.2873850017786026, "full_task": 0.10580575279891491, "self_feature": 0.5328700691461563, "feature": 0.7671832144260406, "loss_actionness": 0.11912952736020088, "loss_transition": 0.5538033246994019, "loss_boundary": 0.00020449533076316584, "cost": 1.6702108979225159}, "peak_gib": 9.283085823059082}
{"epoch": 2, "successful_updates": 160, "losses": {"task": 0.4997395761311054, "anchor_consistency": 0.10579404979944229, "support_attention": 0.080233845859766, "support_pre_tia": 0.09503630921244621, "support_post_tia": 0.09506125003099442, "full_task": 0.5122687295079231, "self_feature": 0.40678923577070236, "feature": 0.6573344618082047, "loss_actionness": 0.15856296569108963, "loss_transition": 0.6072689890861511, "loss_boundary": 0.001579843352374155, "cost": 2.104852616786957}, "peak_gib": 9.283085823059082}
{"epoch": 2, "successful_updates": 180, "losses": {"task": 0.13587446510791779, "anchor_consistency": 0.08076637983322144, "support_attention": 0.24451448768377304, "support_pre_tia": 0.2984912842512131, "support_post_tia": 0.299257293343544, "full_task": 0.11634349822998047, "self_feature": 0.4409033954143524, "feature": 0.6211785078048706, "loss_actionness": 0.12831519916653633, "loss_transition": 0.6429820656776428, "loss_boundary": 3.0852450436213985e-05, "cost": 1.633060097694397}, "peak_gib": 9.283085823059082}
{"epoch": 2, "successful_updates": 200, "losses": {"task": 0.7279167845845222, "anchor_consistency": 0.14652611315250397, "support_attention": 0.25569412112236023, "support_pre_tia": 0.31382834911346436, "support_post_tia": 0.311316654086113, "full_task": 0.5744955539703369, "self_feature": 0.7728311419487, "feature": 0.954755574464798, "loss_actionness": 0.1625939942896366, "loss_transition": 0.6583493649959564, "loss_boundary": 0.0030172037659212947, "cost": 2.7617276310920715}, "peak_gib": 9.283085823059082}
09/15 02:04:38 - mmengine - WARNING - "FileClient" will be deprecated in future. Please use io functions in https://mmengine.readthedocs.io/en/latest/api/fileio.html#file-io
09/15 02:04:38 - mmengine - WARNING - "FileClient" will be deprecated in future. Please use io functions in https://mmengine.readthedocs.io/en/latest/api/fileio.html#file-io
09/15 02:04:38 - mmengine - WARNING - "HardDiskBackend" is the alias of "LocalBackend" and the former will be deprecated in future.
09/15 02:04:38 - mmengine - WARNING - "HardDiskBackend" is the alias of "LocalBackend" and the former will be deprecated in future.
{"epoch": 3, "successful_updates": 220, "losses": {"task": 0.19414324685931206, "anchor_consistency": 0.0756937563419342, "support_attention": 0.09237511083483696, "support_pre_tia": 0.1181882694363594, "support_post_tia": 0.1182059496641159, "full_task": 0.17884713970124722, "self_feature": 0.32701750472187996, "feature": 0.6581946611404419, "loss_actionness": 0.19883467257022858, "loss_transition": 0.5943444073200226, "loss_boundary": 0.0017199381563841598, "cost": 1.7379840016365051}, "peak_gib": 9.283085823059082}
{"epoch": 3, "successful_updates": 240, "losses": {"task": 0.05755189433693886, "anchor_consistency": 0.08048349805176258, "support_attention": 0.24354733526706696, "support_pre_tia": 0.282674178481102, "support_post_tia": 0.2833058536052704, "full_task": 0.048890214413404465, "self_feature": 0.43851934373378754, "feature": 0.6461672186851501, "loss_actionness": 0.10478496551513672, "loss_transition": 0.5599820613861084, "loss_boundary": 3.085244861722458e-05, "cost": 1.4545001983642578}, "peak_gib": 9.283085823059082}
{"epoch": 3, "successful_updates": 260, "losses": {"task": 0.6566089689731598, "anchor_consistency": 0.0824408084154129, "support_attention": 0.22165615856647491, "support_pre_tia": 0.2651878893375397, "support_post_tia": 0.2658163756132126, "full_task": 0.6729092001914978, "self_feature": 0.6141499280929565, "feature": 0.7946436703205109, "loss_actionness": 0.16378800570964813, "loss_transition": 0.6387237906455994, "loss_boundary": 0.0014888842561049387, "cost": 2.513094425201416}, "peak_gib": 9.283895015716553}
{"epoch": 3, "successful_updates": 280, "losses": {"task": 1.0822798609733582, "anchor_consistency": 0.1302042454481125, "support_attention": 0.08692306652665138, "support_pre_tia": 0.10557917132973671, "support_post_tia": 0.1052321344614029, "full_task": 1.007295623421669, "self_feature": 0.5953201055526733, "feature": 0.7408181428909302, "loss_actionness": 0.1616838499903679, "loss_transition": 0.6641491651535034, "loss_boundary": 0.0029701951425522566, "cost": 2.976401925086975}, "peak_gib": 9.283895015716553}
{"epoch": 3, "successful_updates": 300, "losses": {"task": 0.12403838522732258, "anchor_consistency": 0.12138403207063675, "support_attention": 0.24726910889148712, "support_pre_tia": 0.30547934770584106, "support_post_tia": 0.30425387620925903, "full_task": 0.11860492452979088, "self_feature": 0.543511688709259, "feature": 0.7810676395893097, "loss_actionness": 0.11442595720291138, "loss_transition": 0.5851454734802246, "loss_boundary": 3.085244861722458e-05, "cost": 1.7216250896453857}, "peak_gib": 9.283895015716553}
09/15 02:11:15 - mmengine - WARNING - "FileClient" will be deprecated in future. Please use io functions in https://mmengine.readthedocs.io/en/latest/api/fileio.html#file-io
09/15 02:11:15 - mmengine - WARNING - "FileClient" will be deprecated in future. Please use io functions in https://mmengine.readthedocs.io/en/latest/api/fileio.html#file-io
09/15 02:11:15 - mmengine - WARNING - "HardDiskBackend" is the alias of "LocalBackend" and the former will be deprecated in future.
09/15 02:11:15 - mmengine - WARNING - "HardDiskBackend" is the alias of "LocalBackend" and the former will be deprecated in future.
{"epoch": 4, "successful_updates": 320, "losses": {"task": 0.4647469148039818, "anchor_consistency": 0.10084053128957748, "support_attention": 0.2504030168056488, "support_pre_tia": 0.29791173338890076, "support_post_tia": 0.29802829027175903, "full_task": 0.49445590376853943, "self_feature": 0.7152712643146515, "feature": 0.8109616041183472, "loss_actionness": 0.20103661715984344, "loss_transition": 0.6657414734363556, "loss_boundary": 0.0032752674305811524, "cost": 2.372716784477234}, "peak_gib": 9.283895015716553}
{"epoch": 4, "successful_updates": 340, "losses": {"task": 1.2942400053143501, "anchor_consistency": 0.15343085303902626, "support_attention": 0.0831436961889267, "support_pre_tia": 0.10104723647236824, "support_post_tia": 0.10084513574838638, "full_task": 1.2114769965410233, "self_feature": 0.757246732711792, "feature": 0.9261106252670288, "loss_actionness": 0.17098908126354218, "loss_transition": 0.6588990390300751, "loss_boundary": 0.003316093818284571, "cost": 3.4453123211860657}, "peak_gib": 9.283895015716553}
{"epoch": 4, "successful_updates": 360, "losses": {"task": 0.6883044317364693, "anchor_consistency": 0.09783727675676346, "support_attention": 0.22502930462360382, "support_pre_tia": 0.27300284802913666, "support_post_tia": 0.27337023615837097, "full_task": 0.6996386274695396, "self_feature": 0.3939526826143265, "feature": 0.591897651553154, "loss_actionness": 0.1323292776942253, "loss_transition": 0.6667188704013824, "loss_boundary": 3.085244679823518e-05, "cost": 2.32286137342453}, "peak_gib": 9.283895015716553}
{"epoch": 4, "successful_updates": 380, "losses": {"task": 0.8441736996173859, "anchor_consistency": 0.1144811399281025, "support_attention": 0.2588791772723198, "support_pre_tia": 0.3116370737552643, "support_post_tia": 0.31112639605998993, "full_task": 0.82540113478899, "self_feature": 0.815981388092041, "feature": 0.9835096895694733, "loss_actionness": 0.18322761356830597, "loss_transition": 0.6682683527469635, "loss_boundary": 0.003353282460011542, "cost": 3.0039089918136597}, "peak_gib": 9.283895015716553}
{"epoch": 4, "successful_updates": 400, "losses": {"task": 0.5081290975213051, "anchor_consistency": 0.07838203944265842, "support_attention": 0.07860348001122475, "support_pre_tia": 0.09176579490303993, "support_post_tia": 0.0918075479567051, "full_task": 0.43414604663848877, "self_feature": 0.48282839357852936, "feature": 0.6993200480937958, "loss_actionness": 0.17994442582130432, "loss_transition": 0.6447266042232513, "loss_boundary": 0.0018770532187772915, "cost": 2.2015629410743713}, "peak_gib": 9.283895015716553}
09/15 02:17:51 - mmengine - WARNING - "FileClient" will be deprecated in future. Please use io functions in https://mmengine.readthedocs.io/en/latest/api/fileio.html#file-io
09/15 02:17:51 - mmengine - WARNING - "FileClient" will be deprecated in future. Please use io functions in https://mmengine.readthedocs.io/en/latest/api/fileio.html#file-io
09/15 02:17:51 - mmengine - WARNING - "HardDiskBackend" is the alias of "LocalBackend" and the former will be deprecated in future.
09/15 02:17:51 - mmengine - WARNING - "HardDiskBackend" is the alias of "LocalBackend" and the former will be deprecated in future.
{"epoch": 5, "successful_updates": 420, "losses": {"task": 0.12596777454018593, "anchor_consistency": 0.07998738437891006, "support_attention": 0.24390509724617004, "support_pre_tia": 0.29568055272102356, "support_post_tia": 0.29612599313259125, "full_task": 0.11073204129934311, "self_feature": 0.45283475518226624, "feature": 0.7082639336585999, "loss_actionness": 0.17054900527000427, "loss_transition": 0.6403302252292633, "loss_boundary": 3.0852450436213985e-05, "cost": 1.7492983937263489}, "peak_gib": 9.283895015716553}
{"epoch": 5, "successful_updates": 440, "losses": {"task": 0.238717719912529, "anchor_consistency": 0.12001750245690346, "support_attention": 0.25807181000709534, "support_pre_tia": 0.3041817992925644, "support_post_tia": 0.30370311439037323, "full_task": 0.2240360677242279, "self_feature": 0.8383310735225677, "feature": 1.0123422741889954, "loss_actionness": 0.14130516350269318, "loss_transition": 0.6628093719482422, "loss_boundary": 0.0032183376606553793, "cost": 2.2310296297073364}, "peak_gib": 9.283895015716553}
{"epoch": 5, "successful_updates": 460, "losses": {"task": 0.04132374934852123, "anchor_consistency": 0.12708432599902153, "support_attention": 0.09277436137199402, "support_pre_tia": 0.11811862140893936, "support_post_tia": 0.11806344240903854, "full_task": 0.029141951352357864, "self_feature": 0.29858681559562683, "feature": 0.596657320857048, "loss_actionness": 0.10817128792405128, "loss_transition": 0.569092646241188, "loss_boundary": 0.0008359179209946888, "cost": 1.3675759434700012}, "peak_gib": 9.283895015716553}
{"epoch": 5, "successful_updates": 480, "losses": {"task": 0.14604655653238297, "anchor_consistency": 0.10327057167887688, "support_attention": 0.23184196650981903, "support_pre_tia": 0.27754902839660645, "support_post_tia": 0.2775025814771652, "full_task": 0.1542533040046692, "self_feature": 0.4179060459136963, "feature": 0.6219510436058044, "loss_actionness": 0.16118218004703522, "loss_transition": 0.6288689076900482, "loss_boundary": 3.085244679823518e-05, "cost": 1.6682514548301697}, "peak_gib": 9.28547716140747}
{"epoch": 5, "successful_updates": 500, "losses": {"task": 1.2806698828935623, "anchor_consistency": 0.10736475884914398, "support_attention": 0.260281577706337, "support_pre_tia": 0.31002621352672577, "support_post_tia": 0.31097155809402466, "full_task": 1.0786048620939255, "self_feature": 0.8294910490512848, "feature": 0.9846911728382111, "loss_actionness": 0.12978093326091766, "loss_transition": 0.6564866900444031, "loss_boundary": 0.0028153032762929797, "cost": 3.4402414560317993}, "peak_gib": 9.28547716140747}
09/15 02:24:29 - mmengine - WARNING - "FileClient" will be deprecated in future. Please use io functions in https://mmengine.readthedocs.io/en/latest/api/fileio.html#file-io
09/15 02:24:29 - mmengine - WARNING - "FileClient" will be deprecated in future. Please use io functions in https://mmengine.readthedocs.io/en/latest/api/fileio.html#file-io
09/15 02:24:29 - mmengine - WARNING - "HardDiskBackend" is the alias of "LocalBackend" and the former will be deprecated in future.
09/15 02:24:29 - mmengine - WARNING - "HardDiskBackend" is the alias of "LocalBackend" and the former will be deprecated in future.
{"epoch": 6, "successful_updates": 520, "losses": {"task": 0.25760916620492935, "anchor_consistency": 0.10184897482395172, "support_attention": 0.10083261877298355, "support_pre_tia": 0.12512733787298203, "support_post_tia": 0.12512899190187454, "full_task": 0.2628435231745243, "self_feature": 0.7393605411052704, "feature": 0.9150766730308533, "loss_actionness": 0.15482603013515472, "loss_transition": 0.6467210352420807, "loss_boundary": 0.0014148652844596654, "cost": 2.129844546318054}, "peak_gib": 9.28547716140747}
{"epoch": 6, "successful_updates": 540, "losses": {"task": 1.1997936964035034, "anchor_consistency": 0.08868373930454254, "support_attention": 0.24917864799499512, "support_pre_tia": 0.2910955995321274, "support_post_tia": 0.29160426557064056, "full_task": 1.2033159732818604, "self_feature": 0.48532363772392273, "feature": 0.7449844479560852, "loss_actionness": 0.15443376451730728, "loss_transition": 0.6633127927780151, "loss_boundary": 3.356559682288207e-05, "cost": 3.142828106880188}, "peak_gib": 9.28547716140747}
{"epoch": 6, "successful_updates": 560, "losses": {"task": 0.4701573997735977, "anchor_consistency": 0.08141284808516502, "support_attention": 0.23380491882562637, "support_pre_tia": 0.27553077042102814, "support_post_tia": 0.27591127157211304, "full_task": 0.4161461219191551, "self_feature": 0.5352897718548775, "feature": 0.7337369471788406, "loss_actionness": 0.2065342515707016, "loss_transition": 0.6265880763530731, "loss_boundary": 0.001962964448466664, "cost": 2.2257454991340637}, "peak_gib": 9.28547716140747}
{"epoch": 6, "successful_updates": 580, "losses": {"task": 0.5164478495717049, "anchor_consistency": 0.105430968105793, "support_attention": 0.08445324748754501, "support_pre_tia": 0.10305799543857574, "support_post_tia": 0.10308454185724258, "full_task": 0.4903869554400444, "self_feature": 0.5565010011196136, "feature": 0.7507028877735138, "loss_actionness": 0.17305544018745422, "loss_transition": 0.6222007274627686, "loss_boundary": 0.0017682611687632743, "cost": 2.2548378109931946}, "peak_gib": 9.28547716140747}
{"epoch": 6, "successful_updates": 600, "losses": {"task": 0.2461949959397316, "anchor_consistency": 0.051700543612241745, "support_attention": 0.22711843252182007, "support_pre_tia": 0.2656478136777878, "support_post_tia": 0.2668920233845711, "full_task": 0.19704411923885345, "self_feature": 0.32897287607192993, "feature": 0.5668513178825378, "loss_actionness": 0.1623072400689125, "loss_transition": 0.6856907904148102, "loss_boundary": 3.0852450436213985e-05, "cost": 1.7708945274353027}, "peak_gib": 9.28547716140747}
09/15 02:31:07 - mmengine - WARNING - "FileClient" will be deprecated in future. Please use io functions in https://mmengine.readthedocs.io/en/latest/api/fileio.html#file-io
09/15 02:31:07 - mmengine - WARNING - "FileClient" will be deprecated in future. Please use io functions in https://mmengine.readthedocs.io/en/latest/api/fileio.html#file-io
09/15 02:31:07 - mmengine - WARNING - "HardDiskBackend" is the alias of "LocalBackend" and the former will be deprecated in future.
09/15 02:31:07 - mmengine - WARNING - "HardDiskBackend" is the alias of "LocalBackend" and the former will be deprecated in future.
{"epoch": 7, "successful_updates": 620, "losses": {"task": 0.18764875084161758, "anchor_consistency": 0.08470835164189339, "support_attention": 0.21827971935272217, "support_pre_tia": 0.2562061473727226, "support_post_tia": 0.25665712356567383, "full_task": 0.17282983660697937, "self_feature": 0.6036592125892639, "feature": 0.717580109834671, "loss_actionness": 0.1175708994269371, "loss_transition": 0.6549870669841766, "loss_boundary": 0.0026989408070221543, "cost": 1.8113964796066284}, "peak_gib": 9.28547716140747}
{"epoch": 7, "successful_updates": 640, "losses": {"task": 0.4650273025035858, "anchor_consistency": 0.13150490075349808, "support_attention": 0.09217618405818939, "support_pre_tia": 0.1175534725189209, "support_post_tia": 0.1174660213291645, "full_task": 0.40698762238025665, "self_feature": 0.7821638882160187, "feature": 1.0074343979358673, "loss_actionness": 0.12352347746491432, "loss_transition": 0.6542569994926453, "loss_boundary": 0.002420548815280199, "cost": 2.4470070600509644}, "peak_gib": 9.28547716140747}
{"epoch": 7, "successful_updates": 660, "losses": {"task": 0.23420929908752441, "anchor_consistency": 0.09351953864097595, "support_attention": 0.22637581080198288, "support_pre_tia": 0.2705044597387314, "support_post_tia": 0.270711749792099, "full_task": 0.22412967309355736, "self_feature": 0.4195236414670944, "feature": 0.6538627594709396, "loss_actionness": 0.15258902311325073, "loss_transition": 0.6647749245166779, "loss_boundary": 4.065933171659708e-05, "cost": 1.8323927521705627}, "peak_gib": 9.28547716140747}
{"epoch": 7, "successful_updates": 680, "losses": {"task": 0.3921654522418976, "anchor_consistency": 0.10186969861388206, "support_attention": 0.2559511512517929, "support_pre_tia": 0.30290958285331726, "support_post_tia": 0.3035101145505905, "full_task": 0.31189174205064774, "self_feature": 0.7548432946205139, "feature": 0.9269365072250366, "loss_actionness": 0.1216721385717392, "loss_transition": 0.656306803226471, "loss_boundary": 0.002676607109606266, "cost": 2.285573184490204}, "peak_gib": 9.28547716140747}
{"epoch": 7, "successful_updates": 700, "losses": {"task": 0.29377852380275726, "anchor_consistency": 0.10468005761504173, "support_attention": 0.09456396847963333, "support_pre_tia": 0.11604385077953339, "support_post_tia": 0.11643119528889656, "full_task": 0.2889271378517151, "self_feature": 0.38783756271004677, "feature": 0.6362513601779938, "loss_actionness": 0.12287765741348267, "loss_transition": 0.6091272234916687, "loss_boundary": 0.001690395203695516, "cost": 1.788457989692688}, "peak_gib": 9.28547716140747}
09/15 02:37:34 - mmengine - WARNING - "FileClient" will be deprecated in future. Please use io functions in https://mmengine.readthedocs.io/en/latest/api/fileio.html#file-io
09/15 02:37:34 - mmengine - WARNING - "FileClient" will be deprecated in future. Please use io functions in https://mmengine.readthedocs.io/en/latest/api/fileio.html#file-io
09/15 02:37:34 - mmengine - WARNING - "HardDiskBackend" is the alias of "LocalBackend" and the former will be deprecated in future.
09/15 02:37:34 - mmengine - WARNING - "HardDiskBackend" is the alias of "LocalBackend" and the former will be deprecated in future.
{"epoch": 8, "successful_updates": 720, "losses": {"task": 0.5203410387039185, "anchor_consistency": 0.08382304012775421, "support_attention": 0.23924709856510162, "support_pre_tia": 0.2840374559164047, "support_post_tia": 0.2840297967195511, "full_task": 0.49558259546756744, "self_feature": 0.37728726863861084, "feature": 0.5947661101818085, "loss_actionness": 0.14353296905755997, "loss_transition": 0.6738020181655884, "loss_boundary": 5.7689698223839514e-05, "cost": 2.124204099178314}, "peak_gib": 9.28547716140747}
{"epoch": 8, "successful_updates": 740, "losses": {"task": 0.11055300384759903, "anchor_consistency": 0.09011458605527878, "support_attention": 0.23850441724061966, "support_pre_tia": 0.2702969163656235, "support_post_tia": 0.2711103856563568, "full_task": 0.10130780935287476, "self_feature": 0.6355770230293274, "feature": 0.7350287437438965, "loss_actionness": 0.21092164143919945, "loss_transition": 0.6550253927707672, "loss_boundary": 0.0026849955320358276, "cost": 1.8319711089134216}, "peak_gib": 9.28547716140747}
{"epoch": 8, "successful_updates": 760, "losses": {"task": 0.7943132296204567, "anchor_consistency": 0.09713292866945267, "support_attention": 0.09183530509471893, "support_pre_tia": 0.1138979010283947, "support_post_tia": 0.11412177607417107, "full_task": 0.77889284491539, "self_feature": 0.7319391965866089, "feature": 0.9345117509365082, "loss_actionness": 0.13846991211175919, "loss_transition": 0.6673245429992676, "loss_boundary": 0.0030250707641243935, "cost": 2.818905293941498}, "peak_gib": 9.28547716140747}
{"epoch": 8, "successful_updates": 780, "losses": {"task": 0.4991861879825592, "anchor_consistency": 0.09407555311918259, "support_attention": 0.23330529779195786, "support_pre_tia": 0.27543412148952484, "support_post_tia": 0.27453379333019257, "full_task": 0.46379412710666656, "self_feature": 0.37576910853385925, "feature": 0.6468279957771301, "loss_actionness": 0.2657819092273712, "loss_transition": 0.6647788286209106, "loss_boundary": 3.0852450436213985e-05, "cost": 2.2595112323760986}, "peak_gib": 9.28547716140747}
{"epoch": 8, "successful_updates": 800, "losses": {"task": 0.4966856986284256, "anchor_consistency": 0.09386216476559639, "support_attention": 0.24409219622612, "support_pre_tia": 0.29538729786872864, "support_post_tia": 0.29644814133644104, "full_task": 0.4381256252527237, "self_feature": 0.6134620606899261, "feature": 0.8177458941936493, "loss_actionness": 0.12576032057404518, "loss_transition": 0.6709499657154083, "loss_boundary": 0.0034250664757564664, "cost": 2.316913604736328}, "peak_gib": 9.285625457763672}
09/15 02:44:09 - mmengine - WARNING - "FileClient" will be deprecated in future. Please use io functions in https://mmengine.readthedocs.io/en/latest/api/fileio.html#file-io
09/15 02:44:09 - mmengine - WARNING - "FileClient" will be deprecated in future. Please use io functions in https://mmengine.readthedocs.io/en/latest/api/fileio.html#file-io
09/15 02:44:09 - mmengine - WARNING - "HardDiskBackend" is the alias of "LocalBackend" and the former will be deprecated in future.
09/15 02:44:09 - mmengine - WARNING - "HardDiskBackend" is the alias of "LocalBackend" and the former will be deprecated in future.
{"epoch": 9, "successful_updates": 820, "losses": {"task": 0.17776388674974442, "anchor_consistency": 0.08378083072602749, "support_attention": 0.09039798751473427, "support_pre_tia": 0.11092167347669601, "support_post_tia": 0.11140044033527374, "full_task": 0.1560816615819931, "self_feature": 0.4126169830560684, "feature": 0.6158810555934906, "loss_actionness": 0.22198369354009628, "loss_transition": 0.6065486669540405, "loss_boundary": 0.0015777194712427445, "cost": 1.7168287634849548}, "peak_gib": 9.285625457763672}
{"epoch": 9, "successful_updates": 840, "losses": {"task": 0.4672560840845108, "anchor_consistency": 0.07543555274605751, "support_attention": 0.23131594061851501, "support_pre_tia": 0.2760883569717407, "support_post_tia": 0.27603931725025177, "full_task": 0.4738152325153351, "self_feature": 0.4223362058401108, "feature": 0.6991524994373322, "loss_actionness": 0.1520547792315483, "loss_transition": 0.6633387207984924, "loss_boundary": 3.085245225520339e-05, "cost": 2.171635389328003}, "peak_gib": 9.285625457763672}
{"epoch": 9, "successful_updates": 860, "losses": {"task": 0.4202239513397217, "anchor_consistency": 0.09237300604581833, "support_attention": 0.22651360929012299, "support_pre_tia": 0.2691948264837265, "support_post_tia": 0.26976650953292847, "full_task": 0.38985685259103775, "self_feature": 0.46836118400096893, "feature": 0.578926682472229, "loss_actionness": 0.14535017311573029, "loss_transition": 0.6671837866306305, "loss_boundary": 0.003499407903291285, "cost": 1.9882798790931702}, "peak_gib": 9.285625457763672}
{"epoch": 9, "successful_updates": 880, "losses": {"task": 0.33297400176525116, "anchor_consistency": 0.09692216292023659, "support_attention": 0.09146403148770332, "support_pre_tia": 0.11166173964738846, "support_post_tia": 0.11201200634241104, "full_task": 0.2848912179470062, "self_feature": 0.38565458357334137, "feature": 0.6154524683952332, "loss_actionness": 0.12731830030679703, "loss_transition": 0.6273316144943237, "loss_boundary": 0.0023121927224565297, "cost": 1.8282989859580994}, "peak_gib": 9.285625457763672}
{"epoch": 9, "successful_updates": 900, "losses": {"task": 0.27835360169410706, "anchor_consistency": 0.0864885039627552, "support_attention": 0.24067649245262146, "support_pre_tia": 0.2921481281518936, "support_post_tia": 0.2926627993583679, "full_task": 0.2651457190513611, "self_feature": 0.3888865262269974, "feature": 0.5387875735759735, "loss_actionness": 0.12069211527705193, "loss_transition": 0.6471160054206848, "loss_boundary": 3.085245225520339e-05, "cost": 1.7211254835128784}, "peak_gib": 9.285625457763672}
09/15 02:50:55 - mmengine - WARNING - "FileClient" will be deprecated in future. Please use io functions in https://mmengine.readthedocs.io/en/latest/api/fileio.html#file-io
09/15 02:50:55 - mmengine - WARNING - "FileClient" will be deprecated in future. Please use io functions in https://mmengine.readthedocs.io/en/latest/api/fileio.html#file-io
09/15 02:50:55 - mmengine - WARNING - "HardDiskBackend" is the alias of "LocalBackend" and the former will be deprecated in future.
09/15 02:50:55 - mmengine - WARNING - "HardDiskBackend" is the alias of "LocalBackend" and the former will be deprecated in future.
{"epoch": 10, "successful_updates": 920, "losses": {"task": 0.06579031608998775, "anchor_consistency": 0.10911203175783157, "support_attention": 0.22384212911128998, "support_pre_tia": 0.2556006759405136, "support_post_tia": 0.25557830929756165, "full_task": 0.05924986768513918, "self_feature": 0.3378234952688217, "feature": 0.5854476392269135, "loss_actionness": 0.18786554783582687, "loss_transition": 0.5416450053453445, "loss_boundary": 3.0852450436213985e-05, "cost": 1.4571154117584229}, "peak_gib": 9.285625457763672}
{"epoch": 10, "successful_updates": 940, "losses": {"task": 0.34605075418949127, "anchor_consistency": 0.11032461374998093, "support_attention": 0.08565094321966171, "support_pre_tia": 0.1009506806731224, "support_post_tia": 0.10070749372243881, "full_task": 0.31830786913633347, "self_feature": 0.6129266321659088, "feature": 0.8114738166332245, "loss_actionness": 0.15149400755763054, "loss_transition": 0.6595260500907898, "loss_boundary": 0.002639967598952353, "cost": 2.1243436336517334}, "peak_gib": 9.285625457763672}
{"epoch": 10, "successful_updates": 960, "losses": {"task": 0.34282495826482773, "anchor_consistency": 0.09580503776669502, "support_attention": 0.23672106862068176, "support_pre_tia": 0.28853151202201843, "support_post_tia": 0.2887856066226959, "full_task": 0.3284882102161646, "self_feature": 0.39955662190914154, "feature": 0.6365995407104492, "loss_actionness": 0.10270696505904198, "loss_transition": 0.6316770017147064, "loss_boundary": 3.085245225520339e-05, "cost": 1.8666989207267761}, "peak_gib": 9.285840034484863}
{"epoch": 10, "successful_updates": 980, "losses": {"task": 0.2554572969675064, "anchor_consistency": 0.08070467412471771, "support_attention": 0.2359534651041031, "support_pre_tia": 0.2764517366886139, "support_post_tia": 0.27668625116348267, "full_task": 0.29450660943984985, "self_feature": 0.49386633932590485, "feature": 0.6411826610565186, "loss_actionness": 0.15857406705617905, "loss_transition": 0.5790548920631409, "loss_boundary": 5.06187880091602e-05, "cost": 1.78660386800766}, "peak_gib": 9.285840034484863}
{"epoch": 10, "successful_updates": 1000, "losses": {"task": 0.1453292015939951, "anchor_consistency": 0.11714567989110947, "support_attention": 0.09594307094812393, "support_pre_tia": 0.12192105874419212, "support_post_tia": 0.12148841843008995, "full_task": 0.18807061202824116, "self_feature": 0.3988816365599632, "feature": 0.6678388118743896, "loss_actionness": 0.13856057822704315, "loss_transition": 0.591728150844574, "loss_boundary": 0.0016517586482223123, "cost": 1.6465277671813965}, "peak_gib": 9.285840034484863}
validation subset: 211 videos, truncated as 792 windows.
09/15 02:57:35 - mmengine - WARNING - "FileClient" will be deprecated in future. Please use io functions in https://mmengine.readthedocs.io/en/latest/api/fileio.html#file-io
09/15 02:57:35 - mmengine - WARNING - "FileClient" will be deprecated in future. Please use io functions in https://mmengine.readthedocs.io/en/latest/api/fileio.html#file-io
09/15 02:57:35 - mmengine - WARNING - "HardDiskBackend" is the alias of "LocalBackend" and the former will be deprecated in future.
09/15 02:57:35 - mmengine - WARNING - "HardDiskBackend" is the alias of "LocalBackend" and the former will be deprecated in future.
graph_repair_s_seed42 10: 1/792
graph_repair_s_seed42 10: 101/792
graph_repair_s_seed42 10: 201/792
graph_repair_s_seed42 10: 301/792
graph_repair_s_seed42 10: 401/792
slurmstepd: error: *** JOB 1290164 ON g0059 CANCELLED AT 2026-09-15T03:06:59 ***
