training subset: 200 videos
ViT's param: 21879936, Adapter's params: 1006860, ratio: 4.6%
Warning: no pretrain path is provided, the backbone will be randomly initialized, unless you have initialized the weights in the model.py.
freeze_backbone: False, norm_eval: False
ViT's param: 21879936, Adapter's params: 1006860, ratio: 4.6%
Warning: no pretrain path is provided, the backbone will be randomly initialized, unless you have initialized the weights in the model.py.
freeze_backbone: False, norm_eval: False
ViT's param: 21879936, Adapter's params: 1006860, ratio: 4.6%
Warning: no pretrain path is provided, the backbone will be randomly initialized, unless you have initialized the weights in the model.py.
freeze_backbone: False, norm_eval: False
09/15 01:43:24 - mmengine - WARNING - "FileClient" will be deprecated in future. Please use io functions in https://mmengine.readthedocs.io/en/latest/api/fileio.html#file-io
09/15 01:43:24 - mmengine - WARNING - "HardDiskBackend" is the alias of "LocalBackend" and the former will be deprecated in future.
09/15 01:43:24 - mmengine - WARNING - "FileClient" will be deprecated in future. Please use io functions in https://mmengine.readthedocs.io/en/latest/api/fileio.html#file-io
09/15 01:43:24 - mmengine - WARNING - "HardDiskBackend" is the alias of "LocalBackend" and the former will be deprecated in future.
/data/run01/sczc063/yuzibo/conda_envs/opentad/lib/python3.10/site-packages/torch/nn/modules/conv.py:459: UserWarning: Applied workaround for CuDNN issue, install nvrtc.so (Triggered internally at /opt/conda/conda-bld/pytorch_1682343995026/work/aten/src/ATen/native/cudnn/Conv_v8.cpp:80.)
  return F.conv2d(input, weight, bias, self.stride,
training subset: 200 videos
ViT's param: 21879936, Adapter's params: 1006860, ratio: 4.6%
Warning: no pretrain path is provided, the backbone will be randomly initialized, unless you have initialized the weights in the model.py.
freeze_backbone: False, norm_eval: False
ViT's param: 21879936, Adapter's params: 1006860, ratio: 4.6%
Warning: no pretrain path is provided, the backbone will be randomly initialized, unless you have initialized the weights in the model.py.
freeze_backbone: False, norm_eval: False
ViT's param: 21879936, Adapter's params: 1006860, ratio: 4.6%
Warning: no pretrain path is provided, the backbone will be randomly initialized, unless you have initialized the weights in the model.py.
freeze_backbone: False, norm_eval: False
09/15 01:44:21 - mmengine - WARNING - "FileClient" will be deprecated in future. Please use io functions in https://mmengine.readthedocs.io/en/latest/api/fileio.html#file-io
09/15 01:44:21 - mmengine - WARNING - "FileClient" will be deprecated in future. Please use io functions in https://mmengine.readthedocs.io/en/latest/api/fileio.html#file-io
09/15 01:44:21 - mmengine - WARNING - "HardDiskBackend" is the alias of "LocalBackend" and the former will be deprecated in future.
09/15 01:44:21 - mmengine - WARNING - "HardDiskBackend" is the alias of "LocalBackend" and the former will be deprecated in future.
/data/run01/sczc063/yuzibo/conda_envs/opentad/lib/python3.10/site-packages/torch/nn/modules/conv.py:459: UserWarning: Applied workaround for CuDNN issue, install nvrtc.so (Triggered internally at /opt/conda/conda-bld/pytorch_1682343995026/work/aten/src/ATen/native/cudnn/Conv_v8.cpp:80.)
  return F.conv2d(input, weight, bias, self.stride,
09/15 01:44:38 - mmengine - WARNING - "FileClient" will be deprecated in future. Please use io functions in https://mmengine.readthedocs.io/en/latest/api/fileio.html#file-io
09/15 01:44:38 - mmengine - WARNING - "FileClient" will be deprecated in future. Please use io functions in https://mmengine.readthedocs.io/en/latest/api/fileio.html#file-io
09/15 01:44:38 - mmengine - WARNING - "HardDiskBackend" is the alias of "LocalBackend" and the former will be deprecated in future.
09/15 01:44:38 - mmengine - WARNING - "HardDiskBackend" is the alias of "LocalBackend" and the former will be deprecated in future.
{"epoch": 1, "successful_updates": 20, "losses": {"task": 0.48841871321201324, "support_attention": 0.24176248908042908, "support_pre_tia": 0.3016771227121353, "support_post_tia": 0.30076029896736145, "full_task": 0.4407535642385483, "self_feature": 0.8766010701656342, "feature": 0.9989944100379944, "loss_actionness": 0.11265958100557327, "loss_transition": 0.6468873023986816, "loss_boundary": 0.00271812392747961, "cost": 2.4776484966278076}, "peak_gib": 9.467485904693604}
{"epoch": 1, "successful_updates": 40, "losses": {"task": 0.3390999585390091, "support_attention": 0.10122407227754593, "support_pre_tia": 0.12630555778741837, "support_post_tia": 0.12593799456954002, "full_task": 0.3729751706123352, "self_feature": 0.6801499426364899, "feature": 0.8227688670158386, "loss_actionness": 0.18990108370780945, "loss_transition": 0.6539026200771332, "loss_boundary": 0.0025616888888180256, "cost": 2.182105302810669}, "peak_gib": 9.472315788269043}
{"epoch": 1, "successful_updates": 60, "losses": {"task": 0.4374384731054306, "support_attention": 0.26163096725940704, "support_pre_tia": 0.32611797749996185, "support_post_tia": 0.3266071230173111, "full_task": 0.4079585671424866, "self_feature": 0.6197905838489532, "feature": 0.8382298648357391, "loss_actionness": 0.13603224605321884, "loss_transition": 0.6679401695728302, "loss_boundary": 5.075455010228325e-05, "cost": 2.276296377182007}, "peak_gib": 9.475825786590576}
{"epoch": 1, "successful_updates": 80, "losses": {"task": 0.08556785807013512, "support_attention": 0.259064145386219, "support_pre_tia": 0.32509148120880127, "support_post_tia": 0.32468028366565704, "full_task": 0.07213128730654716, "self_feature": 0.7904198467731476, "feature": 0.8891848027706146, "loss_actionness": 0.1182171180844307, "loss_transition": 0.6338939964771271, "loss_boundary": 0.0009982095507439226, "cost": 1.8574253916740417}, "peak_gib": 9.475825786590576}
{"epoch": 1, "successful_updates": 100, "losses": {"task": 0.43840062618255615, "support_attention": 0.08690304309129715, "support_pre_tia": 0.11111781746149063, "support_post_tia": 0.11106907948851585, "full_task": 0.4883791208267212, "self_feature": 0.39800628274679184, "feature": 0.6859166920185089, "loss_actionness": 0.19732874631881714, "loss_transition": 0.6400448977947235, "loss_boundary": 0.0019620113162091, "cost": 2.1366576552391052}, "peak_gib": 9.475825786590576}
09/15 01:51:23 - mmengine - WARNING - "FileClient" will be deprecated in future. Please use io functions in https://mmengine.readthedocs.io/en/latest/api/fileio.html#file-io
09/15 01:51:23 - mmengine - WARNING - "FileClient" will be deprecated in future. Please use io functions in https://mmengine.readthedocs.io/en/latest/api/fileio.html#file-io
09/15 01:51:23 - mmengine - WARNING - "HardDiskBackend" is the alias of "LocalBackend" and the former will be deprecated in future.
09/15 01:51:23 - mmengine - WARNING - "HardDiskBackend" is the alias of "LocalBackend" and the former will be deprecated in future.
{"epoch": 2, "successful_updates": 120, "losses": {"task": 0.11251398548483849, "support_attention": 0.27977530658245087, "support_pre_tia": 0.33656641840934753, "support_post_tia": 0.3365117013454437, "full_task": 0.10455339029431343, "self_feature": 0.6487287282943726, "feature": 0.9063977897167206, "loss_actionness": 0.14325162023305893, "loss_transition": 0.6643556952476501, "loss_boundary": 4.097239980183076e-05, "cost": 1.951225221157074}, "peak_gib": 9.475825786590576}
{"epoch": 2, "successful_updates": 140, "losses": {"task": 0.11230652686208487, "support_attention": 0.2443104088306427, "support_pre_tia": 0.2987091988325119, "support_post_tia": 0.2983487397432327, "full_task": 0.09438265394419432, "self_feature": 0.5587003231048584, "feature": 0.7758413553237915, "loss_actionness": 0.12412247061729431, "loss_transition": 0.5545693188905716, "loss_boundary": 0.00019924374828406144, "cost": 1.6763575673103333}, "peak_gib": 9.475825786590576}
{"epoch": 2, "successful_updates": 160, "losses": {"task": 0.46950236707925797, "support_attention": 0.09639386087656021, "support_pre_tia": 0.11751396209001541, "support_post_tia": 0.1175302267074585, "full_task": 0.5033930391073227, "self_feature": 0.43940912187099457, "feature": 0.6748072952032089, "loss_actionness": 0.15996626764535904, "loss_transition": 0.6033562123775482, "loss_boundary": 0.0015625391461071558, "cost": 2.0907360911369324}, "peak_gib": 9.475825786590576}
{"epoch": 2, "successful_updates": 180, "losses": {"task": 0.14097358286380768, "support_attention": 0.2534004747867584, "support_pre_tia": 0.30946898460388184, "support_post_tia": 0.3102317154407501, "full_task": 0.11723600700497627, "self_feature": 0.47231993079185486, "feature": 0.6398599743843079, "loss_actionness": 0.12762811034917831, "loss_transition": 0.6414406299591064, "loss_boundary": 3.0852450436213985e-05, "cost": 1.6574592590332031}, "peak_gib": 9.475825786590576}
{"epoch": 2, "successful_updates": 200, "losses": {"task": 0.6988652497529984, "support_attention": 0.26570095121860504, "support_pre_tia": 0.32470639050006866, "support_post_tia": 0.32203762233257294, "full_task": 0.566847026348114, "self_feature": 0.7830779552459717, "feature": 0.9551980793476105, "loss_actionness": 0.1620161421597004, "loss_transition": 0.6588214933872223, "loss_boundary": 0.002862204913981259, "cost": 2.730119824409485}, "peak_gib": 9.475825786590576}
09/15 01:58:06 - mmengine - WARNING - "FileClient" will be deprecated in future. Please use io functions in https://mmengine.readthedocs.io/en/latest/api/fileio.html#file-io
09/15 01:58:06 - mmengine - WARNING - "FileClient" will be deprecated in future. Please use io functions in https://mmengine.readthedocs.io/en/latest/api/fileio.html#file-io
09/15 01:58:06 - mmengine - WARNING - "HardDiskBackend" is the alias of "LocalBackend" and the former will be deprecated in future.
09/15 01:58:06 - mmengine - WARNING - "HardDiskBackend" is the alias of "LocalBackend" and the former will be deprecated in future.
{"epoch": 3, "successful_updates": 220, "losses": {"task": 0.18578476086258888, "support_attention": 0.167655810713768, "support_pre_tia": 0.22516730427742004, "support_post_tia": 0.22507239878177643, "full_task": 0.18533828854560852, "self_feature": 0.4383772015571594, "feature": 0.7195088863372803, "loss_actionness": 0.19635466486215591, "loss_transition": 0.5932146906852722, "loss_boundary": 0.001917669347676565, "cost": 1.8094649910926819}, "peak_gib": 9.475825786590576}
{"epoch": 3, "successful_updates": 240, "losses": {"task": 0.060797182843089104, "support_attention": 0.2791321277618408, "support_pre_tia": 0.32545314729213715, "support_post_tia": 0.3261689245700836, "full_task": 0.03885224834084511, "self_feature": 0.5426657050848007, "feature": 0.7062146663665771, "loss_actionness": 0.1046418584883213, "loss_transition": 0.5661517828702927, "loss_boundary": 3.085244861722458e-05, "cost": 1.5343971252441406}, "peak_gib": 9.475825786590576}
{"epoch": 3, "successful_updates": 260, "losses": {"task": 0.75849449634552, "support_attention": 0.2543579787015915, "support_pre_tia": 0.304156631231308, "support_post_tia": 0.3047940135002136, "full_task": 0.6790670603513718, "self_feature": 0.6439561247825623, "feature": 0.8023620247840881, "loss_actionness": 0.163857601583004, "loss_transition": 0.6385511457920074, "loss_boundary": 0.0015334334166254848, "cost": 2.6294084787368774}, "peak_gib": 9.478775978088379}
{"epoch": 3, "successful_updates": 280, "losses": {"task": 1.0539053082466125, "support_attention": 0.14591997116804123, "support_pre_tia": 0.1824841871857643, "support_post_tia": 0.18161185085773468, "full_task": 1.0038322508335114, "self_feature": 0.6286901533603668, "feature": 0.7490793466567993, "loss_actionness": 0.16106289625167847, "loss_transition": 0.6654180586338043, "loss_boundary": 0.0030693113803863525, "cost": 2.9645668268203735}, "peak_gib": 9.478775978088379}
{"epoch": 3, "successful_updates": 300, "losses": {"task": 0.12732563726603985, "support_attention": 0.2806506007909775, "support_pre_tia": 0.3460310399532318, "support_post_tia": 0.3445019870996475, "full_task": 0.11520833149552345, "self_feature": 0.6407468318939209, "feature": 0.8328684270381927, "loss_actionness": 0.11675584316253662, "loss_transition": 0.5840204358100891, "loss_boundary": 3.085244861722458e-05, "cost": 1.788404643535614}, "peak_gib": 9.478775978088379}
09/15 02:04:55 - mmengine - WARNING - "FileClient" will be deprecated in future. Please use io functions in https://mmengine.readthedocs.io/en/latest/api/fileio.html#file-io
09/15 02:04:55 - mmengine - WARNING - "FileClient" will be deprecated in future. Please use io functions in https://mmengine.readthedocs.io/en/latest/api/fileio.html#file-io
09/15 02:04:55 - mmengine - WARNING - "HardDiskBackend" is the alias of "LocalBackend" and the former will be deprecated in future.
09/15 02:04:55 - mmengine - WARNING - "HardDiskBackend" is the alias of "LocalBackend" and the former will be deprecated in future.
{"epoch": 4, "successful_updates": 320, "losses": {"task": 0.506806880235672, "support_attention": 0.3203837126493454, "support_pre_tia": 0.38153529167175293, "support_post_tia": 0.3812021166086197, "full_task": 0.5040348321199417, "self_feature": 0.7990292608737946, "feature": 0.8540714383125305, "loss_actionness": 0.1998140960931778, "loss_transition": 0.6693404316902161, "loss_boundary": 0.0034933234564960003, "cost": 2.4775747060775757}, "peak_gib": 9.478775978088379}
{"epoch": 4, "successful_updates": 340, "losses": {"task": 1.3220234811306, "support_attention": 0.205535426735878, "support_pre_tia": 0.25736021995544434, "support_post_tia": 0.2562311962246895, "full_task": 1.231581136584282, "self_feature": 0.8159699440002441, "feature": 0.9354280531406403, "loss_actionness": 0.16950303316116333, "loss_transition": 0.658364862203598, "loss_boundary": 0.003397892345674336, "cost": 3.503889322280884}, "peak_gib": 9.478775978088379}
{"epoch": 4, "successful_updates": 360, "losses": {"task": 0.7219466306269169, "support_attention": 0.2905113697052002, "support_pre_tia": 0.3521583676338196, "support_post_tia": 0.35242781043052673, "full_task": 0.6964909806847572, "self_feature": 0.5519198030233383, "feature": 0.6860444247722626, "loss_actionness": 0.13280996680259705, "loss_transition": 0.6701712906360626, "loss_boundary": 3.085244679823518e-05, "cost": 2.475547134876251}, "peak_gib": 9.478775978088379}
{"epoch": 4, "successful_updates": 380, "losses": {"task": 0.8953785300254822, "support_attention": 0.33600984513759613, "support_pre_tia": 0.4025682359933853, "support_post_tia": 0.40197886526584625, "full_task": 0.8253447785973549, "self_feature": 0.9077199995517731, "feature": 1.03970605134964, "loss_actionness": 0.1820008009672165, "loss_transition": 0.6683272421360016, "loss_boundary": 0.0035567486193031073, "cost": 3.1263047456741333}, "peak_gib": 9.478775978088379}
{"epoch": 4, "successful_updates": 400, "losses": {"task": 0.48832856118679047, "support_attention": 0.20767848193645477, "support_pre_tia": 0.2595221549272537, "support_post_tia": 0.25871534645557404, "full_task": 0.42376577854156494, "self_feature": 0.5625709593296051, "feature": 0.7296811938285828, "loss_actionness": 0.18034029006958008, "loss_transition": 0.6467220485210419, "loss_boundary": 0.0019495227315928787, "cost": 2.2351319193840027}, "peak_gib": 9.478775978088379}
09/15 02:11:39 - mmengine - WARNING - "FileClient" will be deprecated in future. Please use io functions in https://mmengine.readthedocs.io/en/latest/api/fileio.html#file-io
09/15 02:11:39 - mmengine - WARNING - "FileClient" will be deprecated in future. Please use io functions in https://mmengine.readthedocs.io/en/latest/api/fileio.html#file-io
09/15 02:11:39 - mmengine - WARNING - "HardDiskBackend" is the alias of "LocalBackend" and the former will be deprecated in future.
09/15 02:11:39 - mmengine - WARNING - "HardDiskBackend" is the alias of "LocalBackend" and the former will be deprecated in future.
{"epoch": 5, "successful_updates": 420, "losses": {"task": 0.14827891811728477, "support_attention": 0.3684529811143875, "support_pre_tia": 0.4408861994743347, "support_post_tia": 0.4415017068386078, "full_task": 0.11007440462708473, "self_feature": 0.7673912942409515, "feature": 0.9093743562698364, "loss_actionness": 0.16988427191972733, "loss_transition": 0.6452973484992981, "loss_boundary": 3.0852450436213985e-05, "cost": 2.0212427377700806}, "peak_gib": 9.478775978088379}
{"epoch": 5, "successful_updates": 440, "losses": {"task": 0.24967868626117706, "support_attention": 0.37785907089710236, "support_pre_tia": 0.43658728897571564, "support_post_tia": 0.43548646569252014, "full_task": 0.22265616059303284, "self_feature": 0.973493218421936, "feature": 1.1007144451141357, "loss_actionness": 0.14167370647192, "loss_transition": 0.6568469405174255, "loss_boundary": 0.002845779061317444, "cost": 2.348376512527466}, "peak_gib": 9.478775978088379}
{"epoch": 5, "successful_updates": 460, "losses": {"task": 0.04475978948175907, "support_attention": 0.31821367144584656, "support_pre_tia": 0.38965925574302673, "support_post_tia": 0.3886081278324127, "full_task": 0.03499171696603298, "self_feature": 0.6028633415699005, "feature": 0.7368366122245789, "loss_actionness": 0.10559884831309319, "loss_transition": 0.5643903017044067, "loss_boundary": 0.000817558002381702, "cost": 1.560350775718689}, "peak_gib": 9.478775978088379}
{"epoch": 5, "successful_updates": 480, "losses": {"task": 0.18193228542804718, "support_attention": 0.34774982929229736, "support_pre_tia": 0.41253869235515594, "support_post_tia": 0.41228915750980377, "full_task": 0.16692073829472065, "self_feature": 0.7281841039657593, "feature": 0.8185135722160339, "loss_actionness": 0.1603390872478485, "loss_transition": 0.6334824562072754, "loss_boundary": 3.085244679823518e-05, "cost": 1.9500882029533386}, "peak_gib": 9.478775978088379}
{"epoch": 5, "successful_updates": 500, "losses": {"task": 1.311343252658844, "support_attention": 0.38878290355205536, "support_pre_tia": 0.451732873916626, "support_post_tia": 0.4529842585325241, "full_task": 0.9901982620358467, "self_feature": 0.9753167033195496, "feature": 1.0706119537353516, "loss_actionness": 0.1295940801501274, "loss_transition": 0.6624139249324799, "loss_boundary": 0.003071785205975175, "cost": 3.5673521757125854}, "peak_gib": 9.478775978088379}
09/15 02:18:30 - mmengine - WARNING - "FileClient" will be deprecated in future. Please use io functions in https://mmengine.readthedocs.io/en/latest/api/fileio.html#file-io
09/15 02:18:30 - mmengine - WARNING - "FileClient" will be deprecated in future. Please use io functions in https://mmengine.readthedocs.io/en/latest/api/fileio.html#file-io
09/15 02:18:30 - mmengine - WARNING - "HardDiskBackend" is the alias of "LocalBackend" and the former will be deprecated in future.
09/15 02:18:30 - mmengine - WARNING - "HardDiskBackend" is the alias of "LocalBackend" and the former will be deprecated in future.
{"epoch": 6, "successful_updates": 520, "losses": {"task": 0.35199497640132904, "support_attention": 0.36067435145378113, "support_pre_tia": 0.4389430284500122, "support_post_tia": 0.4383029043674469, "full_task": 0.2529296204447746, "self_feature": 0.9363055527210236, "feature": 1.0127017199993134, "loss_actionness": 0.15444492548704147, "loss_transition": 0.645260751247406, "loss_boundary": 0.001683074835455045, "cost": 2.3668107986450195}, "peak_gib": 9.478775978088379}
{"epoch": 6, "successful_updates": 540, "losses": {"task": 1.3036153614521027, "support_attention": 0.37264324724674225, "support_pre_tia": 0.4342056065797806, "support_post_tia": 0.4345729649066925, "full_task": 1.2291231155395508, "self_feature": 0.759096086025238, "feature": 0.9371149837970734, "loss_actionness": 0.15520678460597992, "loss_transition": 0.6642336547374725, "loss_boundary": 3.356559682288207e-05, "cost": 3.4868334531784058}, "peak_gib": 9.478775978088379}
{"epoch": 6, "successful_updates": 560, "losses": {"task": 0.5186963677406311, "support_attention": 0.36106176674366, "support_pre_tia": 0.4219447374343872, "support_post_tia": 0.42238569259643555, "full_task": 0.4070368856191635, "self_feature": 0.6875996291637421, "feature": 0.833167091012001, "loss_actionness": 0.2093750536441803, "loss_transition": 0.6256831586360931, "loss_boundary": 0.0020227388267812785, "cost": 2.401680111885071}, "peak_gib": 9.478775978088379}
{"epoch": 6, "successful_updates": 580, "losses": {"task": 0.5148773863911629, "support_attention": 0.3191969245672226, "support_pre_tia": 0.38968105614185333, "support_post_tia": 0.3889469504356384, "full_task": 0.4950436167418957, "self_feature": 0.8255036473274231, "feature": 0.8970741033554077, "loss_actionness": 0.17504438385367393, "loss_transition": 0.627903938293457, "loss_boundary": 0.0016838006904436043, "cost": 2.461826205253601}, "peak_gib": 9.478775978088379}
{"epoch": 6, "successful_updates": 600, "losses": {"task": 0.2715247571468353, "support_attention": 0.3513890951871872, "support_pre_tia": 0.4080897867679596, "support_post_tia": 0.4104124456644058, "full_task": 0.18760384619235992, "self_feature": 0.6247653663158417, "feature": 0.7790951132774353, "loss_actionness": 0.16149336844682693, "loss_transition": 0.6847139000892639, "loss_boundary": 3.0852450436213985e-05, "cost": 2.0471604466438293}, "peak_gib": 9.478775978088379}
09/15 02:25:16 - mmengine - WARNING - "FileClient" will be deprecated in future. Please use io functions in https://mmengine.readthedocs.io/en/latest/api/fileio.html#file-io
09/15 02:25:16 - mmengine - WARNING - "FileClient" will be deprecated in future. Please use io functions in https://mmengine.readthedocs.io/en/latest/api/fileio.html#file-io
09/15 02:25:16 - mmengine - WARNING - "HardDiskBackend" is the alias of "LocalBackend" and the former will be deprecated in future.
09/15 02:25:16 - mmengine - WARNING - "HardDiskBackend" is the alias of "LocalBackend" and the former will be deprecated in future.
{"epoch": 7, "successful_updates": 620, "losses": {"task": 0.2288093864917755, "support_attention": 0.3545790761709213, "support_pre_tia": 0.4138607978820801, "support_post_tia": 0.4146102964878082, "full_task": 0.17818542569875717, "self_feature": 0.7876905500888824, "feature": 0.8627030849456787, "loss_actionness": 0.11642961204051971, "loss_transition": 0.6585289239883423, "loss_boundary": 0.002672343165613711, "cost": 2.033882260322571}, "peak_gib": 9.478775978088379}
{"epoch": 7, "successful_updates": 640, "losses": {"task": 0.5196325778961182, "support_attention": 0.3148278295993805, "support_pre_tia": 0.39206744730472565, "support_post_tia": 0.3906556963920593, "full_task": 0.42950326204299927, "self_feature": 0.9617103934288025, "feature": 1.0996156930923462, "loss_actionness": 0.12219612300395966, "loss_transition": 0.6567117273807526, "loss_boundary": 0.002714413800276816, "cost": 2.6435534954071045}, "peak_gib": 9.478775978088379}
{"epoch": 7, "successful_updates": 660, "losses": {"task": 0.257981576025486, "support_attention": 0.3395862877368927, "support_pre_tia": 0.40008027851581573, "support_post_tia": 0.40009088814258575, "full_task": 0.21700602024793625, "self_feature": 0.7170086801052094, "feature": 0.8376318514347076, "loss_actionness": 0.15474508702754974, "loss_transition": 0.6638934016227722, "loss_boundary": 4.065933171659708e-05, "cost": 2.080253541469574}, "peak_gib": 9.478775978088379}
{"epoch": 7, "successful_updates": 680, "losses": {"task": 0.4213196784257889, "support_attention": 0.3710533678531647, "support_pre_tia": 0.4275476038455963, "support_post_tia": 0.4284275323152542, "full_task": 0.32352960482239723, "self_feature": 0.8871502876281738, "feature": 0.9921075999736786, "loss_actionness": 0.12126190587878227, "loss_transition": 0.6611760258674622, "loss_boundary": 0.0030508515192195773, "cost": 2.411312222480774}, "peak_gib": 9.478775978088379}
{"epoch": 7, "successful_updates": 700, "losses": {"task": 0.3310878276824951, "support_attention": 0.32189153134822845, "support_pre_tia": 0.38693881034851074, "support_post_tia": 0.38768869638442993, "full_task": 0.29520881175994873, "self_feature": 0.6875298023223877, "feature": 0.8036751747131348, "loss_actionness": 0.12169383838772774, "loss_transition": 0.6111710071563721, "loss_boundary": 0.0016355206298612757, "cost": 2.050549805164337}, "peak_gib": 9.478775978088379}
09/15 02:31:55 - mmengine - WARNING - "FileClient" will be deprecated in future. Please use io functions in https://mmengine.readthedocs.io/en/latest/api/fileio.html#file-io
09/15 02:31:55 - mmengine - WARNING - "FileClient" will be deprecated in future. Please use io functions in https://mmengine.readthedocs.io/en/latest/api/fileio.html#file-io
09/15 02:31:55 - mmengine - WARNING - "HardDiskBackend" is the alias of "LocalBackend" and the former will be deprecated in future.
09/15 02:31:55 - mmengine - WARNING - "HardDiskBackend" is the alias of "LocalBackend" and the former will be deprecated in future.
{"epoch": 8, "successful_updates": 720, "losses": {"task": 0.6129719614982605, "support_attention": 0.3638336807489395, "support_pre_tia": 0.425815612077713, "support_post_tia": 0.4256705939769745, "full_task": 0.5152841508388519, "self_feature": 0.6714501678943634, "feature": 0.7959390580654144, "loss_actionness": 0.1434037759900093, "loss_transition": 0.6724054515361786, "loss_boundary": 5.7689698223839514e-05, "cost": 2.463318347930908}, "peak_gib": 9.478775978088379}
{"epoch": 8, "successful_updates": 740, "losses": {"task": 0.11735682934522629, "support_attention": 0.34729915857315063, "support_pre_tia": 0.38995133340358734, "support_post_tia": 0.3910631239414215, "full_task": 0.10218128189444542, "self_feature": 0.8134909570217133, "feature": 0.8171534836292267, "loss_actionness": 0.20855747908353806, "loss_transition": 0.6530863046646118, "loss_boundary": 0.0025983722880482674, "cost": 1.944697618484497}, "peak_gib": 9.478775978088379}
{"epoch": 8, "successful_updates": 760, "losses": {"task": 0.9533468782901764, "support_attention": 0.33147771656513214, "support_pre_tia": 0.40339119732379913, "support_post_tia": 0.40341703593730927, "full_task": 0.8011927753686905, "self_feature": 0.8943112194538116, "feature": 1.0303646922111511, "loss_actionness": 0.1381371170282364, "loss_transition": 0.6708702743053436, "loss_boundary": 0.003120959969237447, "cost": 3.125909686088562}, "peak_gib": 9.478775978088379}
{"epoch": 8, "successful_updates": 780, "losses": {"task": 0.5140006989240646, "support_attention": 0.348054975271225, "support_pre_tia": 0.4051208794116974, "support_post_tia": 0.40343357622623444, "full_task": 0.47447721660137177, "self_feature": 0.6654976010322571, "feature": 0.8365362286567688, "loss_actionness": 0.2616245746612549, "loss_transition": 0.6658776700496674, "loss_boundary": 3.0852450436213985e-05, "cost": 2.503666639328003}, "peak_gib": 9.478775978088379}
{"epoch": 8, "successful_updates": 800, "losses": {"task": 0.5173958390951157, "support_attention": 0.36543017625808716, "support_pre_tia": 0.4283481538295746, "support_post_tia": 0.4296582192182541, "full_task": 0.46433693170547485, "self_feature": 0.7755074799060822, "feature": 0.9094010591506958, "loss_actionness": 0.1254885122179985, "loss_transition": 0.6692534983158112, "loss_boundary": 0.0034532304853200912, "cost": 2.461527466773987}, "peak_gib": 9.478775978088379}
09/15 02:38:40 - mmengine - WARNING - "FileClient" will be deprecated in future. Please use io functions in https://mmengine.readthedocs.io/en/latest/api/fileio.html#file-io
09/15 02:38:40 - mmengine - WARNING - "FileClient" will be deprecated in future. Please use io functions in https://mmengine.readthedocs.io/en/latest/api/fileio.html#file-io
09/15 02:38:40 - mmengine - WARNING - "HardDiskBackend" is the alias of "LocalBackend" and the former will be deprecated in future.
09/15 02:38:40 - mmengine - WARNING - "HardDiskBackend" is the alias of "LocalBackend" and the former will be deprecated in future.
{"epoch": 9, "successful_updates": 820, "losses": {"task": 0.2267620600759983, "support_attention": 0.32975177466869354, "support_pre_tia": 0.3932774215936661, "support_post_tia": 0.39314796030521393, "full_task": 0.16458988189697266, "self_feature": 0.7248172461986542, "feature": 0.7935363054275513, "loss_actionness": 0.22408657521009445, "loss_transition": 0.609022706747055, "loss_boundary": 0.0015180840928223915, "cost": 2.007876217365265}, "peak_gib": 9.478775978088379}
{"epoch": 9, "successful_updates": 840, "losses": {"task": 0.4782335013151169, "support_attention": 0.3414511978626251, "support_pre_tia": 0.4019745737314224, "support_post_tia": 0.4016324430704117, "full_task": 0.4686683565378189, "self_feature": 0.6735729277133942, "feature": 0.8612495958805084, "loss_actionness": 0.1525757983326912, "loss_transition": 0.6667798459529877, "loss_boundary": 3.085245225520339e-05, "cost": 2.3835742473602295}, "peak_gib": 9.478775978088379}
{"epoch": 9, "successful_updates": 860, "losses": {"task": 0.4158797115087509, "support_attention": 0.34514977037906647, "support_pre_tia": 0.4016386717557907, "support_post_tia": 0.401839941740036, "full_task": 0.3893042206764221, "self_feature": 0.5902436971664429, "feature": 0.6634780764579773, "loss_actionness": 0.14538569748401642, "loss_transition": 0.6688461303710938, "loss_boundary": 0.003672212129458785, "cost": 2.093786060810089}, "peak_gib": 9.478775978088379}
{"epoch": 9, "successful_updates": 880, "losses": {"task": 0.29944703727960587, "support_attention": 0.3127752095460892, "support_pre_tia": 0.3758943974971771, "support_post_tia": 0.3760526776313782, "full_task": 0.2683166414499283, "self_feature": 0.6367987394332886, "feature": 0.7467524111270905, "loss_actionness": 0.12790293619036674, "loss_transition": 0.6256048381328583, "loss_boundary": 0.0021973941766191274, "cost": 1.970261037349701}, "peak_gib": 9.478775978088379}
{"epoch": 9, "successful_updates": 900, "losses": {"task": 0.28993038833141327, "support_attention": 0.3588591516017914, "support_pre_tia": 0.42320869863033295, "support_post_tia": 0.42372021079063416, "full_task": 0.278373584151268, "self_feature": 0.6624253392219543, "feature": 0.7216556966304779, "loss_actionness": 0.12198320776224136, "loss_transition": 0.6500440239906311, "loss_boundary": 3.085245225520339e-05, "cost": 1.961826503276825}, "peak_gib": 9.478775978088379}
09/15 02:45:36 - mmengine - WARNING - "FileClient" will be deprecated in future. Please use io functions in https://mmengine.readthedocs.io/en/latest/api/fileio.html#file-io
09/15 02:45:36 - mmengine - WARNING - "HardDiskBackend" is the alias of "LocalBackend" and the former will be deprecated in future.
09/15 02:45:36 - mmengine - WARNING - "FileClient" will be deprecated in future. Please use io functions in https://mmengine.readthedocs.io/en/latest/api/fileio.html#file-io
09/15 02:45:36 - mmengine - WARNING - "HardDiskBackend" is the alias of "LocalBackend" and the former will be deprecated in future.
{"epoch": 10, "successful_updates": 920, "losses": {"task": 0.06613101437687874, "support_attention": 0.35613231360912323, "support_pre_tia": 0.4052834212779999, "support_post_tia": 0.4048492759466171, "full_task": 0.05743599310517311, "self_feature": 0.7036234736442566, "feature": 0.8283678591251373, "loss_actionness": 0.1878458932042122, "loss_transition": 0.5407041162252426, "loss_boundary": 3.0852450436213985e-05, "cost": 1.748307704925537}, "peak_gib": 9.478775978088379}
{"epoch": 10, "successful_updates": 940, "losses": {"task": 0.3744697608053684, "support_attention": 0.28434376418590546, "support_pre_tia": 0.34426282346248627, "support_post_tia": 0.3422635495662689, "full_task": 0.33177475258708, "self_feature": 0.7719016373157501, "feature": 0.8928534090518951, "loss_actionness": 0.1496877819299698, "loss_transition": 0.6579688191413879, "loss_boundary": 0.0028705880977213383, "cost": 2.272310495376587}, "peak_gib": 9.478775978088379}
{"epoch": 10, "successful_updates": 960, "losses": {"task": 0.36367799527943134, "support_attention": 0.35652613639831543, "support_pre_tia": 0.4192594438791275, "support_post_tia": 0.41917209327220917, "full_task": 0.33114427514374256, "self_feature": 0.697582334280014, "feature": 0.8209018111228943, "loss_actionness": 0.1039215587079525, "loss_transition": 0.6310611665248871, "loss_boundary": 3.085245225520339e-05, "cost": 2.1140592098236084}, "peak_gib": 9.478775978088379}
{"epoch": 10, "successful_updates": 980, "losses": {"task": 0.3136305660009384, "support_attention": 0.3561081737279892, "support_pre_tia": 0.41695941984653473, "support_post_tia": 0.41702815890312195, "full_task": 0.30099665373563766, "self_feature": 0.7595697939395905, "feature": 0.8082523345947266, "loss_actionness": 0.15957339107990265, "loss_transition": 0.5813993513584137, "loss_boundary": 5.4750455092289485e-05, "cost": 2.0558159351348877}, "peak_gib": 9.478775978088379}
{"epoch": 10, "successful_updates": 1000, "losses": {"task": 0.18445353861898184, "support_attention": 0.3131468892097473, "support_pre_tia": 0.38289691507816315, "support_post_tia": 0.37945152819156647, "full_task": 0.19637316837906837, "self_feature": 0.7264105677604675, "feature": 0.8514353334903717, "loss_actionness": 0.13702281937003136, "loss_transition": 0.5927200019359589, "loss_boundary": 0.0017765484226401895, "cost": 1.9272600412368774}, "peak_gib": 9.478775978088379}
validation subset: 211 videos, truncated as 792 windows.
09/15 02:52:22 - mmengine - WARNING - "FileClient" will be deprecated in future. Please use io functions in https://mmengine.readthedocs.io/en/latest/api/fileio.html#file-io
09/15 02:52:22 - mmengine - WARNING - "FileClient" will be deprecated in future. Please use io functions in https://mmengine.readthedocs.io/en/latest/api/fileio.html#file-io
09/15 02:52:22 - mmengine - WARNING - "HardDiskBackend" is the alias of "LocalBackend" and the former will be deprecated in future.
09/15 02:52:22 - mmengine - WARNING - "HardDiskBackend" is the alias of "LocalBackend" and the former will be deprecated in future.
graph_context_s_seed42 10: 1/792
graph_context_s_seed42 10: 101/792
graph_context_s_seed42 10: 201/792
graph_context_s_seed42 10: 301/792
graph_context_s_seed42 10: 401/792
graph_context_s_seed42 10: 501/792
slurmstepd: error: *** JOB 1290163 ON g0059 CANCELLED AT 2026-09-15T03:06:59 ***
