training subset: 200 videos
ViT's param: 21879936, Adapter's params: 1006860, ratio: 4.6%
Warning: no pretrain path is provided, the backbone will be randomly initialized, unless you have initialized the weights in the model.py.
freeze_backbone: False, norm_eval: False
ViT's param: 21879936, Adapter's params: 1006860, ratio: 4.6%
Warning: no pretrain path is provided, the backbone will be randomly initialized, unless you have initialized the weights in the model.py.
freeze_backbone: False, norm_eval: False
09/15 01:59:22 - mmengine - WARNING - "FileClient" will be deprecated in future. Please use io functions in https://mmengine.readthedocs.io/en/latest/api/fileio.html#file-io
09/15 01:59:22 - mmengine - WARNING - "FileClient" will be deprecated in future. Please use io functions in https://mmengine.readthedocs.io/en/latest/api/fileio.html#file-io
09/15 01:59:22 - mmengine - WARNING - "HardDiskBackend" is the alias of "LocalBackend" and the former will be deprecated in future.
09/15 01:59:22 - mmengine - WARNING - "HardDiskBackend" is the alias of "LocalBackend" and the former will be deprecated in future.
/data/run01/sczc063/yuzibo/conda_envs/opentad/lib/python3.10/site-packages/torch/nn/modules/conv.py:459: UserWarning: Applied workaround for CuDNN issue, install nvrtc.so (Triggered internally at /opt/conda/conda-bld/pytorch_1682343995026/work/aten/src/ATen/native/cudnn/Conv_v8.cpp:80.)
  return F.conv2d(input, weight, bias, self.stride,
{"epoch": 34, "successful_updates": 3380, "losses": {"task": 0.1269497536122799, "full_task": 0.1040862500667572, "self_feature": 0.48760567605495453, "feature": 0.6870339959859848, "loss_actionness": 0.22328508645296097, "loss_transition": 0.52558234333992, "loss_boundary": 3.085245225520339e-05, "cost": 1.6376641392707825}, "peak_gib": 8.300612449645996}
{"epoch": 34, "successful_updates": 3400, "losses": {"task": 0.596725583076477, "full_task": 0.4339630603790283, "self_feature": 0.6007305234670639, "feature": 0.8035202622413635, "loss_actionness": 0.11143256723880768, "loss_transition": 0.6308670043945312, "loss_boundary": 0.0012896268744952977, "cost": 2.312398910522461}, "peak_gib": 8.300612449645996}
09/15 02:02:23 - mmengine - WARNING - "FileClient" will be deprecated in future. Please use io functions in https://mmengine.readthedocs.io/en/latest/api/fileio.html#file-io
09/15 02:02:23 - mmengine - WARNING - "FileClient" will be deprecated in future. Please use io functions in https://mmengine.readthedocs.io/en/latest/api/fileio.html#file-io
09/15 02:02:23 - mmengine - WARNING - "HardDiskBackend" is the alias of "LocalBackend" and the former will be deprecated in future.
09/15 02:02:23 - mmengine - WARNING - "HardDiskBackend" is the alias of "LocalBackend" and the former will be deprecated in future.
{"epoch": 35, "successful_updates": 3420, "losses": {"task": 0.39746011793613434, "full_task": 0.2867291420698166, "self_feature": 0.5311935245990753, "feature": 0.7561160624027252, "loss_actionness": 0.20501826703548431, "loss_transition": 0.6225759387016296, "loss_boundary": 4.163392986811232e-05, "cost": 2.1060136556625366}, "peak_gib": 8.300612449645996}
{"epoch": 35, "successful_updates": 3440, "losses": {"task": 0.07707346230745316, "full_task": 0.07777063548564911, "self_feature": 0.7584024965763092, "feature": 0.9494288861751556, "loss_actionness": 0.13140106946229935, "loss_transition": 0.5955039858818054, "loss_boundary": 0.0008097074769466417, "cost": 1.849500060081482}, "peak_gib": 8.323583126068115}
{"epoch": 35, "successful_updates": 3460, "losses": {"task": 0.3150012791156769, "full_task": 0.27738090604543686, "self_feature": 0.29194384813308716, "feature": 0.41845856606960297, "loss_actionness": 0.22920529544353485, "loss_transition": 0.6644420921802521, "loss_boundary": 0.0031255854992195964, "cost": 1.7287724018096924}, "peak_gib": 8.323583126068115}
{"epoch": 35, "successful_updates": 3480, "losses": {"task": 0.7486725766211748, "full_task": 0.7030643224716187, "self_feature": 0.5357496440410614, "feature": 0.7170506119728088, "loss_actionness": 0.23718177527189255, "loss_transition": 0.6216752529144287, "loss_boundary": 0.00016140725529112387, "cost": 2.5540828108787537}, "peak_gib": 8.323583126068115}
{"epoch": 35, "successful_updates": 3500, "losses": {"task": 0.7750741988420486, "full_task": 0.6237568855285645, "self_feature": 0.6766820847988129, "feature": 0.8709480166435242, "loss_actionness": 0.15240338817238808, "loss_transition": 0.6701946556568146, "loss_boundary": 0.003613122389651835, "cost": 2.6958409547805786}, "peak_gib": 8.323583126068115}
09/15 02:09:25 - mmengine - WARNING - "FileClient" will be deprecated in future. Please use io functions in https://mmengine.readthedocs.io/en/latest/api/fileio.html#file-io
09/15 02:09:25 - mmengine - WARNING - "FileClient" will be deprecated in future. Please use io functions in https://mmengine.readthedocs.io/en/latest/api/fileio.html#file-io
09/15 02:09:25 - mmengine - WARNING - "HardDiskBackend" is the alias of "LocalBackend" and the former will be deprecated in future.
09/15 02:09:25 - mmengine - WARNING - "HardDiskBackend" is the alias of "LocalBackend" and the former will be deprecated in future.
{"epoch": 36, "successful_updates": 3520, "losses": {"task": 0.6212596744298935, "full_task": 0.5273242890834808, "self_feature": 0.5529815703630447, "feature": 0.7583917379379272, "loss_actionness": 0.14757854491472244, "loss_transition": 0.6460873484611511, "loss_boundary": 0.0019746818143175915, "cost": 2.362421214580536}, "peak_gib": 8.323583126068115}
{"epoch": 36, "successful_updates": 3540, "losses": {"task": 0.19720911979675293, "full_task": 0.14325186610221863, "self_feature": 0.589459091424942, "feature": 0.8684993088245392, "loss_actionness": 0.15097447484731674, "loss_transition": 0.6838775873184204, "loss_boundary": 3.0852450436213985e-05, "cost": 1.995350182056427}, "peak_gib": 8.323583126068115}
{"epoch": 36, "successful_updates": 3560, "losses": {"task": 0.11555096134543419, "full_task": 0.090273916721344, "self_feature": 0.6559620499610901, "feature": 0.8320170342922211, "loss_actionness": 0.11492650583386421, "loss_transition": 0.6123062372207642, "loss_boundary": 0.0013366210332605988, "cost": 1.7643019556999207}, "peak_gib": 8.323583126068115}
{"epoch": 36, "successful_updates": 3580, "losses": {"task": 0.2549765706062317, "full_task": 0.21799133345484734, "self_feature": 0.5757712125778198, "feature": 0.7652005851268768, "loss_actionness": 0.11861978471279144, "loss_transition": 0.6628624498844147, "loss_boundary": 0.002376033051405102, "cost": 1.9161103963851929}, "peak_gib": 8.333788871765137}
{"epoch": 36, "successful_updates": 3600, "losses": {"task": 0.08359333127737045, "full_task": 0.07682539150118828, "self_feature": 0.5798884034156799, "feature": 0.8354111611843109, "loss_actionness": 0.12094985693693161, "loss_transition": 0.657480001449585, "loss_boundary": 4.7719033318571746e-05, "cost": 1.7746771574020386}, "peak_gib": 8.333788871765137}
09/15 02:16:15 - mmengine - WARNING - "FileClient" will be deprecated in future. Please use io functions in https://mmengine.readthedocs.io/en/latest/api/fileio.html#file-io
09/15 02:16:15 - mmengine - WARNING - "FileClient" will be deprecated in future. Please use io functions in https://mmengine.readthedocs.io/en/latest/api/fileio.html#file-io
09/15 02:16:15 - mmengine - WARNING - "HardDiskBackend" is the alias of "LocalBackend" and the former will be deprecated in future.
09/15 02:16:15 - mmengine - WARNING - "HardDiskBackend" is the alias of "LocalBackend" and the former will be deprecated in future.
{"epoch": 37, "successful_updates": 3620, "losses": {"task": 0.6127000451087952, "full_task": 0.4913535378873348, "self_feature": 0.7058428227901459, "feature": 0.8729813694953918, "loss_actionness": 0.09645738080143929, "loss_transition": 0.5527011603116989, "loss_boundary": 0.002185572668167879, "cost": 2.3304481506347656}, "peak_gib": 8.333788871765137}
{"epoch": 37, "successful_updates": 3640, "losses": {"task": 0.08554516732692719, "full_task": 0.08807447552680969, "self_feature": 0.510202944278717, "feature": 0.676511138677597, "loss_actionness": 0.1320977583527565, "loss_transition": 0.6517756879329681, "loss_boundary": 0.0017151537467725575, "cost": 1.6206837892532349}, "peak_gib": 8.333788871765137}
{"epoch": 37, "successful_updates": 3660, "losses": {"task": 0.09688190370798111, "full_task": 0.07629803195595741, "self_feature": 0.4392521381378174, "feature": 0.6265834271907806, "loss_actionness": 0.10526066273450851, "loss_transition": 0.6460224390029907, "loss_boundary": 3.085244679823518e-05, "cost": 1.5377789735794067}, "peak_gib": 8.333788871765137}
{"epoch": 37, "successful_updates": 3680, "losses": {"task": 0.8332668244838715, "full_task": 0.5752282738685608, "self_feature": 0.7783709764480591, "feature": 1.004770040512085, "loss_actionness": 0.14590226858854294, "loss_transition": 0.671870619058609, "loss_boundary": 0.00423946650698781, "cost": 2.881693482398987}, "peak_gib": 8.333788871765137}
{"epoch": 37, "successful_updates": 3700, "losses": {"task": 0.2905763313174248, "full_task": 0.24518117308616638, "self_feature": 0.5126766115427017, "feature": 0.6859293282032013, "loss_actionness": 0.12533621490001678, "loss_transition": 0.6566360592842102, "loss_boundary": 0.0023220512084662914, "cost": 1.873362958431244}, "peak_gib": 8.333788871765137}
09/15 02:22:54 - mmengine - WARNING - "FileClient" will be deprecated in future. Please use io functions in https://mmengine.readthedocs.io/en/latest/api/fileio.html#file-io
09/15 02:22:54 - mmengine - WARNING - "FileClient" will be deprecated in future. Please use io functions in https://mmengine.readthedocs.io/en/latest/api/fileio.html#file-io
09/15 02:22:54 - mmengine - WARNING - "HardDiskBackend" is the alias of "LocalBackend" and the former will be deprecated in future.
09/15 02:22:54 - mmengine - WARNING - "HardDiskBackend" is the alias of "LocalBackend" and the former will be deprecated in future.
{"epoch": 38, "successful_updates": 3720, "losses": {"task": 0.10417623817920685, "full_task": 0.0527378860861063, "self_feature": 0.45042355358600616, "feature": 0.6326756775379181, "loss_actionness": 0.15723349153995514, "loss_transition": 0.5828527212142944, "loss_boundary": 3.0852450436213985e-05, "cost": 1.535195767879486}, "peak_gib": 8.333788871765137}
{"epoch": 38, "successful_updates": 3740, "losses": {"task": 0.7662473022937775, "full_task": 0.7330184280872345, "self_feature": 0.718725174665451, "feature": 0.8992424607276917, "loss_actionness": 0.13670004159212112, "loss_transition": 0.6295757591724396, "loss_boundary": 0.0017758790199877694, "cost": 2.6886684894561768}, "peak_gib": 8.333788871765137}
{"epoch": 38, "successful_updates": 3760, "losses": {"task": 0.08905719220638275, "full_task": 0.1112092062830925, "self_feature": 0.6483708918094635, "feature": 0.8389093577861786, "loss_actionness": 0.1594105213880539, "loss_transition": 0.6380917727947235, "loss_boundary": 0.0018914175452664495, "cost": 1.819999635219574}, "peak_gib": 8.333788871765137}
{"epoch": 38, "successful_updates": 3780, "losses": {"task": 0.4739586114883423, "full_task": 0.34485311806201935, "self_feature": 0.532212421298027, "feature": 0.7210944592952728, "loss_actionness": 0.11956579238176346, "loss_transition": 0.6396690011024475, "loss_boundary": 3.085245225520339e-05, "cost": 2.0937530994415283}, "peak_gib": 8.333788871765137}
{"epoch": 38, "successful_updates": 3800, "losses": {"task": 0.23026073724031448, "full_task": 0.25490399450063705, "self_feature": 0.4946340322494507, "feature": 0.6111405193805695, "loss_actionness": 0.2051066905260086, "loss_transition": 0.6408203840255737, "loss_boundary": 0.0038463216042146087, "cost": 1.8043640851974487}, "peak_gib": 8.333788871765137}
09/15 02:29:32 - mmengine - WARNING - "FileClient" will be deprecated in future. Please use io functions in https://mmengine.readthedocs.io/en/latest/api/fileio.html#file-io
09/15 02:29:32 - mmengine - WARNING - "HardDiskBackend" is the alias of "LocalBackend" and the former will be deprecated in future.
09/15 02:29:32 - mmengine - WARNING - "FileClient" will be deprecated in future. Please use io functions in https://mmengine.readthedocs.io/en/latest/api/fileio.html#file-io
09/15 02:29:32 - mmengine - WARNING - "HardDiskBackend" is the alias of "LocalBackend" and the former will be deprecated in future.
{"epoch": 39, "successful_updates": 3820, "losses": {"task": 0.5757517069578171, "full_task": 0.5178384631872177, "self_feature": 0.6958374381065369, "feature": 0.9083786308765411, "loss_actionness": 0.15359222888946533, "loss_transition": 0.6729716062545776, "loss_boundary": 0.00309101736638695, "cost": 2.5128285884857178}, "peak_gib": 8.333788871765137}
{"epoch": 39, "successful_updates": 3840, "losses": {"task": 0.09219120442867279, "full_task": 0.09873799979686737, "self_feature": 0.5184907466173172, "feature": 0.672515407204628, "loss_actionness": 0.15358085930347443, "loss_transition": 0.6337760090827942, "loss_boundary": 3.085245407419279e-05, "cost": 1.628627896308899}, "peak_gib": 8.363925457000732}
{"epoch": 39, "successful_updates": 3860, "losses": {"task": 0.2880306988954544, "full_task": 0.20028702169656754, "self_feature": 0.5120434463024139, "feature": 0.6850695013999939, "loss_actionness": 0.14838648587465286, "loss_transition": 0.6120887398719788, "loss_boundary": 0.00017527912496007048, "cost": 1.835026741027832}, "peak_gib": 8.363925457000732}
{"epoch": 39, "successful_updates": 3880, "losses": {"task": 1.0632310807704926, "full_task": 1.1099868714809418, "self_feature": 0.5221181064844131, "feature": 0.666154682636261, "loss_actionness": 0.2201123684644699, "loss_transition": 0.6682818531990051, "loss_boundary": 0.0031556386966258287, "cost": 2.9506442546844482}, "peak_gib": 8.363925457000732}
{"epoch": 39, "successful_updates": 3900, "losses": {"task": 0.4161776304244995, "full_task": 0.36797143146395683, "self_feature": 0.6158636212348938, "feature": 0.8264626562595367, "loss_actionness": 0.14739815145730972, "loss_transition": 0.633473664522171, "loss_boundary": 3.0852450436213985e-05, "cost": 2.1771220564842224}, "peak_gib": 8.363925457000732}
09/15 02:36:18 - mmengine - WARNING - "FileClient" will be deprecated in future. Please use io functions in https://mmengine.readthedocs.io/en/latest/api/fileio.html#file-io
09/15 02:36:18 - mmengine - WARNING - "FileClient" will be deprecated in future. Please use io functions in https://mmengine.readthedocs.io/en/latest/api/fileio.html#file-io
09/15 02:36:18 - mmengine - WARNING - "HardDiskBackend" is the alias of "LocalBackend" and the former will be deprecated in future.
09/15 02:36:18 - mmengine - WARNING - "HardDiskBackend" is the alias of "LocalBackend" and the former will be deprecated in future.
{"epoch": 40, "successful_updates": 3920, "losses": {"task": 0.6825788915157318, "full_task": 0.4908568263053894, "self_feature": 0.8456836044788361, "feature": 1.1158586740493774, "loss_actionness": 0.18786615878343582, "loss_transition": 0.6532160639762878, "loss_boundary": 0.0024406486190855503, "cost": 2.8492431640625}, "peak_gib": 8.363925457000732}
{"epoch": 40, "successful_updates": 3940, "losses": {"task": 0.24923545122146606, "full_task": 0.23158352077007294, "self_feature": 0.7716868817806244, "feature": 1.007987529039383, "loss_actionness": 0.1683405339717865, "loss_transition": 0.6605968773365021, "loss_boundary": 0.002675685449503362, "cost": 2.22390079498291}, "peak_gib": 8.363925457000732}
{"epoch": 40, "successful_updates": 3960, "losses": {"task": 0.47049151360988617, "full_task": 0.4167263060808182, "self_feature": 0.4992837756872177, "feature": 0.6966593563556671, "loss_actionness": 0.13488514721393585, "loss_transition": 0.675590991973877, "loss_boundary": 3.490053677523974e-05, "cost": 2.1317718625068665}, "peak_gib": 8.363925457000732}
{"epoch": 40, "successful_updates": 3980, "losses": {"task": 0.6910826191306114, "full_task": 0.556182011961937, "self_feature": 0.7906423509120941, "feature": 0.9678375720977783, "loss_actionness": 0.1316925212740898, "loss_transition": 0.6646575331687927, "loss_boundary": 0.0031280615366995335, "cost": 2.676508069038391}, "peak_gib": 8.363925457000732}
{"epoch": 40, "successful_updates": 4000, "losses": {"task": 0.07394183240830898, "full_task": 0.0972579624503851, "self_feature": 0.6768649816513062, "feature": 0.8453668653964996, "loss_actionness": 0.11189978569746017, "loss_transition": 0.6567683219909668, "loss_boundary": 0.0025558420456945896, "cost": 1.7825337648391724}, "peak_gib": 8.363925457000732}
validation subset: 211 videos, truncated as 792 windows.
09/15 02:42:55 - mmengine - WARNING - "FileClient" will be deprecated in future. Please use io functions in https://mmengine.readthedocs.io/en/latest/api/fileio.html#file-io
09/15 02:42:55 - mmengine - WARNING - "FileClient" will be deprecated in future. Please use io functions in https://mmengine.readthedocs.io/en/latest/api/fileio.html#file-io
09/15 02:42:55 - mmengine - WARNING - "HardDiskBackend" is the alias of "LocalBackend" and the former will be deprecated in future.
09/15 02:42:55 - mmengine - WARNING - "HardDiskBackend" is the alias of "LocalBackend" and the former will be deprecated in future.
thumos_s_point_full_seed42 40: 1/792
thumos_s_point_full_seed42 40: 101/792
thumos_s_point_full_seed42 40: 201/792
thumos_s_point_full_seed42 40: 301/792
thumos_s_point_full_seed42 40: 401/792
thumos_s_point_full_seed42 40: 501/792
thumos_s_point_full_seed42 40: 601/792
thumos_s_point_full_seed42 40: 701/792
{'average_mAP': 0.6449011541077192, 'mAP@0.3': 0.7960781276872216, 'mAP@0.4': 0.7413819644546098, 'mAP@0.5': 0.6818599324109113, 'mAP@0.6': 0.5730531014536381, 'mAP@0.7': 0.4321326445322147}
09/15 03:05:31 - mmengine - WARNING - "FileClient" will be deprecated in future. Please use io functions in https://mmengine.readthedocs.io/en/latest/api/fileio.html#file-io
09/15 03:05:31 - mmengine - WARNING - "FileClient" will be deprecated in future. Please use io functions in https://mmengine.readthedocs.io/en/latest/api/fileio.html#file-io
09/15 03:05:31 - mmengine - WARNING - "HardDiskBackend" is the alias of "LocalBackend" and the former will be deprecated in future.
09/15 03:05:31 - mmengine - WARNING - "HardDiskBackend" is the alias of "LocalBackend" and the former will be deprecated in future.
