training subset: 200 videos
ViT's param: 86227200, Adapter's params: 4004364, ratio: 4.6%
Warning: no pretrain path is provided, the backbone will be randomly initialized, unless you have initialized the weights in the model.py.
freeze_backbone: False, norm_eval: False
ViT's param: 86227200, Adapter's params: 4004364, ratio: 4.6%
Warning: no pretrain path is provided, the backbone will be randomly initialized, unless you have initialized the weights in the model.py.
freeze_backbone: False, norm_eval: False
09/15 02:00:30 - mmengine - WARNING - "FileClient" will be deprecated in future. Please use io functions in https://mmengine.readthedocs.io/en/latest/api/fileio.html#file-io
09/15 02:00:30 - mmengine - WARNING - "FileClient" will be deprecated in future. Please use io functions in https://mmengine.readthedocs.io/en/latest/api/fileio.html#file-io
09/15 02:00:30 - mmengine - WARNING - "HardDiskBackend" is the alias of "LocalBackend" and the former will be deprecated in future.
09/15 02:00:30 - mmengine - WARNING - "HardDiskBackend" is the alias of "LocalBackend" and the former will be deprecated in future.
/data/run01/sczc063/yuzibo/conda_envs/opentad/lib/python3.10/site-packages/torch/nn/modules/conv.py:459: UserWarning: Applied workaround for CuDNN issue, install nvrtc.so (Triggered internally at /opt/conda/conda-bld/pytorch_1682343995026/work/aten/src/ATen/native/cudnn/Conv_v8.cpp:80.)
  return F.conv2d(input, weight, bias, self.stride,
{"epoch": 30, "successful_updates": 2920, "losses": {"task": 0.20224571973085403, "full_task": 0.15993669629096985, "self_feature": 0.8639384508132935, "feature": 1.06930810213089, "loss_actionness": 0.15859680622816086, "loss_transition": 0.660100132226944, "loss_boundary": 0.002875681617297232, "cost": 2.219504475593567}, "peak_gib": 10.226778507232666}
{"epoch": 30, "successful_updates": 2940, "losses": {"task": 0.37826669216156006, "full_task": 0.3392196595668793, "self_feature": 0.7658135890960693, "feature": 1.1234698295593262, "loss_actionness": 0.11709193140268326, "loss_transition": 0.6572049558162689, "loss_boundary": 5.603097997664008e-05, "cost": 2.4374756813049316}, "peak_gib": 14.437214851379395}
{"epoch": 30, "successful_updates": 2960, "losses": {"task": 0.494775153696537, "full_task": 0.4111381284892559, "self_feature": 1.0777709782123566, "feature": 1.31333327293396, "loss_actionness": 0.17375820875167847, "loss_transition": 0.6590377688407898, "loss_boundary": 0.0026567899622023106, "cost": 2.8541229963302612}, "peak_gib": 14.437214851379395}
{"epoch": 30, "successful_updates": 2980, "losses": {"task": 0.13564568012952805, "full_task": 0.15205762535333633, "self_feature": 0.6698125898838043, "feature": 0.8530257940292358, "loss_actionness": 0.16385331749916077, "loss_transition": 0.6387220621109009, "loss_boundary": 0.0015774738203617744, "cost": 1.8978199362754822}, "peak_gib": 14.437214851379395}
{"epoch": 30, "successful_updates": 3000, "losses": {"task": 0.4702143035829067, "full_task": 0.44380513951182365, "self_feature": 0.6684943437576294, "feature": 0.9539170265197754, "loss_actionness": 0.12831514328718185, "loss_transition": 0.5996258854866028, "loss_boundary": 8.750413144298363e-05, "cost": 2.329960525035858}, "peak_gib": 14.437214851379395}
09/15 02:06:50 - mmengine - WARNING - "FileClient" will be deprecated in future. Please use io functions in https://mmengine.readthedocs.io/en/latest/api/fileio.html#file-io
09/15 02:06:50 - mmengine - WARNING - "FileClient" will be deprecated in future. Please use io functions in https://mmengine.readthedocs.io/en/latest/api/fileio.html#file-io
09/15 02:06:50 - mmengine - WARNING - "HardDiskBackend" is the alias of "LocalBackend" and the former will be deprecated in future.
09/15 02:06:50 - mmengine - WARNING - "HardDiskBackend" is the alias of "LocalBackend" and the former will be deprecated in future.
{"epoch": 31, "successful_updates": 3020, "losses": {"task": 0.6332365274429321, "full_task": 0.4447326362133026, "self_feature": 0.7849968373775482, "feature": 0.9725869596004486, "loss_actionness": 0.10722144693136215, "loss_transition": 0.6677684783935547, "loss_boundary": 0.0033115671249106526, "cost": 2.573807716369629}, "peak_gib": 14.437214851379395}
{"epoch": 31, "successful_updates": 3040, "losses": {"task": 0.31653523445129395, "full_task": 0.298430398106575, "self_feature": 0.5947028696537018, "feature": 0.9065777063369751, "loss_actionness": 0.1409911885857582, "loss_transition": 0.6143072843551636, "loss_boundary": 0.0016627256118226796, "cost": 2.1141521334648132}, "peak_gib": 14.437214851379395}
{"epoch": 31, "successful_updates": 3060, "losses": {"task": 0.3665676787495613, "full_task": 0.3417088985443115, "self_feature": 0.777773380279541, "feature": 1.0708726644515991, "loss_actionness": 0.14287922531366348, "loss_transition": 0.6622190475463867, "loss_boundary": 3.0852450436213985e-05, "cost": 2.4057739973068237}, "peak_gib": 14.437214851379395}
{"epoch": 31, "successful_updates": 3080, "losses": {"task": 0.2263438142836094, "full_task": 0.11648793518543243, "self_feature": 1.0821874737739563, "feature": 1.3116213083267212, "loss_actionness": 0.15348165482282639, "loss_transition": 0.6625173091888428, "loss_boundary": 0.00306103378534317, "cost": 2.4943658113479614}, "peak_gib": 14.437214851379395}
{"epoch": 31, "successful_updates": 3100, "losses": {"task": 0.14155548810958862, "full_task": 0.13969989866018295, "self_feature": 0.25782210379838943, "feature": 0.6040133982896805, "loss_actionness": 0.13809281587600708, "loss_transition": 0.49036090075969696, "loss_boundary": 3.0852450436213985e-05, "cost": 1.4347606897354126}, "peak_gib": 14.437214851379395}
09/15 02:13:47 - mmengine - WARNING - "FileClient" will be deprecated in future. Please use io functions in https://mmengine.readthedocs.io/en/latest/api/fileio.html#file-io
09/15 02:13:47 - mmengine - WARNING - "FileClient" will be deprecated in future. Please use io functions in https://mmengine.readthedocs.io/en/latest/api/fileio.html#file-io
09/15 02:13:47 - mmengine - WARNING - "HardDiskBackend" is the alias of "LocalBackend" and the former will be deprecated in future.
09/15 02:13:47 - mmengine - WARNING - "HardDiskBackend" is the alias of "LocalBackend" and the former will be deprecated in future.
{"epoch": 32, "successful_updates": 3120, "losses": {"task": 0.10678859800100327, "full_task": 0.07742638047784567, "self_feature": 0.8466959595680237, "feature": 1.1494019031524658, "loss_actionness": 0.11598876118659973, "loss_transition": 0.6430028975009918, "loss_boundary": 3.085244861722458e-05, "cost": 2.1192392110824585}, "peak_gib": 14.551721572875977}
{"epoch": 32, "successful_updates": 3140, "losses": {"task": 0.13402140513062477, "full_task": 0.13937277533113956, "self_feature": 1.0328192114830017, "feature": 1.2196646332740784, "loss_actionness": 0.1323956996202469, "loss_transition": 0.6527106165885925, "loss_boundary": 0.0017534875660203397, "cost": 2.2786710262298584}, "peak_gib": 14.551721572875977}
{"epoch": 32, "successful_updates": 3160, "losses": {"task": 0.16227086633443832, "full_task": 0.13676340878009796, "self_feature": 0.49150386452674866, "feature": 0.7476388514041901, "loss_actionness": 0.12483304738998413, "loss_transition": 0.6179420351982117, "loss_boundary": 0.0014450415346800582, "cost": 1.737471103668213}, "peak_gib": 14.551721572875977}
{"epoch": 32, "successful_updates": 3180, "losses": {"task": 0.2772636115550995, "full_task": 0.27097266912460327, "self_feature": 0.8679206669330597, "feature": 1.0475613474845886, "loss_actionness": 0.17151202633976936, "loss_transition": 0.5434952676296234, "loss_boundary": 3.0852450436213985e-05, "cost": 2.19439834356308}, "peak_gib": 14.551721572875977}
{"epoch": 32, "successful_updates": 3200, "losses": {"task": 0.2891673408448696, "full_task": 0.20639599859714508, "self_feature": 1.1235302686691284, "feature": 1.356604814529419, "loss_actionness": 0.12190112099051476, "loss_transition": 0.659943699836731, "loss_boundary": 0.002811788464896381, "cost": 2.5943808555603027}, "peak_gib": 14.551721572875977}
09/15 02:20:37 - mmengine - WARNING - "FileClient" will be deprecated in future. Please use io functions in https://mmengine.readthedocs.io/en/latest/api/fileio.html#file-io
09/15 02:20:37 - mmengine - WARNING - "FileClient" will be deprecated in future. Please use io functions in https://mmengine.readthedocs.io/en/latest/api/fileio.html#file-io
09/15 02:20:37 - mmengine - WARNING - "HardDiskBackend" is the alias of "LocalBackend" and the former will be deprecated in future.
09/15 02:20:37 - mmengine - WARNING - "HardDiskBackend" is the alias of "LocalBackend" and the former will be deprecated in future.
{"epoch": 33, "successful_updates": 3220, "losses": {"task": 0.17270486056804657, "full_task": 0.1511034518480301, "self_feature": 0.5353155061602592, "feature": 0.7536196410655975, "loss_actionness": 0.14876443892717361, "loss_transition": 0.5842095613479614, "loss_boundary": 0.0015434376255143434, "cost": 1.7521494030952454}, "peak_gib": 14.551721572875977}
{"epoch": 33, "successful_updates": 3240, "losses": {"task": 0.03888463135808706, "full_task": 0.03590565826743841, "self_feature": 0.7091841101646423, "feature": 0.9664681255817413, "loss_actionness": 0.13004393875598907, "loss_transition": 0.6600973308086395, "loss_boundary": 3.085244679823518e-05, "cost": 1.875419795513153}, "peak_gib": 14.551721572875977}
{"epoch": 33, "successful_updates": 3260, "losses": {"task": 0.11775167658925056, "full_task": 0.08060902170836926, "self_feature": 0.847543478012085, "feature": 0.9997644424438477, "loss_actionness": 0.13796263188123703, "loss_transition": 0.6661022007465363, "loss_boundary": 0.0030801270622760057, "cost": 2.02956759929657}, "peak_gib": 14.551721572875977}
{"epoch": 33, "successful_updates": 3280, "losses": {"task": 0.17626942694187164, "full_task": 0.15001185983419418, "self_feature": 0.3965066000819206, "feature": 0.6572247743606567, "loss_actionness": 0.15116488933563232, "loss_transition": 0.6294366717338562, "loss_boundary": 0.001516699354397133, "cost": 1.6927660703659058}, "peak_gib": 14.551721572875977}
{"epoch": 33, "successful_updates": 3300, "losses": {"task": 0.5140177309513092, "full_task": 0.45792292058467865, "self_feature": 0.7450615167617798, "feature": 1.022796392440796, "loss_actionness": 0.1516295224428177, "loss_transition": 0.6649223268032074, "loss_boundary": 3.085245407419279e-05, "cost": 2.5423836708068848}, "peak_gib": 14.551721572875977}
09/15 02:27:25 - mmengine - WARNING - "FileClient" will be deprecated in future. Please use io functions in https://mmengine.readthedocs.io/en/latest/api/fileio.html#file-io
09/15 02:27:25 - mmengine - WARNING - "FileClient" will be deprecated in future. Please use io functions in https://mmengine.readthedocs.io/en/latest/api/fileio.html#file-io
09/15 02:27:25 - mmengine - WARNING - "HardDiskBackend" is the alias of "LocalBackend" and the former will be deprecated in future.
09/15 02:27:25 - mmengine - WARNING - "HardDiskBackend" is the alias of "LocalBackend" and the former will be deprecated in future.
{"epoch": 34, "successful_updates": 3320, "losses": {"task": 2.199959874153137, "full_task": 1.5502787828445435, "self_feature": 1.2169834971427917, "feature": 1.4999148845672607, "loss_actionness": 0.1579485647380352, "loss_transition": 0.6680351495742798, "loss_boundary": 0.0033307750709354877, "cost": 5.03845739364624}, "peak_gib": 14.726995468139648}
{"epoch": 34, "successful_updates": 3340, "losses": {"task": 0.545539453625679, "full_task": 0.509260505437851, "self_feature": 0.8206710815429688, "feature": 1.0156834423542023, "loss_actionness": 0.13755374401807785, "loss_transition": 0.6645486950874329, "loss_boundary": 0.0028808932984247804, "cost": 2.5755884647369385}, "peak_gib": 14.726995468139648}
{"epoch": 34, "successful_updates": 3360, "losses": {"task": 0.17489472776651382, "full_task": 0.1259055733680725, "self_feature": 0.7252725660800934, "feature": 0.9796075224876404, "loss_actionness": 0.12874915450811386, "loss_transition": 0.6105376183986664, "loss_boundary": 7.168249067035504e-05, "cost": 1.9978644251823425}, "peak_gib": 14.72793197631836}
{"epoch": 34, "successful_updates": 3380, "losses": {"task": 0.1325359521433711, "full_task": 0.07987407874315977, "self_feature": 0.7677128612995148, "feature": 0.9922464787960052, "loss_actionness": 0.20867305248975754, "loss_transition": 0.5252620279788971, "loss_boundary": 3.085245225520339e-05, "cost": 1.9554882049560547}, "peak_gib": 14.72793197631836}
{"epoch": 34, "successful_updates": 3400, "losses": {"task": 0.4604500085115433, "full_task": 0.42751678824424744, "self_feature": 0.769180029630661, "feature": 0.9797872304916382, "loss_actionness": 0.11283693090081215, "loss_transition": 0.6530794501304626, "loss_boundary": 0.0018357326043769717, "cost": 2.391786575317383}, "peak_gib": 14.72793197631836}
09/15 02:34:11 - mmengine - WARNING - "FileClient" will be deprecated in future. Please use io functions in https://mmengine.readthedocs.io/en/latest/api/fileio.html#file-io
09/15 02:34:11 - mmengine - WARNING - "FileClient" will be deprecated in future. Please use io functions in https://mmengine.readthedocs.io/en/latest/api/fileio.html#file-io
09/15 02:34:11 - mmengine - WARNING - "HardDiskBackend" is the alias of "LocalBackend" and the former will be deprecated in future.
09/15 02:34:11 - mmengine - WARNING - "HardDiskBackend" is the alias of "LocalBackend" and the former will be deprecated in future.
{"epoch": 35, "successful_updates": 3420, "losses": {"task": 0.3884994089603424, "full_task": 0.29851993918418884, "self_feature": 0.7812047004699707, "feature": 1.0242967307567596, "loss_actionness": 0.20067010074853897, "loss_transition": 0.6208243668079376, "loss_boundary": 4.163392986811232e-05, "cost": 2.3870826959609985}, "peak_gib": 14.72793197631836}
{"epoch": 35, "successful_updates": 3440, "losses": {"task": 0.05968368053436279, "full_task": 0.07200984470546246, "self_feature": 0.8743242621421814, "feature": 1.0631073713302612, "loss_actionness": 0.13066045194864273, "loss_transition": 0.606620579957962, "loss_boundary": 0.0009256255307263928, "cost": 1.9664326310157776}, "peak_gib": 14.72793197631836}
{"epoch": 35, "successful_updates": 3460, "losses": {"task": 0.3181268647313118, "full_task": 0.29161758720874786, "self_feature": 0.46930031478405, "feature": 0.6231406927108765, "loss_actionness": 0.2271772250533104, "loss_transition": 0.6585048139095306, "loss_boundary": 0.003240338759496808, "cost": 1.9500242471694946}, "peak_gib": 14.72793197631836}
{"epoch": 35, "successful_updates": 3480, "losses": {"task": 0.7050862610340118, "full_task": 0.6450087912380695, "self_feature": 0.7944855690002441, "feature": 0.9955616593360901, "loss_actionness": 0.23660866916179657, "loss_transition": 0.6263962090015411, "loss_boundary": 0.00016140725529112387, "cost": 2.8045149445533752}, "peak_gib": 14.72793197631836}
{"epoch": 35, "successful_updates": 3500, "losses": {"task": 0.7532259523868561, "full_task": 0.5951865911483765, "self_feature": 0.9040013551712036, "feature": 1.1105555891990662, "loss_actionness": 0.15252768993377686, "loss_transition": 0.6638477742671967, "loss_boundary": 0.0031773728551343083, "cost": 2.922531247138977}, "peak_gib": 14.72793197631836}
09/15 02:41:03 - mmengine - WARNING - "FileClient" will be deprecated in future. Please use io functions in https://mmengine.readthedocs.io/en/latest/api/fileio.html#file-io
09/15 02:41:03 - mmengine - WARNING - "FileClient" will be deprecated in future. Please use io functions in https://mmengine.readthedocs.io/en/latest/api/fileio.html#file-io
09/15 02:41:03 - mmengine - WARNING - "HardDiskBackend" is the alias of "LocalBackend" and the former will be deprecated in future.
09/15 02:41:03 - mmengine - WARNING - "HardDiskBackend" is the alias of "LocalBackend" and the former will be deprecated in future.
{"epoch": 36, "successful_updates": 3520, "losses": {"task": 0.4941142424941063, "full_task": 0.44597215950489044, "self_feature": 0.7969449460506439, "feature": 1.0208138227462769, "loss_actionness": 0.14664092659950256, "loss_transition": 0.6390135586261749, "loss_boundary": 0.0016300094430334866, "cost": 2.493399918079376}, "peak_gib": 14.72793197631836}
{"epoch": 36, "successful_updates": 3540, "losses": {"task": 0.18156228959560394, "full_task": 0.15894141793251038, "self_feature": 0.8042031526565552, "feature": 1.1751676797866821, "loss_actionness": 0.15349308401346207, "loss_transition": 0.6669323742389679, "loss_boundary": 3.0852450436213985e-05, "cost": 2.297341823577881}, "peak_gib": 14.72793197631836}
{"epoch": 36, "successful_updates": 3560, "losses": {"task": 0.10839938186109066, "full_task": 0.09706036373972893, "self_feature": 0.8984130024909973, "feature": 1.129339188337326, "loss_actionness": 0.11528056487441063, "loss_transition": 0.6083353161811829, "loss_boundary": 0.0013534293102566153, "cost": 2.076814353466034}, "peak_gib": 14.72793197631836}
{"epoch": 36, "successful_updates": 3580, "losses": {"task": 0.23414963483810425, "full_task": 0.2275390475988388, "self_feature": 0.7406034171581268, "feature": 0.9776949882507324, "loss_actionness": 0.12145077437162399, "loss_transition": 0.6503804326057434, "loss_boundary": 0.0015990140964277089, "cost": 2.1162198781967163}, "peak_gib": 14.72793197631836}
{"epoch": 36, "successful_updates": 3600, "losses": {"task": 0.07325720600783825, "full_task": 0.07446116954088211, "self_feature": 0.7417967617511749, "feature": 1.002273142337799, "loss_actionness": 0.12440746650099754, "loss_transition": 0.643375426530838, "loss_boundary": 4.7719033318571746e-05, "cost": 1.9361558556556702}, "peak_gib": 14.72793197631836}
09/15 02:47:57 - mmengine - WARNING - "FileClient" will be deprecated in future. Please use io functions in https://mmengine.readthedocs.io/en/latest/api/fileio.html#file-io
09/15 02:47:57 - mmengine - WARNING - "FileClient" will be deprecated in future. Please use io functions in https://mmengine.readthedocs.io/en/latest/api/fileio.html#file-io
09/15 02:47:57 - mmengine - WARNING - "HardDiskBackend" is the alias of "LocalBackend" and the former will be deprecated in future.
09/15 02:47:57 - mmengine - WARNING - "HardDiskBackend" is the alias of "LocalBackend" and the former will be deprecated in future.
{"epoch": 37, "successful_updates": 3620, "losses": {"task": 0.5783684104681015, "full_task": 0.45684850215911865, "self_feature": 1.022459238767624, "feature": 1.2280216217041016, "loss_actionness": 0.10289780795574188, "loss_transition": 0.5411309152841568, "loss_boundary": 0.0014801789384364383, "cost": 2.668357014656067}, "peak_gib": 14.72793197631836}
{"epoch": 37, "successful_updates": 3640, "losses": {"task": 0.09543759748339653, "full_task": 0.08383874967694283, "self_feature": 0.7133912444114685, "feature": 0.9237283766269684, "loss_actionness": 0.1341262012720108, "loss_transition": 0.6514308154582977, "loss_boundary": 0.0018937066197395325, "cost": 1.8989155888557434}, "peak_gib": 14.72793197631836}
{"epoch": 37, "successful_updates": 3660, "losses": {"task": 0.10710973665118217, "full_task": 0.08088740333914757, "self_feature": 0.6532256901264191, "feature": 0.9236764907836914, "loss_actionness": 0.10243355855345726, "loss_transition": 0.6607264578342438, "loss_boundary": 3.085244679823518e-05, "cost": 1.8795215487480164}, "peak_gib": 14.72793197631836}
{"epoch": 37, "successful_updates": 3680, "losses": {"task": 0.7605406120419502, "full_task": 0.4504365026950836, "self_feature": 1.0507153272628784, "feature": 1.27314293384552, "loss_actionness": 0.14810854569077492, "loss_transition": 0.6646551787853241, "loss_boundary": 0.0034313227515667677, "cost": 3.067559242248535}, "peak_gib": 14.72793197631836}
{"epoch": 37, "successful_updates": 3700, "losses": {"task": 0.2638136148452759, "full_task": 0.21478810906410217, "self_feature": 0.7103768587112427, "feature": 0.9057601392269135, "loss_actionness": 0.12914107739925385, "loss_transition": 0.6660231053829193, "loss_boundary": 0.0030055224196985364, "cost": 2.0924782156944275}, "peak_gib": 14.72793197631836}
09/15 02:54:38 - mmengine - WARNING - "FileClient" will be deprecated in future. Please use io functions in https://mmengine.readthedocs.io/en/latest/api/fileio.html#file-io
09/15 02:54:38 - mmengine - WARNING - "FileClient" will be deprecated in future. Please use io functions in https://mmengine.readthedocs.io/en/latest/api/fileio.html#file-io
09/15 02:54:38 - mmengine - WARNING - "HardDiskBackend" is the alias of "LocalBackend" and the former will be deprecated in future.
09/15 02:54:38 - mmengine - WARNING - "HardDiskBackend" is the alias of "LocalBackend" and the former will be deprecated in future.
{"epoch": 38, "successful_updates": 3720, "losses": {"task": 0.04423154518008232, "full_task": 0.04364827647805214, "self_feature": 0.6450038254261017, "feature": 0.879336804151535, "loss_actionness": 0.16075512021780014, "loss_transition": 0.5850248038768768, "loss_boundary": 3.0852450436213985e-05, "cost": 1.7447916269302368}, "peak_gib": 14.72793197631836}
{"epoch": 38, "successful_updates": 3740, "losses": {"task": 0.7547048926353455, "full_task": 0.6605323553085327, "self_feature": 0.9712160229682922, "feature": 1.1898757219314575, "loss_actionness": 0.14113306254148483, "loss_transition": 0.6277858316898346, "loss_boundary": 0.0015697174821980298, "cost": 2.9773237705230713}, "peak_gib": 14.72793197631836}
{"epoch": 38, "successful_updates": 3760, "losses": {"task": 0.15170196443796158, "full_task": 0.108279287815094, "self_feature": 0.8544877767562866, "feature": 1.0416248440742493, "loss_actionness": 0.1541776955127716, "loss_transition": 0.6516443192958832, "loss_boundary": 0.002362172002904117, "cost": 2.1140296459198}, "peak_gib": 14.72793197631836}
{"epoch": 38, "successful_updates": 3780, "losses": {"task": 0.40912267565727234, "full_task": 0.3558528423309326, "self_feature": 0.698893278837204, "feature": 0.9222759902477264, "loss_actionness": 0.12125037238001823, "loss_transition": 0.6528075933456421, "loss_boundary": 3.085245225520339e-05, "cost": 2.2643399238586426}, "peak_gib": 14.72793197631836}
{"epoch": 38, "successful_updates": 3800, "losses": {"task": 0.2375286966562271, "full_task": 0.20967113226652145, "self_feature": 0.6976325511932373, "feature": 0.9065945148468018, "loss_actionness": 0.2017061561346054, "loss_transition": 0.6489322185516357, "loss_boundary": 0.0053224326111376286, "cost": 2.122265040874481}, "peak_gib": 14.72793197631836}
09/15 03:01:25 - mmengine - WARNING - "FileClient" will be deprecated in future. Please use io functions in https://mmengine.readthedocs.io/en/latest/api/fileio.html#file-io
09/15 03:01:25 - mmengine - WARNING - "FileClient" will be deprecated in future. Please use io functions in https://mmengine.readthedocs.io/en/latest/api/fileio.html#file-io
09/15 03:01:25 - mmengine - WARNING - "HardDiskBackend" is the alias of "LocalBackend" and the former will be deprecated in future.
09/15 03:01:25 - mmengine - WARNING - "HardDiskBackend" is the alias of "LocalBackend" and the former will be deprecated in future.
{"epoch": 39, "successful_updates": 3820, "losses": {"task": 0.5939790159463882, "full_task": 0.5359141677618027, "self_feature": 1.0052200555801392, "feature": 1.2904614210128784, "loss_actionness": 0.15864386409521103, "loss_transition": 0.6568928360939026, "loss_boundary": 0.0023805175442248583, "cost": 2.936858296394348}, "peak_gib": 14.72793197631836}
{"epoch": 39, "successful_updates": 3840, "losses": {"task": 0.07772352918982506, "full_task": 0.07727048918604851, "self_feature": 0.6648019999265671, "feature": 0.8243217766284943, "loss_actionness": 0.147987250238657, "loss_transition": 0.6315862536430359, "loss_boundary": 3.085245407419279e-05, "cost": 1.7674474120140076}, "peak_gib": 14.72793197631836}
{"epoch": 39, "successful_updates": 3860, "losses": {"task": 0.22057390213012695, "full_task": 0.19769998639822006, "self_feature": 0.784048318862915, "feature": 0.9339238703250885, "loss_actionness": 0.1486203595995903, "loss_transition": 0.6124478876590729, "loss_boundary": 0.00017413138994015753, "cost": 2.0435699224472046}, "peak_gib": 14.72793197631836}
