training subset: 200 videos
ViT's param: 21879936, Adapter's params: 1006860, ratio: 4.6%
Warning: no pretrain path is provided, the backbone will be randomly initialized, unless you have initialized the weights in the model.py.
freeze_backbone: False, norm_eval: False
ViT's param: 21879936, Adapter's params: 1006860, ratio: 4.6%
Warning: no pretrain path is provided, the backbone will be randomly initialized, unless you have initialized the weights in the model.py.
freeze_backbone: False, norm_eval: False
09/15 03:07:37 - mmengine - WARNING - "FileClient" will be deprecated in future. Please use io functions in https://mmengine.readthedocs.io/en/latest/api/fileio.html#file-io
09/15 03:07:37 - mmengine - WARNING - "HardDiskBackend" is the alias of "LocalBackend" and the former will be deprecated in future.
09/15 03:07:37 - mmengine - WARNING - "FileClient" will be deprecated in future. Please use io functions in https://mmengine.readthedocs.io/en/latest/api/fileio.html#file-io
09/15 03:07:37 - mmengine - WARNING - "HardDiskBackend" is the alias of "LocalBackend" and the former will be deprecated in future.
/data/run01/sczc063/yuzibo/conda_envs/opentad/lib/python3.10/site-packages/torch/nn/modules/conv.py:459: UserWarning: Applied workaround for CuDNN issue, install nvrtc.so (Triggered internally at /opt/conda/conda-bld/pytorch_1682343995026/work/aten/src/ATen/native/cudnn/Conv_v8.cpp:80.)
  return F.conv2d(input, weight, bias, self.stride,
{"epoch": 71, "successful_updates": 7080, "losses": {"task": 0.17467482015490532, "full_task": 0.1307026632130146, "self_feature": 0.48992718756198883, "feature": 0.6724423766136169, "loss_actionness": 0.10169437900185585, "loss_transition": 0.6302952468395233, "loss_boundary": 3.085244861722458e-05, "cost": 1.6608060598373413}, "peak_gib": 8.304254531860352}
{"epoch": 71, "successful_updates": 7100, "losses": {"task": 0.1945725753903389, "full_task": 0.190819151699543, "self_feature": 0.7543388307094574, "feature": 0.9714930951595306, "loss_actionness": 0.18156218528747559, "loss_transition": 0.6484877467155457, "loss_boundary": 0.0023552634520456195, "cost": 2.1216094493865967}, "peak_gib": 8.304254531860352}
09/15 03:10:05 - mmengine - WARNING - "FileClient" will be deprecated in future. Please use io functions in https://mmengine.readthedocs.io/en/latest/api/fileio.html#file-io
09/15 03:10:05 - mmengine - WARNING - "HardDiskBackend" is the alias of "LocalBackend" and the former will be deprecated in future.
09/15 03:10:05 - mmengine - WARNING - "FileClient" will be deprecated in future. Please use io functions in https://mmengine.readthedocs.io/en/latest/api/fileio.html#file-io
09/15 03:10:05 - mmengine - WARNING - "HardDiskBackend" is the alias of "LocalBackend" and the former will be deprecated in future.
{"epoch": 72, "successful_updates": 7120, "losses": {"task": 0.41511520370841026, "full_task": 0.37116510048508644, "self_feature": 0.5714266002178192, "feature": 0.7507868409156799, "loss_actionness": 0.11769337952136993, "loss_transition": 0.6530197262763977, "loss_boundary": 0.0031541796633973718, "cost": 2.089703381061554}, "peak_gib": 8.304254531860352}
{"epoch": 72, "successful_updates": 7140, "losses": {"task": 0.41892893984913826, "full_task": 0.41449012607336044, "self_feature": 0.4478754848241806, "feature": 0.6146267503499985, "loss_actionness": 0.09990843385457993, "loss_transition": 0.6696341931819916, "loss_boundary": 3.120872315776069e-05, "cost": 1.951539695262909}, "peak_gib": 8.304254531860352}
{"epoch": 72, "successful_updates": 7160, "losses": {"task": 0.20833801478147507, "full_task": 0.14315149933099747, "self_feature": 0.7286381423473358, "feature": 0.9457335472106934, "loss_actionness": 0.11561937257647514, "loss_transition": 0.5984284579753876, "loss_boundary": 0.0016096437175292522, "cost": 1.9783806204795837}, "peak_gib": 8.304254531860352}
{"epoch": 72, "successful_updates": 7180, "losses": {"task": 0.07352783530950546, "full_task": 0.07536167278885841, "self_feature": 0.6248797178268433, "feature": 0.8070761859416962, "loss_actionness": 0.12106780707836151, "loss_transition": 0.6747681498527527, "loss_boundary": 0.0031297996174544096, "cost": 1.7608981132507324}, "peak_gib": 8.32666540145874}
{"epoch": 72, "successful_updates": 7200, "losses": {"task": 0.37805192172527313, "full_task": 0.3133137971162796, "self_feature": 0.3941905200481415, "feature": 0.5980111509561539, "loss_actionness": 0.16911332309246063, "loss_transition": 0.654906302690506, "loss_boundary": 3.085244679823518e-05, "cost": 1.9178610444068909}, "peak_gib": 8.32666540145874}
09/15 03:16:33 - mmengine - WARNING - "FileClient" will be deprecated in future. Please use io functions in https://mmengine.readthedocs.io/en/latest/api/fileio.html#file-io
09/15 03:16:33 - mmengine - WARNING - "FileClient" will be deprecated in future. Please use io functions in https://mmengine.readthedocs.io/en/latest/api/fileio.html#file-io
09/15 03:16:33 - mmengine - WARNING - "HardDiskBackend" is the alias of "LocalBackend" and the former will be deprecated in future.
09/15 03:16:33 - mmengine - WARNING - "HardDiskBackend" is the alias of "LocalBackend" and the former will be deprecated in future.
{"epoch": 73, "successful_updates": 7220, "losses": {"task": 0.48835667967796326, "full_task": 0.554843976162374, "self_feature": 0.5515440553426743, "feature": 0.7272515892982483, "loss_actionness": 0.1385916844010353, "loss_transition": 0.5930643975734711, "loss_boundary": 0.0015833268716960447, "cost": 2.142713248729706}, "peak_gib": 8.32666540145874}
{"epoch": 73, "successful_updates": 7240, "losses": {"task": 0.8211247026920319, "full_task": 0.8725875616073608, "self_feature": 0.42102332413196564, "feature": 0.6783068180084229, "loss_actionness": 0.20485074818134308, "loss_transition": 0.6301325559616089, "loss_boundary": 0.0016977994528133422, "cost": 2.596361756324768}, "peak_gib": 8.32666540145874}
{"epoch": 73, "successful_updates": 7260, "losses": {"task": 0.5274454653263092, "full_task": 0.48513850569725037, "self_feature": 0.541953057050705, "feature": 0.7708741426467896, "loss_actionness": 0.1350981742143631, "loss_transition": 0.6553083062171936, "loss_boundary": 3.928574005840346e-05, "cost": 2.2642452716827393}, "peak_gib": 8.32666540145874}
{"epoch": 73, "successful_updates": 7280, "losses": {"task": 0.13021128624677658, "full_task": 0.08716165088117123, "self_feature": 0.6021133363246918, "feature": 0.7825179100036621, "loss_actionness": 0.12028560414910316, "loss_transition": 0.5764474272727966, "loss_boundary": 0.0015800432593096048, "cost": 1.6930440068244934}, "peak_gib": 8.366220951080322}
{"epoch": 73, "successful_updates": 7300, "losses": {"task": 0.19019897282123566, "full_task": 0.1785154640674591, "self_feature": 0.5233320593833923, "feature": 0.7052776515483856, "loss_actionness": 0.14809633791446686, "loss_transition": 0.6577213406562805, "loss_boundary": 0.0031809124629944563, "cost": 1.8014371395111084}, "peak_gib": 8.366220951080322}
09/15 03:23:04 - mmengine - WARNING - "FileClient" will be deprecated in future. Please use io functions in https://mmengine.readthedocs.io/en/latest/api/fileio.html#file-io
09/15 03:23:04 - mmengine - WARNING - "HardDiskBackend" is the alias of "LocalBackend" and the former will be deprecated in future.
09/15 03:23:04 - mmengine - WARNING - "FileClient" will be deprecated in future. Please use io functions in https://mmengine.readthedocs.io/en/latest/api/fileio.html#file-io
09/15 03:23:04 - mmengine - WARNING - "HardDiskBackend" is the alias of "LocalBackend" and the former will be deprecated in future.
{"epoch": 74, "successful_updates": 7320, "losses": {"task": 0.3709130510687828, "full_task": 0.31103621050715446, "self_feature": 0.5375216156244278, "feature": 0.7694164216518402, "loss_actionness": 0.15372899919748306, "loss_transition": 0.6597869992256165, "loss_boundary": 3.085244861722458e-05, "cost": 2.0853875279426575}, "peak_gib": 8.367824077606201}
{"epoch": 74, "successful_updates": 7340, "losses": {"task": 0.32903411611914635, "full_task": 0.28319188579916954, "self_feature": 0.6171362400054932, "feature": 0.8143704831600189, "loss_actionness": 0.15103209763765335, "loss_transition": 0.6010321080684662, "loss_boundary": 0.0016674999242241029, "cost": 2.029647946357727}, "peak_gib": 8.367824077606201}
{"epoch": 74, "successful_updates": 7360, "losses": {"task": 0.07960708066821098, "full_task": 0.061334285885095596, "self_feature": 0.46695350110530853, "feature": 0.6384316086769104, "loss_actionness": 0.10401489213109016, "loss_transition": 0.6481671929359436, "loss_boundary": 0.0031228726729750633, "cost": 1.53537255525589}, "peak_gib": 8.367824077606201}
{"epoch": 74, "successful_updates": 7380, "losses": {"task": 0.36476264894008636, "full_task": 0.2527073845267296, "self_feature": 0.5306714773178101, "feature": 0.6945002973079681, "loss_actionness": 0.19050989300012589, "loss_transition": 0.6553961932659149, "loss_boundary": 3.085244861722458e-05, "cost": 2.021443784236908}, "peak_gib": 8.367824077606201}
{"epoch": 74, "successful_updates": 7400, "losses": {"task": 1.6021243333816528, "full_task": 1.4071260690689087, "self_feature": 0.7529338300228119, "feature": 1.0107474625110626, "loss_actionness": 0.19097862392663956, "loss_transition": 0.6654670536518097, "loss_boundary": 0.003147027571685612, "cost": 3.8995394706726074}, "peak_gib": 8.367824077606201}
09/15 03:29:39 - mmengine - WARNING - "FileClient" will be deprecated in future. Please use io functions in https://mmengine.readthedocs.io/en/latest/api/fileio.html#file-io
09/15 03:29:39 - mmengine - WARNING - "FileClient" will be deprecated in future. Please use io functions in https://mmengine.readthedocs.io/en/latest/api/fileio.html#file-io
09/15 03:29:39 - mmengine - WARNING - "HardDiskBackend" is the alias of "LocalBackend" and the former will be deprecated in future.
09/15 03:29:39 - mmengine - WARNING - "HardDiskBackend" is the alias of "LocalBackend" and the former will be deprecated in future.
{"epoch": 75, "successful_updates": 7420, "losses": {"task": 1.211135357618332, "full_task": 1.1954479217529297, "self_feature": 0.5299770534038544, "feature": 0.7207013666629791, "loss_actionness": 0.16140513122081757, "loss_transition": 0.6677637994289398, "loss_boundary": 0.003169426927343011, "cost": 3.116034746170044}, "peak_gib": 8.367824077606201}
{"epoch": 75, "successful_updates": 7440, "losses": {"task": 0.46469536423683167, "full_task": 0.43559953570365906, "self_feature": 0.6168956160545349, "feature": 0.9263037145137787, "loss_actionness": 0.10060890018939972, "loss_transition": 0.6557932496070862, "loss_boundary": 3.085244861722458e-05, "cost": 2.318021595478058}, "peak_gib": 8.367824077606201}
{"epoch": 75, "successful_updates": 7460, "losses": {"task": 0.2866363823413849, "full_task": 0.23889201134443283, "self_feature": 0.714427262544632, "feature": 0.8872666954994202, "loss_actionness": 0.21762901544570923, "loss_transition": 0.6622079014778137, "loss_boundary": 0.003137004328891635, "cost": 2.1880427598953247}, "peak_gib": 8.367824077606201}
{"epoch": 75, "successful_updates": 7480, "losses": {"task": 0.21354936063289642, "full_task": 0.16893915086984634, "self_feature": 0.6139000058174133, "feature": 0.7679403424263, "loss_actionness": 0.17480739206075668, "loss_transition": 0.6681775152683258, "loss_boundary": 0.003127557458356023, "cost": 1.9312269687652588}, "peak_gib": 8.367824077606201}
{"epoch": 75, "successful_updates": 7500, "losses": {"task": 0.48107028007507324, "full_task": 0.4598153233528137, "self_feature": 0.5101602971553802, "feature": 0.7406235337257385, "loss_actionness": 0.1914408765733242, "loss_transition": 0.6228087544441223, "loss_boundary": 3.0934585083741695e-05, "cost": 2.20194411277771}, "peak_gib": 8.367824077606201}
09/15 03:36:04 - mmengine - WARNING - "FileClient" will be deprecated in future. Please use io functions in https://mmengine.readthedocs.io/en/latest/api/fileio.html#file-io
09/15 03:36:04 - mmengine - WARNING - "HardDiskBackend" is the alias of "LocalBackend" and the former will be deprecated in future.
09/15 03:36:04 - mmengine - WARNING - "FileClient" will be deprecated in future. Please use io functions in https://mmengine.readthedocs.io/en/latest/api/fileio.html#file-io
09/15 03:36:04 - mmengine - WARNING - "HardDiskBackend" is the alias of "LocalBackend" and the former will be deprecated in future.
{"epoch": 76, "successful_updates": 7520, "losses": {"task": 0.6958460062742233, "full_task": 0.5650098919868469, "self_feature": 0.7586133182048798, "feature": 0.9300360977649689, "loss_actionness": 0.1318742036819458, "loss_transition": 0.6412698924541473, "loss_boundary": 0.001650858626817353, "cost": 2.617790937423706}, "peak_gib": 8.367824077606201}
{"epoch": 76, "successful_updates": 7540, "losses": {"task": 0.627881184220314, "full_task": 0.7565774917602539, "self_feature": 0.5839196443557739, "feature": 0.7085402011871338, "loss_actionness": 0.14954834431409836, "loss_transition": 0.6699092984199524, "loss_boundary": 0.0031339661218225956, "cost": 2.406549394130707}, "peak_gib": 8.367824077606201}
{"epoch": 76, "successful_updates": 7560, "losses": {"task": 0.33054258674383163, "full_task": 0.31650132685899734, "self_feature": 0.43777884542942047, "feature": 0.6623212695121765, "loss_actionness": 0.17625241726636887, "loss_transition": 0.6640971601009369, "loss_boundary": 3.3281305150012486e-05, "cost": 1.956149935722351}, "peak_gib": 8.367824077606201}
{"epoch": 76, "successful_updates": 7580, "losses": {"task": 0.21779710054397583, "full_task": 0.19338500499725342, "self_feature": 0.627032533288002, "feature": 0.7937633991241455, "loss_actionness": 0.14821919053792953, "loss_transition": 0.6215333044528961, "loss_boundary": 0.0005689021199941635, "cost": 1.8929314017295837}, "peak_gib": 8.367824077606201}
{"epoch": 76, "successful_updates": 7600, "losses": {"task": 0.15809886157512665, "full_task": 0.15991393476724625, "self_feature": 0.6551494002342224, "feature": 0.8338234722614288, "loss_actionness": 0.12894054129719734, "loss_transition": 0.6413685977458954, "loss_boundary": 0.0032133274944499135, "cost": 1.870938241481781}, "peak_gib": 8.367824077606201}
09/15 03:42:26 - mmengine - WARNING - "FileClient" will be deprecated in future. Please use io functions in https://mmengine.readthedocs.io/en/latest/api/fileio.html#file-io
09/15 03:42:26 - mmengine - WARNING - "HardDiskBackend" is the alias of "LocalBackend" and the former will be deprecated in future.
09/15 03:42:26 - mmengine - WARNING - "FileClient" will be deprecated in future. Please use io functions in https://mmengine.readthedocs.io/en/latest/api/fileio.html#file-io
09/15 03:42:26 - mmengine - WARNING - "HardDiskBackend" is the alias of "LocalBackend" and the former will be deprecated in future.
{"epoch": 77, "successful_updates": 7620, "losses": {"task": 0.342671737074852, "full_task": 0.29569272696971893, "self_feature": 0.5244598984718323, "feature": 0.7397328615188599, "loss_actionness": 0.13621866330504417, "loss_transition": 0.66575688123703, "loss_boundary": 3.0852450436213985e-05, "cost": 2.010780155658722}, "peak_gib": 8.367824077606201}
{"epoch": 77, "successful_updates": 7640, "losses": {"task": 0.06637635454535484, "full_task": 0.06403704360127449, "self_feature": 0.5668632537126541, "feature": 0.6817695796489716, "loss_actionness": 0.15950887650251389, "loss_transition": 0.6183990836143494, "loss_boundary": 0.001574914351294865, "cost": 1.6003244519233704}, "peak_gib": 8.367824077606201}
{"epoch": 77, "successful_updates": 7660, "losses": {"task": 0.22867530584335327, "full_task": 0.21982885152101517, "self_feature": 0.511977806687355, "feature": 0.6899746358394623, "loss_actionness": 0.13069337606430054, "loss_transition": 0.6585567593574524, "loss_boundary": 0.003130139666609466, "cost": 1.8171851634979248}, "peak_gib": 8.367824077606201}
{"epoch": 77, "successful_updates": 7680, "losses": {"task": 0.706353921443224, "full_task": 0.6829625312238932, "self_feature": 0.6052643358707428, "feature": 0.7954126596450806, "loss_actionness": 0.20030848681926727, "loss_transition": 0.6711620688438416, "loss_boundary": 4.034817720821593e-05, "cost": 2.6045445799827576}, "peak_gib": 8.370496273040771}
{"epoch": 77, "successful_updates": 7700, "losses": {"task": 0.2884257733821869, "full_task": 0.2877793163061142, "self_feature": 0.5745218992233276, "feature": 0.7640049159526825, "loss_actionness": 0.17269205302000046, "loss_transition": 0.6013734638690948, "loss_boundary": 0.001581242106112768, "cost": 1.9574745297431946}, "peak_gib": 8.370496273040771}
09/15 03:48:52 - mmengine - WARNING - "FileClient" will be deprecated in future. Please use io functions in https://mmengine.readthedocs.io/en/latest/api/fileio.html#file-io
09/15 03:48:52 - mmengine - WARNING - "HardDiskBackend" is the alias of "LocalBackend" and the former will be deprecated in future.
09/15 03:48:52 - mmengine - WARNING - "FileClient" will be deprecated in future. Please use io functions in https://mmengine.readthedocs.io/en/latest/api/fileio.html#file-io
09/15 03:48:52 - mmengine - WARNING - "HardDiskBackend" is the alias of "LocalBackend" and the former will be deprecated in future.
{"epoch": 78, "successful_updates": 7720, "losses": {"task": 0.11711187288165092, "full_task": 0.1188160702586174, "self_feature": 0.3531026467680931, "feature": 0.5357180088758469, "loss_actionness": 0.1288759708404541, "loss_transition": 0.6149990558624268, "loss_boundary": 0.001582607541422476, "cost": 1.4633017778396606}, "peak_gib": 8.370496273040771}
{"epoch": 78, "successful_updates": 7740, "losses": {"task": 0.06577974371612072, "full_task": 0.06299385987222195, "self_feature": 0.5374898612499237, "feature": 0.7549105286598206, "loss_actionness": 0.12630188837647438, "loss_transition": 0.6489953398704529, "loss_boundary": 3.085245225520339e-05, "cost": 1.6655157804489136}, "peak_gib": 8.370496273040771}
{"epoch": 78, "successful_updates": 7760, "losses": {"task": 0.35456885769963264, "full_task": 0.32752883061766624, "self_feature": 0.5436992347240448, "feature": 0.729082316160202, "loss_actionness": 0.11902567371726036, "loss_transition": 0.620733767747879, "loss_boundary": 0.0015849445790081518, "cost": 1.9612476825714111}, "peak_gib": 8.370496273040771}
{"epoch": 78, "successful_updates": 7780, "losses": {"task": 0.7604811787605286, "full_task": 0.6301074028015137, "self_feature": 0.49248626828193665, "feature": 0.7085599899291992, "loss_actionness": 0.19350853562355042, "loss_transition": 0.6593575179576874, "loss_boundary": 0.002336100907996297, "cost": 2.5310187339782715}, "peak_gib": 8.370496273040771}
{"epoch": 78, "successful_updates": 7800, "losses": {"task": 0.2542855218052864, "full_task": 0.21746091544628143, "self_feature": 0.45869164168834686, "feature": 0.6701676249504089, "loss_actionness": 0.17769742012023926, "loss_transition": 0.628476083278656, "loss_boundary": 3.0852450436213985e-05, "cost": 1.8308919668197632}, "peak_gib": 8.370496273040771}
09/15 03:55:23 - mmengine - WARNING - "FileClient" will be deprecated in future. Please use io functions in https://mmengine.readthedocs.io/en/latest/api/fileio.html#file-io
09/15 03:55:23 - mmengine - WARNING - "HardDiskBackend" is the alias of "LocalBackend" and the former will be deprecated in future.
09/15 03:55:23 - mmengine - WARNING - "FileClient" will be deprecated in future. Please use io functions in https://mmengine.readthedocs.io/en/latest/api/fileio.html#file-io
09/15 03:55:23 - mmengine - WARNING - "HardDiskBackend" is the alias of "LocalBackend" and the former will be deprecated in future.
{"epoch": 79, "successful_updates": 7820, "losses": {"task": 0.20704305917024612, "full_task": 0.20221282914280891, "self_feature": 0.7552429735660553, "feature": 0.9541194140911102, "loss_actionness": 0.1272076927125454, "loss_transition": 0.592599630355835, "loss_boundary": 0.0015812752826604992, "cost": 2.00862854719162}, "peak_gib": 8.370496273040771}
{"epoch": 79, "successful_updates": 7840, "losses": {"task": 0.08496499247848988, "full_task": 0.07283199951052666, "self_feature": 0.6508995592594147, "feature": 0.8324933052062988, "loss_actionness": 0.09167711436748505, "loss_transition": 0.6478573083877563, "loss_boundary": 0.0031354946549981833, "cost": 1.743426263332367}, "peak_gib": 8.370496273040771}
{"epoch": 79, "successful_updates": 7860, "losses": {"task": 0.35375842824578285, "full_task": 0.43051898665726185, "self_feature": 0.3964190036058426, "feature": 0.5120128095149994, "loss_actionness": 0.20224356651306152, "loss_transition": 0.6533757448196411, "loss_boundary": 3.085244679823518e-05, "cost": 1.8686929941177368}, "peak_gib": 8.370496273040771}
{"epoch": 79, "successful_updates": 7880, "losses": {"task": 0.336047887802124, "full_task": 0.2773527652025223, "self_feature": 0.7565329670906067, "feature": 0.9443872272968292, "loss_actionness": 0.13576111942529678, "loss_transition": 0.6197764277458191, "loss_boundary": 0.0016046163182181772, "cost": 2.182568907737732}, "peak_gib": 8.370496273040771}
{"epoch": 79, "successful_updates": 7900, "losses": {"task": 0.3406156897544861, "full_task": 0.3101128861308098, "self_feature": 0.6653132736682892, "feature": 0.8226942718029022, "loss_actionness": 0.09871481359004974, "loss_transition": 0.6546081006526947, "loss_boundary": 0.003131273086182773, "cost": 2.0638237595558167}, "peak_gib": 8.370496273040771}
09/15 04:01:56 - mmengine - WARNING - "FileClient" will be deprecated in future. Please use io functions in https://mmengine.readthedocs.io/en/latest/api/fileio.html#file-io
09/15 04:01:56 - mmengine - WARNING - "HardDiskBackend" is the alias of "LocalBackend" and the former will be deprecated in future.
09/15 04:01:56 - mmengine - WARNING - "FileClient" will be deprecated in future. Please use io functions in https://mmengine.readthedocs.io/en/latest/api/fileio.html#file-io
09/15 04:01:56 - mmengine - WARNING - "HardDiskBackend" is the alias of "LocalBackend" and the former will be deprecated in future.
{"epoch": 80, "successful_updates": 7920, "losses": {"task": 0.03346150368452072, "full_task": 0.031798843294382095, "self_feature": 0.5541480481624603, "feature": 0.7274444997310638, "loss_actionness": 0.08683636039495468, "loss_transition": 0.6508917808532715, "loss_boundary": 3.0852450436213985e-05, "cost": 1.5620295405387878}, "peak_gib": 8.370496273040771}
{"epoch": 80, "successful_updates": 7940, "losses": {"task": 0.9033037684857845, "full_task": 0.8439940502867103, "self_feature": 0.6215164959430695, "feature": 0.7826172411441803, "loss_actionness": 0.21771413832902908, "loss_transition": 0.5935531556606293, "loss_boundary": 0.0016022004820115399, "cost": 2.77194082736969}, "peak_gib": 8.370496273040771}
{"epoch": 80, "successful_updates": 7960, "losses": {"task": 0.5000592917203903, "full_task": 0.4819185733795166, "self_feature": 0.4785993993282318, "feature": 0.6581863462924957, "loss_actionness": 0.14174360781908035, "loss_transition": 0.6717600226402283, "loss_boundary": 0.0032535342033952475, "cost": 2.1433423161506653}, "peak_gib": 8.370496273040771}
{"epoch": 80, "successful_updates": 7980, "losses": {"task": 0.7705764323472977, "full_task": 0.7514042407274246, "self_feature": 0.7510276138782501, "feature": 1.0149243772029877, "loss_actionness": 0.13355913758277893, "loss_transition": 0.6644198000431061, "loss_boundary": 3.365441443747841e-05, "cost": 2.8464672565460205}, "peak_gib": 8.370496273040771}
{"epoch": 80, "successful_updates": 8000, "losses": {"task": 0.09664443880319595, "full_task": 0.0879269614815712, "self_feature": 0.888683944940567, "feature": 1.0542295575141907, "loss_actionness": 0.10884806141257286, "loss_transition": 0.641921192407608, "loss_boundary": 0.0031217403011396527, "cost": 2.0156151056289673}, "peak_gib": 8.370496273040771}
validation subset: 211 videos, truncated as 792 windows.
09/15 04:08:23 - mmengine - WARNING - "FileClient" will be deprecated in future. Please use io functions in https://mmengine.readthedocs.io/en/latest/api/fileio.html#file-io
09/15 04:08:23 - mmengine - WARNING - "HardDiskBackend" is the alias of "LocalBackend" and the former will be deprecated in future.
09/15 04:08:23 - mmengine - WARNING - "FileClient" will be deprecated in future. Please use io functions in https://mmengine.readthedocs.io/en/latest/api/fileio.html#file-io
09/15 04:08:23 - mmengine - WARNING - "HardDiskBackend" is the alias of "LocalBackend" and the former will be deprecated in future.
thumos_s_point_uniform_seed42 80: 1/792
thumos_s_point_uniform_seed42 80: 101/792
thumos_s_point_uniform_seed42 80: 201/792
thumos_s_point_uniform_seed42 80: 301/792
thumos_s_point_uniform_seed42 80: 401/792
thumos_s_point_uniform_seed42 80: 501/792
thumos_s_point_uniform_seed42 80: 601/792
thumos_s_point_uniform_seed42 80: 701/792
{'average_mAP': 0.6515391920156867, 'mAP@0.3': 0.8041912682376495, 'mAP@0.4': 0.7558166671443589, 'mAP@0.5': 0.6841344078764557, 'mAP@0.6': 0.5771365358620046, 'mAP@0.7': 0.4364170809579641}
