training subset: 200 videos
ViT's param: 86227200, Adapter's params: 4004364, ratio: 4.6%
Warning: no pretrain path is provided, the backbone will be randomly initialized, unless you have initialized the weights in the model.py.
freeze_backbone: False, norm_eval: False
ViT's param: 86227200, Adapter's params: 4004364, ratio: 4.6%
Warning: no pretrain path is provided, the backbone will be randomly initialized, unless you have initialized the weights in the model.py.
freeze_backbone: False, norm_eval: False
09/15 03:08:18 - mmengine - WARNING - "FileClient" will be deprecated in future. Please use io functions in https://mmengine.readthedocs.io/en/latest/api/fileio.html#file-io
09/15 03:08:18 - mmengine - WARNING - "FileClient" will be deprecated in future. Please use io functions in https://mmengine.readthedocs.io/en/latest/api/fileio.html#file-io
09/15 03:08:18 - mmengine - WARNING - "HardDiskBackend" is the alias of "LocalBackend" and the former will be deprecated in future.
09/15 03:08:18 - mmengine - WARNING - "HardDiskBackend" is the alias of "LocalBackend" and the former will be deprecated in future.
/data/run01/sczc063/yuzibo/conda_envs/opentad/lib/python3.10/site-packages/torch/nn/modules/conv.py:459: UserWarning: Applied workaround for CuDNN issue, install nvrtc.so (Triggered internally at /opt/conda/conda-bld/pytorch_1682343995026/work/aten/src/ATen/native/cudnn/Conv_v8.cpp:80.)
  return F.conv2d(input, weight, bias, self.stride,
{"epoch": 73, "successful_updates": 7220, "losses": {"task": 0.4749212497845292, "full_task": 0.42802552320063114, "self_feature": 0.7199899554252625, "feature": 0.8950493931770325, "loss_actionness": 0.12302646413445473, "loss_transition": 0.5791182667016983, "loss_boundary": 0.0015833268716960447, "cost": 2.25270414352417}, "peak_gib": 9.92405080795288}
{"epoch": 73, "successful_updates": 7240, "losses": {"task": 0.7565059661865234, "full_task": 0.7557623982429504, "self_feature": 0.49003198742866516, "feature": 0.8674463033676147, "loss_actionness": 0.1876690685749054, "loss_transition": 0.6300203502178192, "loss_boundary": 0.0016977994528133422, "cost": 2.6812832355499268}, "peak_gib": 14.42142915725708}
{"epoch": 73, "successful_updates": 7260, "losses": {"task": 0.5040716230869293, "full_task": 0.41192927956581116, "self_feature": 0.7940979897975922, "feature": 1.0219902396202087, "loss_actionness": 0.1370198354125023, "loss_transition": 0.6601315140724182, "loss_boundary": 3.928574005840346e-05, "cost": 2.5056445598602295}, "peak_gib": 14.42142915725708}
{"epoch": 73, "successful_updates": 7280, "losses": {"task": 0.09678880125284195, "full_task": 0.08943230658769608, "self_feature": 0.7619834840297699, "feature": 0.9871944189071655, "loss_actionness": 0.1193588599562645, "loss_transition": 0.5721437931060791, "loss_boundary": 0.0015800432593096048, "cost": 1.8756224513053894}, "peak_gib": 14.721165657043457}
{"epoch": 73, "successful_updates": 7300, "losses": {"task": 0.17804980278015137, "full_task": 0.19529595971107483, "self_feature": 0.6555825471878052, "feature": 0.8779905140399933, "loss_actionness": 0.1536630168557167, "loss_transition": 0.6573407053947449, "loss_boundary": 0.0031809124629944563, "cost": 1.9846071600914001}, "peak_gib": 14.721165657043457}
09/15 03:14:09 - mmengine - WARNING - "FileClient" will be deprecated in future. Please use io functions in https://mmengine.readthedocs.io/en/latest/api/fileio.html#file-io
09/15 03:14:09 - mmengine - WARNING - "HardDiskBackend" is the alias of "LocalBackend" and the former will be deprecated in future.
09/15 03:14:09 - mmengine - WARNING - "FileClient" will be deprecated in future. Please use io functions in https://mmengine.readthedocs.io/en/latest/api/fileio.html#file-io
09/15 03:14:09 - mmengine - WARNING - "HardDiskBackend" is the alias of "LocalBackend" and the former will be deprecated in future.
{"epoch": 74, "successful_updates": 7320, "losses": {"task": 0.3634021729230881, "full_task": 0.32515275850892067, "self_feature": 0.8021218478679657, "feature": 1.0601636171340942, "loss_actionness": 0.15344931185245514, "loss_transition": 0.658174604177475, "loss_boundary": 3.085244861722458e-05, "cost": 2.3967208862304688}, "peak_gib": 14.721165657043457}
{"epoch": 74, "successful_updates": 7340, "losses": {"task": 0.3197600767016411, "full_task": 0.2630867771804333, "self_feature": 0.8981326222419739, "feature": 1.1386837363243103, "loss_actionness": 0.15576201677322388, "loss_transition": 0.5971729755401611, "loss_boundary": 0.0016674999242241029, "cost": 2.3686312437057495}, "peak_gib": 14.721165657043457}
{"epoch": 74, "successful_updates": 7360, "losses": {"task": 0.0643490981310606, "full_task": 0.06762761622667313, "self_feature": 0.647094339132309, "feature": 0.8413861095905304, "loss_actionness": 0.09978154301643372, "loss_transition": 0.6455370187759399, "loss_boundary": 0.0031228726729750633, "cost": 1.7357929348945618}, "peak_gib": 14.721165657043457}
{"epoch": 74, "successful_updates": 7380, "losses": {"task": 0.2827428728342056, "full_task": 0.2591073587536812, "self_feature": 0.6946118772029877, "feature": 0.94119793176651, "loss_actionness": 0.191009059548378, "loss_transition": 0.6589836776256561, "loss_boundary": 3.085244861722458e-05, "cost": 2.2082022428512573}, "peak_gib": 14.721165657043457}
{"epoch": 74, "successful_updates": 7400, "losses": {"task": 1.6465962529182434, "full_task": 1.2798588871955872, "self_feature": 0.9850443601608276, "feature": 1.1952611804008484, "loss_actionness": 0.19124195724725723, "loss_transition": 0.6643940508365631, "loss_boundary": 0.003147027571685612, "cost": 4.1191099882125854}, "peak_gib": 14.721165657043457}
09/15 03:20:58 - mmengine - WARNING - "FileClient" will be deprecated in future. Please use io functions in https://mmengine.readthedocs.io/en/latest/api/fileio.html#file-io
09/15 03:20:58 - mmengine - WARNING - "FileClient" will be deprecated in future. Please use io functions in https://mmengine.readthedocs.io/en/latest/api/fileio.html#file-io
09/15 03:20:58 - mmengine - WARNING - "HardDiskBackend" is the alias of "LocalBackend" and the former will be deprecated in future.
09/15 03:20:58 - mmengine - WARNING - "HardDiskBackend" is the alias of "LocalBackend" and the former will be deprecated in future.
{"epoch": 75, "successful_updates": 7420, "losses": {"task": 1.2238695621490479, "full_task": 1.1759382784366608, "self_feature": 0.7884776294231415, "feature": 1.0243015885353088, "loss_actionness": 0.16697969287633896, "loss_transition": 0.6650729477405548, "loss_boundary": 0.003169426927343011, "cost": 3.4562255144119263}, "peak_gib": 14.721165657043457}
{"epoch": 75, "successful_updates": 7440, "losses": {"task": 0.4961061030626297, "full_task": 0.5000547543168068, "self_feature": 0.8007234930992126, "feature": 1.1077486872673035, "loss_actionness": 0.10012508556246758, "loss_transition": 0.654473751783371, "loss_boundary": 3.085244861722458e-05, "cost": 2.5635703802108765}, "peak_gib": 14.721165657043457}
{"epoch": 75, "successful_updates": 7460, "losses": {"task": 0.2502000778913498, "full_task": 0.24383877962827682, "self_feature": 1.026486337184906, "feature": 1.2561477422714233, "loss_actionness": 0.21539054811000824, "loss_transition": 0.6613559126853943, "loss_boundary": 0.003137004328891635, "cost": 2.5498396158218384}, "peak_gib": 14.721165657043457}
{"epoch": 75, "successful_updates": 7480, "losses": {"task": 0.21531865745782852, "full_task": 0.16428571939468384, "self_feature": 0.8071887791156769, "feature": 1.0001757442951202, "loss_actionness": 0.1791045442223549, "loss_transition": 0.6719228327274323, "loss_boundary": 0.003127557458356023, "cost": 2.191439628601074}, "peak_gib": 14.721165657043457}
{"epoch": 75, "successful_updates": 7500, "losses": {"task": 0.5715012848377228, "full_task": 0.46750009059906006, "self_feature": 0.6574550271034241, "feature": 0.9166247248649597, "loss_actionness": 0.1991993859410286, "loss_transition": 0.6245668828487396, "loss_boundary": 3.0934585083741695e-05, "cost": 2.4945435523986816}, "peak_gib": 14.721165657043457}
09/15 03:27:39 - mmengine - WARNING - "FileClient" will be deprecated in future. Please use io functions in https://mmengine.readthedocs.io/en/latest/api/fileio.html#file-io
09/15 03:27:39 - mmengine - WARNING - "FileClient" will be deprecated in future. Please use io functions in https://mmengine.readthedocs.io/en/latest/api/fileio.html#file-io
09/15 03:27:39 - mmengine - WARNING - "HardDiskBackend" is the alias of "LocalBackend" and the former will be deprecated in future.
09/15 03:27:39 - mmengine - WARNING - "HardDiskBackend" is the alias of "LocalBackend" and the former will be deprecated in future.
{"epoch": 76, "successful_updates": 7520, "losses": {"task": 0.6497142016887665, "full_task": 0.550490528345108, "self_feature": 0.9822264313697815, "feature": 1.209410548210144, "loss_actionness": 0.13039012998342514, "loss_transition": 0.6426642537117004, "loss_boundary": 0.001650858626817353, "cost": 2.8696751594543457}, "peak_gib": 14.721165657043457}
{"epoch": 76, "successful_updates": 7540, "losses": {"task": 0.5405496060848236, "full_task": 0.6792904064059258, "self_feature": 0.7168920040130615, "feature": 0.8733672201633453, "loss_actionness": 0.15046411007642746, "loss_transition": 0.6704239547252655, "loss_boundary": 0.0031339661218225956, "cost": 2.4794505834579468}, "peak_gib": 14.721165657043457}
{"epoch": 76, "successful_updates": 7560, "losses": {"task": 0.305397629737854, "full_task": 0.3114074319601059, "self_feature": 0.7234257757663727, "feature": 0.9945540428161621, "loss_actionness": 0.1763106808066368, "loss_transition": 0.6663535237312317, "loss_boundary": 3.3281305150012486e-05, "cost": 2.2928435802459717}, "peak_gib": 14.721165657043457}
{"epoch": 76, "successful_updates": 7580, "losses": {"task": 0.22955910861492157, "full_task": 0.19892491400241852, "self_feature": 0.8973303735256195, "feature": 1.1014633774757385, "loss_actionness": 0.14944370090961456, "loss_transition": 0.6206044554710388, "loss_boundary": 0.0005689021199941635, "cost": 2.2411038875579834}, "peak_gib": 14.721165657043457}
{"epoch": 76, "successful_updates": 7600, "losses": {"task": 0.14038629829883575, "full_task": 0.1719684898853302, "self_feature": 0.9146963357925415, "feature": 1.0959457755088806, "loss_actionness": 0.12432662397623062, "loss_transition": 0.647179126739502, "loss_boundary": 0.0032133274944499135, "cost": 2.1455129384994507}, "peak_gib": 14.721165657043457}
09/15 03:34:14 - mmengine - WARNING - "FileClient" will be deprecated in future. Please use io functions in https://mmengine.readthedocs.io/en/latest/api/fileio.html#file-io
09/15 03:34:14 - mmengine - WARNING - "FileClient" will be deprecated in future. Please use io functions in https://mmengine.readthedocs.io/en/latest/api/fileio.html#file-io
09/15 03:34:14 - mmengine - WARNING - "HardDiskBackend" is the alias of "LocalBackend" and the former will be deprecated in future.
09/15 03:34:14 - mmengine - WARNING - "HardDiskBackend" is the alias of "LocalBackend" and the former will be deprecated in future.
{"epoch": 77, "successful_updates": 7620, "losses": {"task": 0.379310742020607, "full_task": 0.27617135643959045, "self_feature": 0.7628410160541534, "feature": 1.0081275403499603, "loss_actionness": 0.13588809594511986, "loss_transition": 0.665019154548645, "loss_boundary": 3.0852450436213985e-05, "cost": 2.3337032794952393}, "peak_gib": 14.721165657043457}
{"epoch": 77, "successful_updates": 7640, "losses": {"task": 0.0688413493335247, "full_task": 0.056683409959077835, "self_feature": 0.7834019958972931, "feature": 0.919235110282898, "loss_actionness": 0.15247492119669914, "loss_transition": 0.6159280240535736, "loss_boundary": 0.001574914351294865, "cost": 1.8505653142929077}, "peak_gib": 14.721165657043457}
{"epoch": 77, "successful_updates": 7660, "losses": {"task": 0.18700534105300903, "full_task": 0.18892966210842133, "self_feature": 0.6981644332408905, "feature": 0.8871473371982574, "loss_actionness": 0.12876760959625244, "loss_transition": 0.6642913818359375, "loss_boundary": 0.003130139666609466, "cost": 1.9873906373977661}, "peak_gib": 14.721165657043457}
{"epoch": 77, "successful_updates": 7680, "losses": {"task": 0.8278698362410069, "full_task": 0.6845615245401859, "self_feature": 0.7127539217472076, "feature": 0.9046900868415833, "loss_actionness": 0.21158476173877716, "loss_transition": 0.6631270051002502, "loss_boundary": 4.034817720821593e-05, "cost": 2.849728047847748}, "peak_gib": 14.721165657043457}
{"epoch": 77, "successful_updates": 7700, "losses": {"task": 0.32815390825271606, "full_task": 0.29234424233436584, "self_feature": 0.804149329662323, "feature": 1.0003176033496857, "loss_actionness": 0.1672772839665413, "loss_transition": 0.604502260684967, "loss_boundary": 0.001581242106112768, "cost": 2.255333185195923}, "peak_gib": 14.721165657043457}
09/15 03:40:50 - mmengine - WARNING - "FileClient" will be deprecated in future. Please use io functions in https://mmengine.readthedocs.io/en/latest/api/fileio.html#file-io
09/15 03:40:50 - mmengine - WARNING - "FileClient" will be deprecated in future. Please use io functions in https://mmengine.readthedocs.io/en/latest/api/fileio.html#file-io
09/15 03:40:50 - mmengine - WARNING - "HardDiskBackend" is the alias of "LocalBackend" and the former will be deprecated in future.
09/15 03:40:50 - mmengine - WARNING - "HardDiskBackend" is the alias of "LocalBackend" and the former will be deprecated in future.
{"epoch": 78, "successful_updates": 7720, "losses": {"task": 0.1305164024233818, "full_task": 0.1192203164100647, "self_feature": 0.5020788311958313, "feature": 0.7300638258457184, "loss_actionness": 0.1244656965136528, "loss_transition": 0.610416442155838, "loss_boundary": 0.001582607541422476, "cost": 1.6770579814910889}, "peak_gib": 14.721165657043457}
{"epoch": 78, "successful_updates": 7740, "losses": {"task": 0.05704011581838131, "full_task": 0.07853320613503456, "self_feature": 0.7775788605213165, "feature": 1.011108011007309, "loss_actionness": 0.1263105273246765, "loss_transition": 0.6444865167140961, "loss_boundary": 3.085245225520339e-05, "cost": 1.936367154121399}, "peak_gib": 14.721165657043457}
{"epoch": 78, "successful_updates": 7760, "losses": {"task": 0.31339309364557266, "full_task": 0.2720614764839411, "self_feature": 0.7965687811374664, "feature": 1.005345731973648, "loss_actionness": 0.11777710914611816, "loss_transition": 0.6254487037658691, "loss_boundary": 0.0015849445790081518, "cost": 2.2112218737602234}, "peak_gib": 14.721165657043457}
{"epoch": 78, "successful_updates": 7780, "losses": {"task": 0.6796448230743408, "full_task": 0.6057072728872299, "self_feature": 0.7677202820777893, "feature": 1.0471441447734833, "loss_actionness": 0.18977968394756317, "loss_transition": 0.6580114960670471, "loss_boundary": 0.002336100907996297, "cost": 2.8051151037216187}, "peak_gib": 14.721165657043457}
{"epoch": 78, "successful_updates": 7800, "losses": {"task": 0.21697747707366943, "full_task": 0.17442140728235245, "self_feature": 0.6316761076450348, "feature": 0.8875625729560852, "loss_actionness": 0.1773100644350052, "loss_transition": 0.6331707239151001, "loss_boundary": 3.0852450436213985e-05, "cost": 2.0218246579170227}, "peak_gib": 14.721165657043457}
09/15 03:47:30 - mmengine - WARNING - "FileClient" will be deprecated in future. Please use io functions in https://mmengine.readthedocs.io/en/latest/api/fileio.html#file-io
09/15 03:47:30 - mmengine - WARNING - "FileClient" will be deprecated in future. Please use io functions in https://mmengine.readthedocs.io/en/latest/api/fileio.html#file-io
09/15 03:47:30 - mmengine - WARNING - "HardDiskBackend" is the alias of "LocalBackend" and the former will be deprecated in future.
09/15 03:47:30 - mmengine - WARNING - "HardDiskBackend" is the alias of "LocalBackend" and the former will be deprecated in future.
{"epoch": 79, "successful_updates": 7820, "losses": {"task": 0.17849453166127205, "full_task": 0.19283903390169144, "self_feature": 1.0509724617004395, "feature": 1.3190523982048035, "loss_actionness": 0.12060955911874771, "loss_transition": 0.599900096654892, "loss_boundary": 0.0015812752826604992, "cost": 2.3729448914527893}, "peak_gib": 14.721165657043457}
{"epoch": 79, "successful_updates": 7840, "losses": {"task": 0.08414742164313793, "full_task": 0.07758414000272751, "self_feature": 0.86228346824646, "feature": 1.0560298562049866, "loss_actionness": 0.09318236261606216, "loss_transition": 0.652687281370163, "loss_boundary": 0.0031354946549981833, "cost": 1.994806706905365}, "peak_gib": 14.721165657043457}
{"epoch": 79, "successful_updates": 7860, "losses": {"task": 0.40875862166285515, "full_task": 0.3063564617186785, "self_feature": 0.5044383704662323, "feature": 0.6725734770298004, "loss_actionness": 0.2032880261540413, "loss_transition": 0.6653584837913513, "loss_boundary": 3.085244679823518e-05, "cost": 2.0770424604415894}, "peak_gib": 14.721165657043457}
{"epoch": 79, "successful_updates": 7880, "losses": {"task": 0.344785675406456, "full_task": 0.27730758488178253, "self_feature": 1.0274819135665894, "feature": 1.2809420228004456, "loss_actionness": 0.13427064567804337, "loss_transition": 0.6320606768131256, "loss_boundary": 0.0016046163182181772, "cost": 2.565738797187805}, "peak_gib": 14.721165657043457}
{"epoch": 79, "successful_updates": 7900, "losses": {"task": 0.3424648679792881, "full_task": 0.28739957325160503, "self_feature": 0.8519779741764069, "feature": 1.0282466411590576, "loss_actionness": 0.09706491231918335, "loss_transition": 0.6595825552940369, "loss_boundary": 0.003131273086182773, "cost": 2.28753799200058}, "peak_gib": 14.721165657043457}
09/15 03:54:09 - mmengine - WARNING - "FileClient" will be deprecated in future. Please use io functions in https://mmengine.readthedocs.io/en/latest/api/fileio.html#file-io
09/15 03:54:09 - mmengine - WARNING - "FileClient" will be deprecated in future. Please use io functions in https://mmengine.readthedocs.io/en/latest/api/fileio.html#file-io
09/15 03:54:09 - mmengine - WARNING - "HardDiskBackend" is the alias of "LocalBackend" and the former will be deprecated in future.
09/15 03:54:09 - mmengine - WARNING - "HardDiskBackend" is the alias of "LocalBackend" and the former will be deprecated in future.
{"epoch": 80, "successful_updates": 7920, "losses": {"task": 0.025792512111365795, "full_task": 0.029138514772057533, "self_feature": 0.7486239969730377, "feature": 0.9713970720767975, "loss_actionness": 0.08545660227537155, "loss_transition": 0.6514515280723572, "loss_boundary": 3.0852450436213985e-05, "cost": 1.8162755966186523}, "peak_gib": 14.721165657043457}
{"epoch": 80, "successful_updates": 7940, "losses": {"task": 0.8500832505524158, "full_task": 0.7737047728151083, "self_feature": 0.8411073982715607, "feature": 1.0100291967391968, "loss_actionness": 0.21468589454889297, "loss_transition": 0.5905542969703674, "loss_boundary": 0.0016022004820115399, "cost": 2.9444918632507324}, "peak_gib": 14.721165657043457}
{"epoch": 80, "successful_updates": 7960, "losses": {"task": 0.45881617069244385, "full_task": 0.4159189462661743, "self_feature": 0.6432707011699677, "feature": 0.8521054685115814, "loss_actionness": 0.14741135388612747, "loss_transition": 0.6727724671363831, "loss_boundary": 0.0032535342033952475, "cost": 2.3026657700538635}, "peak_gib": 14.721165657043457}
{"epoch": 80, "successful_updates": 7980, "losses": {"task": 0.7552873492240906, "full_task": 0.718166671693325, "self_feature": 0.8946045935153961, "feature": 1.2128925919532776, "loss_actionness": 0.1332402229309082, "loss_transition": 0.6637991964817047, "loss_boundary": 3.365441443747841e-05, "cost": 3.0342551469802856}, "peak_gib": 14.721165657043457}
{"epoch": 80, "successful_updates": 8000, "losses": {"task": 0.0822565034031868, "full_task": 0.07122352346777916, "self_feature": 1.005213588476181, "feature": 1.2051182985305786, "loss_actionness": 0.11497809737920761, "loss_transition": 0.6399509906768799, "loss_boundary": 0.0031217403011396527, "cost": 2.1637529134750366}, "peak_gib": 14.721165657043457}
validation subset: 211 videos, truncated as 792 windows.
09/15 04:00:51 - mmengine - WARNING - "FileClient" will be deprecated in future. Please use io functions in https://mmengine.readthedocs.io/en/latest/api/fileio.html#file-io
09/15 04:00:51 - mmengine - WARNING - "FileClient" will be deprecated in future. Please use io functions in https://mmengine.readthedocs.io/en/latest/api/fileio.html#file-io
09/15 04:00:51 - mmengine - WARNING - "HardDiskBackend" is the alias of "LocalBackend" and the former will be deprecated in future.
09/15 04:00:51 - mmengine - WARNING - "HardDiskBackend" is the alias of "LocalBackend" and the former will be deprecated in future.
thumos_b_point_uniform_seed42 80: 1/792
thumos_b_point_uniform_seed42 80: 101/792
thumos_b_point_uniform_seed42 80: 201/792
thumos_b_point_uniform_seed42 80: 301/792
thumos_b_point_uniform_seed42 80: 401/792
thumos_b_point_uniform_seed42 80: 501/792
thumos_b_point_uniform_seed42 80: 601/792
thumos_b_point_uniform_seed42 80: 701/792
{'average_mAP': 0.6776917777508837, 'mAP@0.3': 0.8281121231581794, 'mAP@0.4': 0.7878694437637385, 'mAP@0.5': 0.7085971101874314, 'mAP@0.6': 0.5984646387067039, 'mAP@0.7': 0.4654155729383656}
