train_thumos_s_point_full_seed42: submitted 1289570
train_thumos_b_point_full_seed42: submitted 1289571
train_review5485_full_v2_s_seed42: submitted 1289572
train_review5485_full_v2_b_seed42: submitted 1289573
train_thumos_s_point_uniform_seed42: submitted 1289574
train_thumos_b_point_uniform_seed42: submitted 1289575
train_review5485_p01_s_seed42: submitted 1289576
train_review5485_p01_b_seed42: submitted 1289577
eval_public_adatad_b_retest: submitted 1289578
eval_public_adatad_s_retest: submitted 1289579
train_thumos_s_point_full_seed42: submitted 1289821
train_thumos_b_point_full_seed42: submitted 1289822
train_review5485_p00_s_seed42: submitted 1289823
eval_native_adatad_b_uniform_k384_seed42_official: submitted 1289968
eval_native_adatad_s_uniform_k384_seed42_official: submitted 1289969
preflight_graph_full_b_seed42: submitted 1290082
preflight_graph_full_s_seed42: submitted 1290083
eval_native_adatad_b_uniform_k768_seed42_official: submitted 1290143
eval_native_adatad_s_uniform_k768_seed42_official: submitted 1290153
train_graph_context_s_seed42: submitted 1290163
train_graph_repair_s_seed42: submitted 1290164
train_thumos_s_point_full_seed42: submitted 1290280
train_thumos_b_point_full_seed42: submitted 1290282
train_review5485_full_v2_s_seed42: submitted 1290283
train_graph_full_b_seed42: submitted 1290284
train_graph_full_s_seed42: submitted 1290286
eval_public_adatad_s_retest: submitted 1290296
preflight_anet_b_point_full_seed42: submitted 1290297
preflight_anet_s_point_full_seed42: submitted 1290310
eval_review5485_full_v2_b_seed42_factor_00_040: submitted 1290311
eval_review5485_full_v2_b_seed42_factor_01_040: submitted 1290312
train_review5485_full_v2_b_seed42: submitted 1290315
calibrate_review5485_full_v2_s_seed42_calibration: submitted 1290316
eval_thumos_s_point_full_seed42_factor00_040: submitted 1290319
eval_thumos_s_point_full_seed42_factor01_040: submitted 1290320
