train_thumos_s_point_full_seed42: submitted 1288635
preflight_anet_b_point_full_seed42: submitted 1288636
preflight_anet_s_point_full_seed42: submitted 1288637
train_thumos_b_point_full_seed42: submitted 1288638
train_thumos_b_tadtr_full_seed42: submitted 1288639
train_thumos_s_point_full_finetune_seed42: submitted 1288640
train_thumos_s_point_mae_pretrained_seed42: submitted 1288641
train_thumos_s_tadtr_full_seed42: submitted 1288642
eval_R04_feature_only_s_15: submitted 1288644
{
  "output": "/data/run01/sczc063/yuzibo/h65_clean_adatad_20260910/paper_20260913/research/paper/resources.local.json",
  "verified": {
    "anet:s": {
      "checkpoint": "/data/run01/sczc063/yuzibo/h65_clean_adatad_20260910/paper_20260913/research/paper/assets/adatad_anet_s.pth",
      "bytes": 121536592,
      "channels": 384,
      "layers": 12,
      "tensor_keys": 499,
      "source_epoch": 14,
      "weights_loaded": true
    },
    "anet:b": {
      "checkpoint": "/data/run01/sczc063/yuzibo/h65_clean_adatad_20260910/paper_20260913/research/paper/assets/adatad_anet_b.pth",
      "bytes": 394503824,
      "channels": 768,
      "layers": 12,
      "tensor_keys": 499,
      "source_epoch": 13,
      "weights_loaded": true
    },
    "internvideo_mq": {
      "checkpoint": "/data/run01/sczc063/yuzibo/h65_clean_adatad_20260910/paper_20260913/research/paper/assets/internvideo1_mq.pth",
      "bytes": 1223627459,
      "channels": 1024,
      "layers": 24,
      "tensor_keys": 319,
      "source_epoch": null,
      "weights_loaded": true
    }
  },
  "pending": {},
  "datasets": {
    "thumos": {
      "train": 200,
      "test": 211
    },
    "anet": {
      "train": 10024,
      "test": 4728
    }
  }
}
train_thumos_internvideo_mq_point_full_seed42: submitted 1288719
eval_R04_feature_only_s_20: submitted 1288728
