train_thumos_s_point_full_seed42: submitted 1288730
preflight_anet_b_point_full_seed42: submitted 1288731
preflight_anet_s_point_full_seed42: submitted 1288732
train_thumos_b_point_full_seed42: submitted 1288733
train_thumos_b_tadtr_full_seed42: submitted 1288734
train_thumos_s_point_full_finetune_seed42: submitted 1288735
train_thumos_s_point_mae_pretrained_seed42: submitted 1288736
train_thumos_s_tadtr_full_seed42: submitted 1288737
eval_R04_feature_only_s_online: submitted 1288763
eval_D02_amod50_s_10: submitted 1288779
eval_D02_amod50_s_15: submitted 1288782
eval_D02_amod50_s_20: submitted 1288784
eval_D02_amod50_s_online: submitted 1288785
eval_D02_amod50_b_10: submitted 1288786
eval_D02_amod50_b_15: submitted 1288787
eval_D02_amod50_b_20: submitted 1288788
eval_D02_amod50_b_online: submitted 1288789
eval_D02_amod125_s_10: submitted 1288790
eval_D02_amod125_s_15: submitted 1288791
eval_D02_amod125_s_20: submitted 1288792
eval_D02_amod125_s_online: submitted 1288793
eval_S02_token48_s_10: submitted 1288794
eval_S02_token48_s_15: submitted 1288796
eval_S02_token48_s_20: submitted 1288797
eval_S02_token48_s_online: submitted 1288798
eval_S02_token48_b_10: submitted 1288800
eval_S02_token48_b_15: submitted 1288801
eval_S02_token48_b_20: submitted 1288802
eval_S02_token48_b_online: submitted 1288803
eval_J01_joint_s_10: submitted 1288804
eval_J01_joint_s_15: submitted 1288805
eval_J01_joint_s_20: submitted 1288806
eval_J01_joint_s_online: submitted 1288807
eval_J01_joint_b_10: submitted 1288808
eval_J01_joint_b_15: submitted 1288809
eval_J01_joint_b_20: submitted 1288810
eval_J01_joint_b_online: submitted 1288811
J01_factor_s_K384_D100_S100_20: submitted 1288813
J01_factor_s_K384_D100_S48_20: submitted 1288815
J01_factor_s_K384_D50_S100_20: submitted 1288816
J01_factor_s_K768_D100_S100_20: submitted 1288818
J01_factor_s_K768_D100_S48_20: submitted 1288820
J01_factor_s_K768_D50_S100_20: submitted 1288821
J01_factor_s_K768_D50_S48_20: submitted 1288824
M01_interleaved_s_20: submitted 1288825
J01_factor_b_K384_D100_S100_20: submitted 1288826
J01_factor_b_K384_D100_S48_20: submitted 1288827
J01_factor_b_K384_D50_S100_20: submitted 1288828
J01_factor_b_K768_D100_S100_20: submitted 1288829
J01_factor_b_K768_D100_S48_20: submitted 1288830
J01_factor_b_K768_D50_S100_20: submitted 1288831
J01_factor_b_K768_D50_S48_20: submitted 1288832
M01_interleaved_b_20: submitted 1288833
