Loading full allocation_s_T
AP and video bootstrap complete: allocation_s_T/attention:10
AP and video bootstrap complete: allocation_s_T/attention:12
AP and video bootstrap complete: allocation_s_T/attention:16
AP and video bootstrap complete: allocation_s_T/attention:4
Loading full allocation_s_T
AP and video bootstrap complete: allocation_s_T/attention:6
AP and video bootstrap complete: allocation_s_T/attention:8
AP and video bootstrap complete: allocation_s_T/marginal_cf:10
AP and video bootstrap complete: allocation_s_T/marginal_cf:12
AP and video bootstrap complete: allocation_s_T/marginal_cf:16
AP and video bootstrap complete: allocation_s_T/marginal_cf:4
AP and video bootstrap complete: allocation_s_T/marginal_cf:6
AP and video bootstrap complete: allocation_s_T/marginal_cf:8
AP and video bootstrap complete: allocation_s_T/random:10
AP and video bootstrap complete: allocation_s_T/random:12
AP and video bootstrap complete: allocation_s_T/random:16
AP and video bootstrap complete: allocation_s_T/random:4
AP and video bootstrap complete: allocation_s_T/random:6
AP and video bootstrap complete: allocation_s_T/random:8
AP and video bootstrap complete: allocation_s_T/static:10
AP and video bootstrap complete: allocation_s_T/static:12
AP and video bootstrap complete: allocation_s_T/static:16
AP and video bootstrap complete: allocation_s_T/static:4
AP and video bootstrap complete: allocation_s_T/static:6
AP and video bootstrap complete: allocation_s_T/static:8
AP and video bootstrap complete: allocation_s_T/uniform:10
AP and video bootstrap complete: allocation_s_T/uniform:12
AP and video bootstrap complete: allocation_s_T/uniform:16
AP and video bootstrap complete: allocation_s_T/uniform:4
AP and video bootstrap complete: allocation_s_T/uniform:6
AP and video bootstrap complete: allocation_s_T/uniform:8
Loading full allocation_b_T
AP and video bootstrap complete: allocation_b_T/attention:10
AP and video bootstrap complete: allocation_b_T/attention:12
AP and video bootstrap complete: allocation_b_T/attention:16
AP and video bootstrap complete: allocation_b_T/attention:4
AP and video bootstrap complete: allocation_b_T/attention:6
AP and video bootstrap complete: allocation_b_T/attention:8
AP and video bootstrap complete: allocation_b_T/marginal_cf:10
AP and video bootstrap complete: allocation_b_T/marginal_cf:12
AP and video bootstrap complete: allocation_b_T/marginal_cf:16
AP and video bootstrap complete: allocation_b_T/marginal_cf:4
AP and video bootstrap complete: allocation_b_T/marginal_cf:6
AP and video bootstrap complete: allocation_b_T/marginal_cf:8
AP and video bootstrap complete: allocation_b_T/random:10
AP and video bootstrap complete: allocation_b_T/random:12
AP and video bootstrap complete: allocation_b_T/random:16
AP and video bootstrap complete: allocation_b_T/random:4
AP and video bootstrap complete: allocation_b_T/random:6
AP and video bootstrap complete: allocation_b_T/random:8
AP and video bootstrap complete: allocation_b_T/static:10
AP and video bootstrap complete: allocation_b_T/static:12
AP and video bootstrap complete: allocation_b_T/static:16
AP and video bootstrap complete: allocation_b_T/static:4
AP and video bootstrap complete: allocation_b_T/static:6
AP and video bootstrap complete: allocation_b_T/static:8
AP and video bootstrap complete: allocation_b_T/uniform:10
AP and video bootstrap complete: allocation_b_T/uniform:12
AP and video bootstrap complete: allocation_b_T/uniform:16
AP and video bootstrap complete: allocation_b_T/uniform:4
AP and video bootstrap complete: allocation_b_T/uniform:6
AP and video bootstrap complete: allocation_b_T/uniform:8
Full S/B temporal AP and paired video-cluster intervals ready.
